******************************************************************************
                  TI ARM Linker Unix v20.2.2                   
******************************************************************************
>> Linked Tue Mar  9 00:11:00 2021

OUTPUT FILE NAME:   <vl6180x_MSP_EXP432P401R_nortos_ccs.out>
ENTRY POINT SYMBOL: "resetISR"  address: 000046b5


MEMORY CONFIGURATION

         name            origin    length      used     unused   attr    fill
----------------------  --------  ---------  --------  --------  ----  --------
  MAIN                  00000000   00040000  00004d68  0003b298  R  X
  INFO                  00200000   00004000  00000000  00004000  R  X
  SRAM_CODE             01000000   00010000  00009b03  000064fd  RW X
  SRAM_DATA             20000000   00010000  00009b03  000064fd  RW  


SEGMENT ALLOCATION MAP

run origin  load origin   length   init length attrs members
----------  ----------- ---------- ----------- ----- -------
00000000    00000000    00004d70   00004d70    r-x
  00000000    00000000    00000144   00000144    r-- .intvecs
  00000144    00000144    000048d2   000048d2    r-x .text
  00004a18    00004a18    00000282   00000282    r-- .const
  00004ca0    00004ca0    000000d0   000000d0    r-- .cinit
20000000    20000000    00008a1b   00000000    rw-
  20000000    20000000    00008000   00000000    rw- .sysmem
  20008000    20008000    000006fc   00000000    rw- .bss
  200086fc    200086fc    0000031f   00000000    rw- .data
20008c00    20008c00    000000e8   00000000    rw-
  20008c00    20008c00    000000e8   00000000    rw- .vtable
2000f000    2000f000    00001000   00000000    rw-
  2000f000    2000f000    00001000   00000000    rw- .stack


SECTION ALLOCATION MAP

 output                                  attributes/
section   page    origin      length       input sections
--------  ----  ----------  ----------   ----------------
.text      0    00000144    000048d2     
                  00000144    000002d8     nortos_msp432p401x.aem4f : SystemP_nortos.oem4f (.text:doPrint)
                  0000041c    000002d0     drivers_msp432p401x.aem4f : UARTMSP432.oem4f (.text:UARTMSP432_open)
                  000006ec    00000288                               : PowerMSP432.oem4f (.text:initPerfControl)
                  00000974    00000238     vl6180x.obj (.text:mainThread)
                  00000bac    000001f8     drivers_msp432p401x.aem4f : I2CMSP432.oem4f (.text:I2CMSP432_open)
                  00000da4    000001b6     rtsv7M4_T_le_v4SPD16_eabi.lib : fd_add_t2.asm.obj (.text)
                  00000f5a    00000184     drivers_msp432p401x.aem4f : I2CMSP432.oem4f (.text:I2CMSP432_hwiIntFxn)
                  000010de    00000002     ti_drivers_config.obj (.text:Board_initHook)
                  000010e0    00000170     drivers_msp432p401x.aem4f : GPIOMSP432.oem4f (.text:GPIO_setConfig)
                  00001250    0000016c     vl6180x.obj (.text:VL6180X_init)
                  000013bc    0000011c     msp432p4xx_driverlib.lib : uart.o (.text:UART_initModule)
                  000014d8    0000011c     drivers_msp432p401x.aem4f : I2CMSP432.oem4f (.text:primeTransfer)
                  000015f4    00000100     rtsv7M4_T_le_v4SPD16_eabi.lib : memory.c.obj (.text:aligned_alloc)
                  000016f4    000000fc                                   : fd_mul_t2.asm.obj (.text)
                  000017f0    000000f0     drivers_msp432p401x.aem4f : I2CMSP432.oem4f (.text:I2CMSP432_transfer)
                  000018e0    000000e4     msp432p4xx_driverlib.lib : cs.o (.text:CS_startHFXTWithTimeout)
                  000019c4    000000e4     rtsv7M4_T_le_v4SPD16_eabi.lib : memory.c.obj (.text:free)
                  00001aa8    000000e0     msp432p4xx_driverlib.lib : cs.o (.text:CS_startLFXTWithTimeout)
                  00001b88    000000e0     nortos_msp432p401x.aem4f : TimerPMSP432_nortos.oem4f (.text:TimerP_construct)
                  00001c68    000000dc     drivers_msp432p401x.aem4f : UARTMSP432.oem4f (.text:UARTMSP432_readPolling)
                  00001d44    000000dc     msp432p4xx_driverlib.lib : cs.o (.text:_CSGetHFXTFrequency)
                  00001e20    000000d8     nortos_msp432p401x.aem4f : SwiP_nortos.oem4f (.text:SwiP_construct)
                  00001ef8    000000ca     drivers_msp432p401x.aem4f : UARTMSP432.oem4f (.text:UARTMSP432_hwiIntFxn)
                  00001fc2    00000002     display.aem4f : DisplayUart.oem4f (.text:DisplayUartMin_clear)
                  00001fc4    000000b8     drivers_msp432p401x.aem4f : UARTMSP432.oem4f (.text:initHw)
                  0000207c    000000b8                               : UARTMSP432.oem4f (.text:readTaskCallback)
                  00002134    000000b4     nortos_msp432p401x.aem4f : ClockPTimer_nortos.oem4f (.text:ClockP_startup)
                  000021e8    000000b4     drivers_msp432p401x.aem4f : UARTMSP432.oem4f (.text:UARTMSP432_control)
                  0000229c    000000b4                               : UARTMSP432.oem4f (.text:UARTMSP432_writePolling)
                  00002350    000000b2                               : WatchdogMSP432.oem4f (.text:WatchdogMSP432_open)
                  00002402    00000002     display.aem4f : DisplayUart.oem4f (.text:DisplayUartMin_clearLines)
                  00002404    000000ac     nortos_msp432p401x.aem4f : ClockPTimer_nortos.oem4f (.text:ClockP_workFuncDynamic)
                  000024b0    000000ac     drivers_msp432p401x.aem4f : GPIOMSP432.oem4f (.text:GPIO_init)
                  0000255c    000000ac                               : I2CMSP432.oem4f (.text:I2CMSP432_cancel)
                  00002608    000000a8                               : UARTMSP432.oem4f (.text:UARTMSP432_write)
                  000026b0    000000a8                               : UARTMSP432.oem4f (.text:readTaskBlocking)
                  00002758    000000a0     nortos_msp432p401x.aem4f : SemaphoreP_nortos.oem4f (.text:SemaphoreP_pend)
                  000027f8    000000a0     drivers_msp432p401x.aem4f : UARTMSP432.oem4f (.text:readIsrTextCallback)
                  00002898    0000009c                               : PowerMSP432.oem4f (.text:Power_init)
                  00002934    0000009c     nortos_msp432p401x.aem4f : SwiP_nortos.oem4f (.text:SwiP_dispatch)
                  000029d0    0000009c     rtsv7M4_T_le_v4SPD16_eabi.lib : memcpy_t2.asm.obj (.text)
                  00002a6c    00000096                                   : ull_div_t2.asm.obj (.text)
                  00002b02    00000092     drivers_msp432p401x.aem4f : UARTMSP432.oem4f (.text:UARTMSP432_close)
                  00002b94    00000092                               : UARTMSP432.oem4f (.text:writeData)
                  00002c26    0000008c                               : UARTMSP432.oem4f (.text:readIsrTextBlocking)
                  00002cb2    00000002     display.aem4f : DisplayUart.oem4f (.text:DisplayUartMin_init)
                  00002cb4    00000088     vl6180x.obj (.text:readReg16Bit)
                  00002d3c    00000086     rtsv7M4_T_le_v4SPD16_eabi.lib : fd_cmp_t2.asm.obj (.text:__aeabi_cdcmple)
                  00002dc2    00000002     drivers_msp432p401x.aem4f : I2CMSP432.oem4f (.text:I2CMSP432_init)
                  00002dc4    00000084     vl6180x.obj (.text:writeReg16Bit)
                  00002e48    00000080     nortos_msp432p401x.aem4f : ClockPTimer_nortos.oem4f (.text:ClockP_start)
                  00002ec8    00000080     msp432p4xx_driverlib.lib : interrupt.o (.text:Interrupt_disableInterrupt)
                  00002f48    00000080                              : interrupt.o (.text:Interrupt_enableInterrupt)
                  00002fc8    0000007a     rtsv7M4_T_le_v4SPD16_eabi.lib : memset_t2.asm.obj (.text)
                  00003042    00000002     msp432p4xx_driverlib.lib : interrupt.o (.text:IntDefaultHandler)
                  00003044    00000078     nortos_msp432p401x.aem4f : ClockPTimer_nortos.oem4f (.text:ClockP_walkQueueDynamic)
                  000030bc    00000076     drivers_msp432p401x.aem4f : I2CMSP432.oem4f (.text:I2CMSP432_close)
                  00003132    00000002     nortos_msp432p401x.aem4f : PowerMSP432_nortos.oem4f (.text:PowerMSP432_updateFreqs)
                  00003134    00000074     vl6180x.obj (.text:readReg)
                  000031a8    00000074     vl6180x.obj (.text:writeReg)
                  0000321c    00000070     nortos_msp432p401x.aem4f : HwiPMSP432_nortos.oem4f (.text:HwiP_construct)
                  0000328c    00000070     drivers_msp432p401x.aem4f : UARTMSP432.oem4f (.text:UARTMSP432_writeCancel)
                  000032fc    00000070     rtsv7M4_T_le_v4SPD16_eabi.lib : memory.c.obj (.text:split)
                  0000336c    0000006e     vl6180x.obj (.text:VL6180X_configureDefault)
                  000033da    00000002     drivers_msp432p401x.aem4f : UARTMSP432.oem4f (.text:UARTMSP432_init)
                  000033dc    0000006d     nortos_msp432p401x.aem4f : SystemP_nortos.oem4f (.text:formatNum)
                  00003449    00000001     --HOLE-- [fill = 0]
                  0000344a    00000002     rtsv7M4_T_le_v4SPD16_eabi.lib : _lock.c.obj (.text:_nop)
                  0000344c    0000006c     msp432p4xx_driverlib.lib : i2c.o (.text:I2C_masterSendMultiByteFinish)
                  000034b8    0000006c     nortos_msp432p401x.aem4f : TimerPMSP432_nortos.oem4f (.text:TimerP_getCurrentTick)
                  00003524    00000068     drivers_msp432p401x.aem4f : GPIOMSP432.oem4f (.text:GPIO_hwiIntFxn)
                  0000358c    00000068     msp432p4xx_driverlib.lib : interrupt.o (.text:Interrupt_pendInterrupt)
                  000035f4    00000068     drivers_msp432p401x.aem4f : PowerMSP432.oem4f (.text:PowerMSP432_getFreqs)
                  0000365c    00000068     nortos_msp432p401x.aem4f : SwiP_nortos.oem4f (.text:SwiP_post)
                  000036c4    00000068     rtsv7M4_T_le_v4SPD16_eabi.lib : copy_decompress_lzss.c.obj (.text:decompress:lzss:__TI_decompress_lzss)
                  0000372c    00000068     drivers_msp432p401x.aem4f : I2CMSP432.oem4f (.text:initHw)
                  00003794    00000060                               : GPIOMSP432.oem4f (.text:GPIO_setCallback)
                  000037f4    0000005c     display.aem4f : Display.oem4f (.text:Display_doOpen)
                  00003850    0000005c     msp432p4xx_driverlib.lib : interrupt.o (.text:Interrupt_registerInterrupt)
                  000038ac    00000058     drivers_msp432p401x.aem4f : GPIOMSP432.oem4f (.text:GPIO_write)
                  00003904    00000058     nortos_msp432p401x.aem4f : TimerPMSP432_nortos.oem4f (.text:TimerP_dynamicStub)
                  0000395c    00000058     drivers_msp432p401x.aem4f : UARTMSP432.oem4f (.text:readIsrBinaryBlocking)
                  000039b4    00000056                               : I2CMSP432.oem4f (.text:completeTransfer)
                  00003a0a    00000002     nortos_msp432p401x.aem4f : startup_msp432_ccs.oem4f (.text:busFaultISR)
                  00003a0c    00000054     msp432p4xx_driverlib.lib : interrupt.o (.text:Interrupt_setPriority)
                  00003a60    00000050     nortos_msp432p401x.aem4f : SemaphoreP_nortos.oem4f (.text:SemaphoreP_construct)
                  00003ab0    0000004c     drivers_msp432p401x.aem4f : UARTMSP432.oem4f (.text:readIsrBinaryCallback)
                  00003afc    0000004a     display.aem4f : DisplayUart.oem4f (.text:DisplayUartMin_open)
                  00003b46    00000002     nortos_msp432p401x.aem4f : SemaphoreP_nortos.oem4f (.text:clkFxn)
                  00003b48    00000048                              : ClockPTimer_nortos.oem4f (.text:ClockP_construct)
                  00003b90    00000048     drivers_msp432p401x.aem4f : PowerMSP432.oem4f (.text:Power_releaseConstraint)
                  00003bd8    00000048     rtsv7M4_T_le_v4SPD16_eabi.lib : fd_toi_t2.asm.obj (.text)
                  00003c20    00000046     display.aem4f : DisplayUart.oem4f (.text:DisplayUartMin_vprintf)
                  00003c66    00000046     drivers_msp432p401x.aem4f : RingBuf.oem4f (.text:RingBuf_put)
                  00003cac    00000044                               : I2C.oem4f (.text:I2C_init)
                  00003cf0    00000044     nortos_msp432p401x.aem4f : SemaphoreP_nortos.oem4f (.text:SemaphoreP_post)
                  00003d34    00000044                              : TimerPMSP432_nortos.oem4f (.text:TimerP_start)
                  00003d78    00000044     drivers_msp432p401x.aem4f : UART.oem4f (.text:UART_init)
                  00003dbc    00000044                               : Watchdog.oem4f (.text:Watchdog_init)
                  00003e00    00000044     rtsv7M4_T_le_v4SPD16_eabi.lib : autoinit.c.obj (.text:__TI_auto_init_nobinit_nopinit:__TI_auto_init_nobinit_nopinit)
                  00003e44    00000044     drivers_msp432p401x.aem4f : I2CMSP432.oem4f (.text:perfChangeNotifyFxn)
                  00003e88    00000044     rtsv7M4_T_le_v4SPD16_eabi.lib : fd_tou_t2.asm.obj (.text)
                  00003ecc    00000042     vl6180x.obj (.text:VL6180X_readRange)
                  00003f0e    00000002     nortos_msp432p401x.aem4f : startup_msp432_ccs.oem4f (.text:defaultISR)
                  00003f10    00000040     drivers_msp432p401x.aem4f : I2C.oem4f (.text:I2C_open)
                  00003f50    00000040                               : RingBuf.oem4f (.text:RingBuf_get)
                  00003f90    00000040     nortos_msp432p401x.aem4f : TimerPMSP432_nortos.oem4f (.text:TimerP_setNextTick)
                  00003fd0    00000040     drivers_msp432p401x.aem4f : UARTMSP432.oem4f (.text:UARTMSP432_read)
                  00004010    00000040                               : UART.oem4f (.text:UART_open)
                  00004050    00000040                               : Watchdog.oem4f (.text:Watchdog_open)
                  00004090    00000040                               : UARTMSP432.oem4f (.text:perfChangeNotifyFxn)
                  000040d0    00000040     rtsv7M4_T_le_v4SPD16_eabi.lib : u_divt2.asm.obj (.text)
                  00004110    0000003c     nortos_msp432p401x.aem4f : TimerPMSP432_nortos.oem4f (.text:TimerP_initDevice)
                  0000414c    00000038     drivers_msp432p401x.aem4f : GPIOMSP432.oem4f (.text:GPIO_toggle)
                  00004184    00000038                               : PowerMSP432.oem4f (.text:Power_setConstraint)
                  000041bc    00000038                               : WatchdogMSP432.oem4f (.text:WatchdogMSP432_close)
                  000041f4    00000036                               : UARTMSP432.oem4f (.text:UARTMSP432_readCancel)
                  0000422a    00000002     nortos_msp432p401x.aem4f : startup_msp432_ccs.oem4f (.text:faultISR)
                  0000422c    00000034     rtsv7M4_T_le_v4SPD16_eabi.lib : boot_cortex_m.c.obj (.text:_c_int00_noargs:_c_int00_noargs)
                  00004260    00000030     drivers_msp432p401x.aem4f : I2CMSP432.oem4f (.text:mapPin)
                  00004290    00000030                               : UARTMSP432.oem4f (.text:mapPin)
                  000042c0    0000002e     rtsv7M4_T_le_v4SPD16_eabi.lib : i_tofd_t2.asm.obj (.text)
                  000042ee    0000002a     display.aem4f : Display.oem4f (.text:Display_doPrintf)
                  00004318    0000002a     nortos_msp432p401x.aem4f : HwiPMSP432_nortos.oem4f (.text:HwiP_create)
                  00004342    00000002                              : startup_msp432_ccs.oem4f (.text:nmiISR)
                  00004344    00000028     display.aem4f : Display.oem4f (.text:Display_doInit)
                  0000436c    00000028     drivers_msp432p401x.aem4f : PowerMSP432.oem4f (.text:Power_registerNotify)
                  00004394    00000028                               : PowerMSP432.oem4f (.text:disableFaultCounter)
                  000043bc    00000028                               : UARTMSP432.oem4f (.text:findBaudDividerIndex)
                  000043e4    00000028     rtsv7M4_T_le_v4SPD16_eabi.lib : memory.c.obj (.text:free_list_insert)
                  0000440c    00000026     drivers_msp432p401x.aem4f : List.oem4f (.text:List_put)
                  00004432    00000026                               : List.oem4f (.text:List_remove)
                  00004458    00000024     nortos_msp432p401x.aem4f : ClockPTimer_nortos.oem4f (.text:ClockP_getTicks)
                  0000447c    00000024                              : ClockPTimer_nortos.oem4f (.text:ClockP_scheduleNextTick)
                  000044a0    00000024                              : HwiPMSP432_nortos.oem4f (.text:HwiP_dispatch)
                  000044c4    00000020     msp432p4xx_driverlib.lib : cs.o (.text:CS_setExternalClockSourceFrequency)
                  000044e4    00000020     nortos_msp432p401x.aem4f : ClockPTimer_nortos.oem4f (.text:ClockP_add)
                  00004504    00000020     drivers_msp432p401x.aem4f : PowerMSP432.oem4f (.text:Power_unregisterNotify)
                  00004524    00000020     nortos_msp432p401x.aem4f : QueueP_nortos.oem4f (.text:QueueP_put)
                  00004544    00000020     drivers_msp432p401x.aem4f : RingBuf.oem4f (.text:RingBuf_peek)
                  00004564    0000001e     vl6180x.obj (.text:VL6180X_startRange)
                  00004582    00000002     rtsv7M4_T_le_v4SPD16_eabi.lib : div0.asm.obj (.text)
                  00004584    0000001c     msp432p4xx_driverlib.lib : interrupt.o (.text:Interrupt_unregisterInterrupt)
                  000045a0    0000001c     rtsv7M4_T_le_v4SPD16_eabi.lib : memory.c.obj (.text:free_list_remove)
                  000045bc    0000001a     nortos_msp432p401x.aem4f : ClockPTimer_nortos.oem4f (.text:ClockP_create)
                  000045d6    0000001a                              : QueueP_nortos.oem4f (.text:QueueP_get)
                  000045f0    0000001a                              : SemaphoreP_nortos.oem4f (.text:SemaphoreP_createBinary)
                  0000460a    00000018                              : ClockPTimer_nortos.oem4f (.text:ClockP_destruct)
                  00004622    00000018                              : HwiPMSP432_nortos.oem4f (.text:HwiP_delete)
                  0000463a    00000002     --HOLE-- [fill = 0]
                  0000463c    00000018                              : HwiPMSP432_nortos.oem4f (.text:HwiP_inISR)
                  00004654    00000018     drivers_msp432p401x.aem4f : I2C.oem4f (.text:I2C_transfer)
                  0000466c    00000018     msp432p4xx_driverlib.lib : sysctl_a.o (.text:SysCtl_A_disableNMISource)
                  00004684    00000018                              : sysctl_a.o (.text:SysCtl_A_enableNMISource)
                  0000469c    00000018     drivers_msp432p401x.aem4f : UART.oem4f (.text:UART_Params_init)
                  000046b4    00000018     nortos_msp432p401x.aem4f : startup_msp432_ccs.oem4f (.text:resetISR)
                  000046cc    00000016     display.aem4f : DisplayUart.oem4f (.text:DisplayUartMin_close)
                  000046e2    00000016     nortos_msp432p401x.aem4f : SemaphoreP_nortos.oem4f (.text:SemaphoreP_create)
                  000046f8    00000016                              : SwiP_nortos.oem4f (.text:maxbit)
                  0000470e    00000016                              : SystemP_nortos.oem4f (.text:putChar)
                  00004724    00000014     drivers_msp432p401x.aem4f : PowerMSP432.oem4f (.text:Power_idleFunc)
                  00004738    00000014     nortos_msp432p401x.aem4f : SwiP_nortos.oem4f (.text:SwiP_handleHwi)
                  0000474c    00000014                              : TimerPMSP432_nortos.oem4f (.text:TimerP_getCount)
                  00004760    00000014     drivers_msp432p401x.aem4f : UARTMSP432.oem4f (.text:clearTXCPTIFG)
                  00004774    00000014     rtsv7M4_T_le_v4SPD16_eabi.lib : strlen.c.obj (.text:strlen)
                  00004788    00000012     nortos_msp432p401x.aem4f : HwiPMSP432_nortos.oem4f (.text:HwiP_Params_init)
                  0000479a    00000012     drivers_msp432p401x.aem4f : RingBuf.oem4f (.text:RingBuf_construct)
                  000047ac    00000012     vl6180x.obj (.text:VL6180X_readRangeStatus)
                  000047be    00000012     main_nortos.obj (.text:main)
                  000047d0    00000010     nortos_msp432p401x.aem4f : ClockPTimer_nortos.oem4f (.text:ClockP_Params_init)
                  000047e0    00000010                              : ClockPTimer_nortos.oem4f (.text:ClockP_delete)
                  000047f0    00000010                              : HwiPMSP432_nortos.oem4f (.text:HwiP_disable)
                  00004800    00000010     drivers_msp432p401x.aem4f : I2C.oem4f (.text:I2C_Params_init)
                  00004810    00000010     msp432p4xx_driverlib.lib : interrupt.o (.text:Interrupt_disableMaster)
                  00004820    00000010                              : interrupt.o (.text:Interrupt_enableMaster)
                  00004830    00000010     drivers_msp432p401x.aem4f : PowerMSP432.oem4f (.text:PowerMSP432_getNumPerfLevels)
                  00004840    00000010                               : PowerMSP432.oem4f (.text:Power_disablePolicy)
                  00004850    00000010                               : PowerMSP432.oem4f (.text:Power_enablePolicy)
                  00004860    00000010     nortos_msp432p401x.aem4f : SemaphoreP_nortos.oem4f (.text:SemaphoreP_Params_init)
                  00004870    00000010                              : SwiP_nortos.oem4f (.text:SwiP_Params_init)
                  00004880    00000010     msp432p4xx_driverlib.lib : sysctl_a.o (.text:SysCtl_A_getNMISourceStatus)
                  00004890    00000010     nortos_msp432p401x.aem4f : TimerPMSP432_nortos.oem4f (.text:TimerP_Params_init)
                  000048a0    00000010     drivers_msp432p401x.aem4f : WatchdogMSP432.oem4f (.text:WatchdogMSP432_clear)
                  000048b0    00000010                               : Watchdog.oem4f (.text:Watchdog_Params_init)
                  000048c0    00000010                               : UARTMSP432.oem4f (.text:readBlockingTimeout)
                  000048d0    0000000e     nortos_msp432p401x.aem4f : QueueP_nortos.oem4f (.text:QueueP_empty)
                  000048de    0000000e                              : QueueP_nortos.oem4f (.text:QueueP_remove)
                  000048ec    0000000e     rtsv7M4_T_le_v4SPD16_eabi.lib : copy_decompress_none.c.obj (.text:decompress:none:__TI_decompress_none)
                  000048fa    0000000c     ti_drivers_config.obj (.text:Board_init)
                  00004906    0000000c     msp432p4xx_driverlib.lib : cpu.o (.text:CPU_cpsid)
                  00004912    0000000c                              : cpu.o (.text:CPU_cpsie)
                  0000491e    00000002     --HOLE-- [fill = 0]
                  00004920    0000000c     nortos_msp432p401x.aem4f : ClockPTimer_nortos.oem4f (.text:ClockP_doTick)
                  0000492c    0000000c     drivers_msp432p401x.aem4f : PowerMSP432.oem4f (.text:Power_getPerformanceLevel)
                  00004938    0000000c     nortos_msp432p401x.aem4f : TimerPMSP432_nortos.oem4f (.text:TimerP_getFreq)
                  00004944    0000000c                              : TimerPMSP432_nortos.oem4f (.text:TimerP_getMaxTicks)
                  00004950    0000000c     rtsv7M4_T_le_v4SPD16_eabi.lib : copy_zero_init.c.obj (.text:decompress:ZI:__TI_zero_init)
                  0000495c    0000000a     drivers_msp432p401x.aem4f : UART.oem4f (.text:UART_close)
                  00004966    0000000a                               : UART.oem4f (.text:UART_control)
                  00004970    0000000a                               : UART.oem4f (.text:UART_write)
                  0000497a    0000000a                               : Watchdog.oem4f (.text:Watchdog_clear)
                  00004984    00000008     nortos_msp432p401x.aem4f : HwiPMSP432_nortos.oem4f (.text:HwiP_restore)
                  0000498c    00000008     drivers_msp432p401x.aem4f : WatchdogMSP432.oem4f (.text:WatchdogMSP432_init)
                  00004994    00000008                               : I2CMSP432.oem4f (.text:blockingTransferCallback)
                  0000499c    00000008     rtsv7M4_T_le_v4SPD16_eabi.lib : memory.c.obj (.text:malloc)
                  000049a4    00000008     drivers_msp432p401x.aem4f : UARTMSP432.oem4f (.text:readSemCallback)
                  000049ac    00000008                               : UARTMSP432.oem4f (.text:txcptEnabledStatus)
                  000049b4    00000008                               : UARTMSP432.oem4f (.text:writeSemCallback)
                  000049bc    00000006     nortos_msp432p401x.aem4f : ClockPTimer_nortos.oem4f (.text:ClockP_stop)
                  000049c2    00000006     display.aem4f : DisplayUart.oem4f (.text:DisplayUartMin_control)
                  000049c8    00000006                   : DisplayUart.oem4f (.text:DisplayUartMin_getType)
                  000049ce    00000006     drivers_msp432p401x.aem4f : I2CMSP432.oem4f (.text:I2CMSP432_control)
                  000049d4    00000006     nortos_msp432p401x.aem4f : QueueP_nortos.oem4f (.text:QueueP_init)
                  000049da    00000006     drivers_msp432p401x.aem4f : WatchdogMSP432.oem4f (.text:WatchdogMSP432_control)
                  000049e0    00000006                               : WatchdogMSP432.oem4f (.text:WatchdogMSP432_setReload)
                  000049e6    00000004     nortos_msp432p401x.aem4f : ClockPTimer_nortos.oem4f (.text:ClockP_isActive)
                  000049ea    00000004                              : ClockPTimer_nortos.oem4f (.text:ClockP_setTimeout)
                  000049ee    00000004                              : HwiPMSP432_nortos.oem4f (.text:HwiP_enable)
                  000049f2    00000004                              : HwiPMSP432_nortos.oem4f (.text:HwiP_post)
                  000049f6    00000004                              : QueueP_nortos.oem4f (.text:QueueP_head)
                  000049fa    00000004                              : QueueP_nortos.oem4f (.text:QueueP_next)
                  000049fe    00000004                              : SemaphoreP_nortos.oem4f (.text:SemaphoreP_delete)
                  00004a02    00000004                              : SystemP_nortos.oem4f (.text:SystemP_vsnprintf)
                  00004a06    00000004                              : TimerPMSP432_nortos.oem4f (.text:TimerP_setPeriod)
                  00004a0a    00000004     drivers_msp432p401x.aem4f : WatchdogMSP432.oem4f (.text:WatchdogMSP432_convertMsToTicks)
                  00004a0e    00000004     rtsv7M4_T_le_v4SPD16_eabi.lib : pre_init.c.obj (.text:_system_pre_init)
                  00004a12    00000004                                   : exit.c.obj (.text:abort:abort)

.const     0    00004a18    00000282     
                  00004a18    00000050     msp432p4xx_driverlib.lib : interrupt.o (.const:g_pulRegs)
                  00004a68    00000038     ti_drivers_config.obj (.const:PowerMSP432_config)
                  00004aa0    0000002c     ti_drivers_config.obj (.const:uartMSP432HWAttrs)
                  00004acc    00000028     drivers_msp432p401x.aem4f : UARTMSP432.oem4f (.const:UARTMSP432_fxnTable)
                  00004af4    00000028     ti_drivers_config.obj (.const:i2cMSP432HWAttrs)
                  00004b1c    00000024     drivers_msp432p401x.aem4f : UART.oem4f (.const:UART_defaultParams)
                  00004b40    00000020     display.aem4f : DisplayUart.oem4f (.const:DisplayUartMin_fxnTable)
                  00004b60    00000020     drivers_msp432p401x.aem4f : UARTMSP432.oem4f (.const:staticFxnTable)
                  00004b80    0000001c                               : WatchdogMSP432.oem4f (.const:WatchdogMSP432_fxnTable)
                  00004b9c    00000018                               : I2CMSP432.oem4f (.const:I2CMSP432_fxnTable)
                  00004bb4    00000018     ti_drivers_config.obj (.const:I2C_config)
                  00004bcc    00000014     ti_drivers_config.obj (.const:GPIOMSP432_config)
                  00004be0    00000014     ti_drivers_config.obj (.const:displayUartHWAttrs)
                  00004bf4    00000010     drivers_msp432p401x.aem4f : I2C.oem4f (.const:I2C_defaultParams)
                  00004c04    00000010     nortos_msp432p401x.aem4f : SwiP_nortos.oem4f (.const:SwiP_defaultParams)
                  00004c14    00000010     ti_drivers_config.obj (.const:uartMSP432Baudrates)
                  00004c24    0000000c     ti_drivers_config.obj (.const:Display_config)
                  00004c30    0000000c     ti_drivers_config.obj (.const:UART_config)
                  00004c3c    0000000c     ti_drivers_config.obj (.const:Watchdog_config)
                  00004c48    0000000c     drivers_msp432p401x.aem4f : Watchdog.oem4f (.const:Watchdog_defaultParams)
                  00004c54    0000000c                               : I2CMSP432.oem4f (.const:bitRates)
                  00004c60    00000008     msp432p4xx_driverlib.lib : interrupt.o (.const:g_pulDisRegs)
                  00004c68    00000008                              : interrupt.o (.const:g_pulEnRegs)
                  00004c70    00000008                              : interrupt.o (.const:g_pulPendRegs)
                  00004c78    00000008     ti_drivers_config.obj (.const:watchdogMSP432HWAttrs)
                  00004c80    00000006     drivers_msp432p401x.aem4f : GPIOMSP432.oem4f (.const:.string:interruptType)
                  00004c86    00000006                               : GPIOMSP432.oem4f (.const:.string:portInterruptIds)
                  00004c8c    00000005                               : UARTMSP432.oem4f (.const:.string:parityTypes)
                  00004c91    00000001     display.aem4f : Display.oem4f (.const:Display_defaultParams)
                  00004c92    00000004     drivers_msp432p401x.aem4f : UARTMSP432.oem4f (.const:stopBits)
                  00004c96    00000004     ti_drivers_config.obj (.const)

.cinit     0    00004ca0    000000d0     
                  00004ca0    00000099     (.cinit..data.load) [load image, compression = lzss]
                  00004d39    00000003     --HOLE-- [fill = 0]
                  00004d3c    0000000c     (__TI_handler_table)
                  00004d48    00000008     (.cinit..bss.load) [load image, compression = zero_init]
                  00004d50    00000008     (.cinit..vtable.load) [load image, compression = zero_init]
                  00004d58    00000018     (__TI_cinit_table)

.init_array 
*          0    00000000    00000000     UNINITIALIZED

.intvecs   0    00000000    00000144     
                  00000000    00000144     nortos_msp432p401x.aem4f : startup_msp432_ccs.oem4f (.intvecs:retain)

.sysmem    0    20000000    00008000     UNINITIALIZED
                  20000000    00000010     rtsv7M4_T_le_v4SPD16_eabi.lib : memory.c.obj (.sysmem)
                  20000010    00007ff0     --HOLE--

.bss       0    20008000    000006fc     UNINITIALIZED
                  20008000    00000400     ti_drivers_config.obj (.bss:displayUARTBuffer)
                  20008400    000000a0     nortos_msp432p401x.aem4f : ClockPTimer_nortos.oem4f (.bss:ClockP_module)
                  200084a0    000000a0     (.common:i2cMSP432Objects)
                  20008540    00000080     (.common:uartMSP432Objects)
                  200085c0    00000030     drivers_msp432p401x.aem4f : GPIOMSP432.oem4f (.bss:gpioCallbackInfo)
                  200085f0    00000020     nortos_msp432p401x.aem4f : SwiP_nortos.oem4f (.bss:SwiP_readyList)
                  20008610    00000020     ti_drivers_config.obj (.bss:uartMSP432RingBuffer0)
                  20008630    0000001c     nortos_msp432p401x.aem4f : SwiP_nortos.oem4f (.bss:SwiP_hwiStruct)
                  2000864c    0000001c                              : TimerPMSP432_nortos.oem4f (.bss:TimerP_hwiStruct)
                  20008668    0000001c     (.common:i2cTransaction)
                  20008684    00000010     (.common:i2cParams)
                  20008694    0000000d                              : SwiP_nortos.oem4f (.bss)
                  200086a1    00000003     --HOLE--
                  200086a4    0000000c     (.common:displayUartObject)
                  200086b0    0000000c     (.common:readBuffer)
                  200086bc    0000000c     (.common:watchdogMSP432Objects)
                  200086c8    0000000c     (.common:writeBuffer)
                  200086d4    00000008     msp432p4xx_driverlib.lib : cs.o (.bss)
                  200086dc    00000008     nortos_msp432p401x.aem4f : ClockPTimer_nortos.oem4f (.bss:timerFreq)
                  200086e4    00000004     drivers_msp432p401x.aem4f : GPIOMSP432.oem4f (.bss)
                  200086e8    00000004     nortos_msp432p401x.aem4f : ClockPTimer_nortos.oem4f (.bss)
                  200086ec    00000004                              : TimerPMSP432_nortos.oem4f (.bss)
                  200086f0    00000004     vl6180x.obj (.bss)
                  200086f4    00000004     (.common:i2c0)
                  200086f8    00000004     (.common:i2c1)

.data      0    200086fc    0000031f     UNINITIALIZED
                  200086fc    00000140     nortos_msp432p401x.aem4f : HwiPMSP432_nortos.oem4f (.data:HwiP_dispatchTable)
                  2000883c    00000140     drivers_msp432p401x.aem4f : PowerMSP432.oem4f (.data:PowerMSP432_perfLevels)
                  2000897c    0000002c                               : PowerMSP432.oem4f (.data:PowerMSP432_module)
                  200089a8    00000014     ti_drivers_config.obj (.data:gpioCallbackFunctions)
                  200089bc    00000014     ti_drivers_config.obj (.data:gpioPinConfigs)
                  200089d0    0000000c     nortos_msp432p401x.aem4f : ClockPTimer_nortos.oem4f (.data:ClockP_defaultParams)
                  200089dc    0000000c                              : TimerPMSP432_nortos.oem4f (.data:TimerP_defaultParams)
                  200089e8    00000008     rtsv7M4_T_le_v4SPD16_eabi.lib : _lock.c.obj (.data:$O1$$)
                  200089f0    00000008                                   : memory.c.obj (.data:$O1$$)
                  200089f8    00000008     nortos_msp432p401x.aem4f : SemaphoreP_nortos.oem4f (.data:SemaphoreP_defaultParams)
                  20008a00    00000008                              : ClockPTimer_nortos.oem4f (.data)
                  20008a08    00000008                              : HwiPMSP432_nortos.oem4f (.data)
                  20008a10    00000003                              : SemaphoreP_nortos.oem4f (.data)
                  20008a13    00000002     drivers_msp432p401x.aem4f : GPIOMSP432.oem4f (.data)
                  20008a15    00000001                               : I2C.oem4f (.data)
                  20008a16    00000001                               : UART.oem4f (.data)
                  20008a17    00000001                               : Watchdog.oem4f (.data)
                  20008a18    00000001     nortos_msp432p401x.aem4f : SwiP_nortos.oem4f (.data)
                  20008a19    00000001                              : TimerPMSP432_nortos.oem4f (.data)
                  20008a1a    00000001     vl6180x.obj (.data)

.vtable    0    20008c00    000000e8     UNINITIALIZED
                  20008c00    000000e8     msp432p4xx_driverlib.lib : interrupt.o (.vtable)

.stack     0    2000f000    00001000     UNINITIALIZED
                  2000f000    00000004     rtsv7M4_T_le_v4SPD16_eabi.lib : boot_cortex_m.c.obj (.stack)
                  2000f004    00000ffc     --HOLE--

__llvm_prf_cnts 
*          0    20000000    00000000     UNINITIALIZED

.binit     0    00000000    00000000     

MODULE SUMMARY

       Module                       code    ro data   rw data
       ------                       ----    -------   -------
    ./
       vl6180x.obj                  1656    0         162    
       main_nortos.obj              18      0         0      
    +--+----------------------------+-------+---------+---------+
       Total:                       1674    0         162    
                                                             
    ./syscfg/
       ti_drivers_config.obj        14      268       2816   
    +--+----------------------------+-------+---------+---------+
       Total:                       14      268       2816   
                                                             
    /home/ebad/ti/ccs1020/ccs/tools/compiler/ti-cgt-arm_20.2.2.LTS/lib/rtsv7M4_T_le_v4SPD16_eabi.lib
       memory.c.obj                 672     0         16     
       fd_add_t2.asm.obj            438     0         0      
       fd_mul_t2.asm.obj            252     0         0      
       memcpy_t2.asm.obj            156     0         0      
       ull_div_t2.asm.obj           150     0         0      
       fd_cmp_t2.asm.obj            134     0         0      
       memset_t2.asm.obj            122     0         0      
       copy_decompress_lzss.c.obj   104     0         0      
       fd_toi_t2.asm.obj            72      0         0      
       autoinit.c.obj               68      0         0      
       fd_tou_t2.asm.obj            68      0         0      
       u_divt2.asm.obj              64      0         0      
       boot_cortex_m.c.obj          52      0         0      
       i_tofd_t2.asm.obj            46      0         0      
       strlen.c.obj                 20      0         0      
       _lock.c.obj                  2       0         16     
       copy_decompress_none.c.obj   14      0         0      
       copy_zero_init.c.obj         12      0         0      
       exit.c.obj                   4       0         0      
       pre_init.c.obj               4       0         0      
       div0.asm.obj                 2       0         0      
    +--+----------------------------+-------+---------+---------+
       Total:                       2456    0         32     
                                                             
    /home/ebad/ti/simplelink_msp432p4_sdk_3_40_01_02/kernel/nortos/lib/nortos_msp432p401x.aem4f
       ClockPTimer_nortos.oem4f     884     0         384    
       HwiPMSP432_nortos.oem4f      288     0         656    
       SystemP_nortos.oem4f         863     0         0      
       TimerPMSP432_nortos.oem4f    676     0         90     
       SwiP_nortos.oem4f            534     16        148    
       SemaphoreP_nortos.oem4f      378     0         22     
       startup_msp432_ccs.oem4f     32      324       0      
       QueueP_nortos.oem4f          100     0         0      
       PowerMSP432_nortos.oem4f     2       0         0      
    +--+----------------------------+-------+---------+---------+
       Total:                       3757    340       1300   
                                                             
    /home/ebad/ti/simplelink_msp432p4_sdk_3_40_01_02/source/ti/devices/msp432p4xx/driverlib/ccs/msp432p4xx_driverlib.lib
       interrupt.o                  598     104       464    
       cs.o                         704     0         16     
       uart.o                       284     0         0      
       i2c.o                        108     0         0      
       sysctl_a.o                   64      0         0      
       cpu.o                        24      0         0      
    +--+----------------------------+-------+---------+---------+
       Total:                       1782    104       480    
                                                             
    /home/ebad/ti/simplelink_msp432p4_sdk_3_40_01_02/source/ti/display/lib/display.aem4f
       DisplayUart.oem4f            184     32        0      
       Display.oem4f                174     1         0      
    +--+----------------------------+-------+---------+---------+
       Total:                       358     33        0      
                                                             
    /home/ebad/ti/simplelink_msp432p4_sdk_3_40_01_02/source/ti/drivers/lib/drivers_msp432p401x.aem4f
       UARTMSP432.oem4f             3406    81        0      
       I2CMSP432.oem4f              2028    36        0      
       PowerMSP432.oem4f            1228    0         728    
       GPIOMSP432.oem4f             884     12        108    
       WatchdogMSP432.oem4f         274     28        0      
       UART.oem4f                   186     36        2      
       I2C.oem4f                    172     16        2      
       RingBuf.oem4f                184     0         0      
       Watchdog.oem4f               158     12        2      
       List.oem4f                   76      0         0      
    +--+----------------------------+-------+---------+---------+
       Total:                       8596    221       842    
                                                             
       Heap:                        0       0         65536  
       Stack:                       0       0         8192   
       Linker Generated:            0       205       0      
    +--+----------------------------+-------+---------+---------+
       Grand Total:                 18637   1171      79360  


LINKER GENERATED COPY TABLES

__TI_cinit_table @ 00004d58 records: 3, size/record: 8, table size: 24
	.data: load addr=00004ca0, load size=00000099 bytes, run addr=200086fc, run size=0000031f bytes, compression=lzss
	.bss: load addr=00004d48, load size=00000008 bytes, run addr=20008000, run size=000006fc bytes, compression=zero_init
	.vtable: load addr=00004d50, load size=00000008 bytes, run addr=20008c00, run size=000000e8 bytes, compression=zero_init


LINKER GENERATED HANDLER TABLE

__TI_handler_table @ 00004d3c records: 3, size/record: 4, table size: 12
	index: 0, handler: __TI_decompress_lzss
	index: 1, handler: __TI_decompress_none
	index: 2, handler: __TI_zero_init


GLOBAL SYMBOLS: SORTED ALPHABETICALLY BY Name 

address   name                              
-------   ----                              
000048fb  Board_init                        
000010df  Board_initHook                    
00004a13  C$$EXIT                           
00004907  CPU_cpsid                         
00004913  CPU_cpsie                         
000044c5  CS_setExternalClockSourceFrequency
000018e1  CS_startHFXTWithTimeout           
00001aa9  CS_startLFXTWithTimeout           
000047d1  ClockP_Params_init                
000044e5  ClockP_add                        
00003b49  ClockP_construct                  
000045bd  ClockP_create                     
000047e1  ClockP_delete                     
0000460b  ClockP_destruct                   
00004921  ClockP_doTick                     
00004459  ClockP_getTicks                   
000049e7  ClockP_isActive                   
0000447d  ClockP_scheduleNextTick           
000049eb  ClockP_setTimeout                 
00002e49  ClockP_start                      
00002135  ClockP_startup                    
000049bd  ClockP_stop                       
20008a04  ClockP_tickPeriod                 
00003045  ClockP_walkQueueDynamic           
00002405  ClockP_workFuncDynamic            
00001fc3  DisplayUartMin_clear              
00002403  DisplayUartMin_clearLines         
000046cd  DisplayUartMin_close              
000049c3  DisplayUartMin_control            
00004b40  DisplayUartMin_fxnTable           
000049c9  DisplayUartMin_getType            
00002cb3  DisplayUartMin_init               
00003afd  DisplayUartMin_open               
00003c21  DisplayUartMin_vprintf            
00004c24  Display_config                    
00004c96  Display_count                     
00004c91  Display_defaultParams             
00004345  Display_doInit                    
000037f5  Display_doOpen                    
000042ef  Display_doPrintf                  
00004bcc  GPIOMSP432_config                 
00003525  GPIO_hwiIntFxn                    
000024b1  GPIO_init                         
00003795  GPIO_setCallback                  
000010e1  GPIO_setConfig                    
0000414d  GPIO_toggle                       
000038ad  GPIO_write                        
00004789  HwiP_Params_init                  
0000321d  HwiP_construct                    
00004319  HwiP_create                       
00004623  HwiP_delete                       
000047f1  HwiP_disable                      
000044a1  HwiP_dispatch                     
000049ef  HwiP_enable                       
0000463d  HwiP_inISR                        
20008a08  HwiP_key                          
000049f3  HwiP_post                         
00004985  HwiP_restore                      
20008a0c  HwiP_swiPIntNum                   
0000255d  I2CMSP432_cancel                  
000030bd  I2CMSP432_close                   
000049cf  I2CMSP432_control                 
00004b9c  I2CMSP432_fxnTable                
00000f5b  I2CMSP432_hwiIntFxn               
00002dc3  I2CMSP432_init                    
00000bad  I2CMSP432_open                    
000017f1  I2CMSP432_transfer                
00004801  I2C_Params_init                   
00004bb4  I2C_config                        
00004c97  I2C_count                         
00004bf4  I2C_defaultParams                 
00003cad  I2C_init                          
0000344d  I2C_masterSendMultiByteFinish     
00003f11  I2C_open                          
00004655  I2C_transfer                      
00002ec9  Interrupt_disableInterrupt        
00004811  Interrupt_disableMaster           
00002f49  Interrupt_enableInterrupt         
00004821  Interrupt_enableMaster            
0000358d  Interrupt_pendInterrupt           
00003851  Interrupt_registerInterrupt       
00003a0d  Interrupt_setPriority             
00004585  Interrupt_unregisterInterrupt     
0000440d  List_put                          
00004433  List_remove                       
000049ef  NoRTOS_start                      
00004a68  PowerMSP432_config                
000035f5  PowerMSP432_getFreqs              
00004831  PowerMSP432_getNumPerfLevels      
2000897c  PowerMSP432_module                
2000883c  PowerMSP432_perfLevels            
00003133  PowerMSP432_updateFreqs           
00004841  Power_disablePolicy               
00004851  Power_enablePolicy                
0000492d  Power_getPerformanceLevel         
00004725  Power_idleFunc                    
00002899  Power_init                        
0000436d  Power_registerNotify              
00003b91  Power_releaseConstraint           
00004185  Power_setConstraint               
00004505  Power_unregisterNotify            
000048d1  QueueP_empty                      
000045d7  QueueP_get                        
000049f7  QueueP_head                       
000049d5  QueueP_init                       
000049fb  QueueP_next                       
00004525  QueueP_put                        
000048df  QueueP_remove                     
0000479b  RingBuf_construct                 
00003f51  RingBuf_get                       
00004545  RingBuf_peek                      
00003c67  RingBuf_put                       
00004861  SemaphoreP_Params_init            
00003a61  SemaphoreP_construct              
000046e3  SemaphoreP_create                 
000045f1  SemaphoreP_createBinary           
200089f8  SemaphoreP_defaultParams          
000049ff  SemaphoreP_delete                 
00002759  SemaphoreP_pend                   
00003cf1  SemaphoreP_post                   
00004871  SwiP_Params_init                  
00001e21  SwiP_construct                    
00002935  SwiP_dispatch                     
0000365d  SwiP_post                         
0000466d  SysCtl_A_disableNMISource         
00004685  SysCtl_A_enableNMISource          
00004881  SysCtl_A_getNMISourceStatus       
00004a03  SystemP_vsnprintf                 
00004891  TimerP_Params_init                
00001b89  TimerP_construct                  
00003905  TimerP_dynamicStub                
000034b9  TimerP_getCurrentTick             
00004939  TimerP_getFreq                    
00004945  TimerP_getMaxTicks                
00004111  TimerP_initDevice                 
00003f91  TimerP_setNextTick                
00004a07  TimerP_setPeriod                  
00003d35  TimerP_start                      
00002b03  UARTMSP432_close                  
000021e9  UARTMSP432_control                
00004acc  UARTMSP432_fxnTable               
00001ef9  UARTMSP432_hwiIntFxn              
000033db  UARTMSP432_init                   
0000041d  UARTMSP432_open                   
00003fd1  UARTMSP432_read                   
000041f5  UARTMSP432_readCancel             
00001c69  UARTMSP432_readPolling            
00002609  UARTMSP432_write                  
0000328d  UARTMSP432_writeCancel            
0000229d  UARTMSP432_writePolling           
0000469d  UART_Params_init                  
0000495d  UART_close                        
00004c30  UART_config                       
00004967  UART_control                      
00004c98  UART_count                        
00004b1c  UART_defaultParams                
00003d79  UART_init                         
000013bd  UART_initModule                   
00004011  UART_open                         
00004971  UART_write                        
0000336d  VL6180X_configureDefault          
00001251  VL6180X_init                      
00003ecd  VL6180X_readRange                 
000047ad  VL6180X_readRangeStatus           
00004565  VL6180X_startRange                
4000480c  WDTCTL_SYM                        
000048a1  WatchdogMSP432_clear              
000041bd  WatchdogMSP432_close              
000049db  WatchdogMSP432_control            
00004a0b  WatchdogMSP432_convertMsToTicks   
00004b80  WatchdogMSP432_fxnTable           
0000498d  WatchdogMSP432_init               
00002351  WatchdogMSP432_open               
000049e1  WatchdogMSP432_setReload          
000048b1  Watchdog_Params_init              
0000497b  Watchdog_clear                    
00004c3c  Watchdog_config                   
00004c99  Watchdog_count                    
00004c48  Watchdog_defaultParams            
00003dbd  Watchdog_init                     
00004051  Watchdog_open                     
20010000  __STACK_END                       
00001000  __STACK_SIZE                      
00008000  __SYSMEM_SIZE                     
00004d58  __TI_CINIT_Base                   
00004d70  __TI_CINIT_Limit                  
00004d3c  __TI_Handler_Table_Base           
00004d48  __TI_Handler_Table_Limit          
00003e01  __TI_auto_init_nobinit_nopinit    
000036c5  __TI_decompress_lzss              
000048ed  __TI_decompress_none              
ffffffff  __TI_pprof_out_hndl               
ffffffff  __TI_prof_data_size               
ffffffff  __TI_prof_data_start              
00004ca0  __TI_static_base__                
00004951  __TI_zero_init                    
00002d3d  __aeabi_cdcmpeq                   
00002d3d  __aeabi_cdcmple                   
00003bd9  __aeabi_d2iz                      
00003e89  __aeabi_d2uiz                     
00000daf  __aeabi_dadd                      
000016f5  __aeabi_dmul                      
00000da5  __aeabi_dsub                      
000042c1  __aeabi_i2d                       
00004583  __aeabi_idiv0                     
00004583  __aeabi_ldiv0                     
00002fc9  __aeabi_memclr                    
00002fc9  __aeabi_memclr4                   
00002fc9  __aeabi_memclr8                   
000029d1  __aeabi_memcpy                    
000029d1  __aeabi_memcpy4                   
000029d1  __aeabi_memcpy8                   
00002fcb  __aeabi_memset                    
00002fcb  __aeabi_memset4                   
00002fcb  __aeabi_memset8                   
000040d1  __aeabi_uidiv                     
000040d1  __aeabi_uidivmod                  
00002a6d  __aeabi_uldivmod                  
ffffffff  __binit__                         
ffffffff  __c_args__                        
UNDEFED   __mpu_init                        
2000f000  __stack                           
20000000  __start___llvm_prf_cnts           
20000000  __stop___llvm_prf_cnts            
0000422d  _c_int00_noargs                   
200089e8  _lock                             
0000344b  _nop                              
20000000  _sys_memory                       
UNDEFED   _system_post_cinit                
00004a0f  _system_pre_init                  
200089ec  _unlock                           
00004a13  abort                             
000015f5  aligned_alloc                     
ffffffff  binit                             
00003b47  clkFxn                            
00004be0  displayUartHWAttrs                
200086a4  displayUartObject                 
000019c5  free                              
20008c00  g_pfnRAMVectors                   
200089a8  gpioCallbackFunctions             
200089bc  gpioPinConfigs                    
200086f4  i2c0                              
200086f8  i2c1                              
00004af4  i2cMSP432HWAttrs                  
200084a0  i2cMSP432Objects                  
20008684  i2cParams                         
20008668  i2cTransaction                    
00000000  interruptVectors                  
000047bf  main                              
00000975  mainThread                        
0000499d  malloc                            
000015f5  memalign                          
000029d1  memcpy                            
00002fd1  memset                            
200086b0  readBuffer                        
00003135  readReg                           
00002cb5  readReg16Bit                      
000046b5  resetISR                          
20008a1a  retVal                            
00004775  strlen                            
20008540  uartMSP432Objects                 
00004c78  watchdogMSP432HWAttrs             
200086bc  watchdogMSP432Objects             
200086c8  writeBuffer                       
000031a9  writeReg                          
00002dc5  writeReg16Bit                     


GLOBAL SYMBOLS: SORTED BY Symbol Address 

address   name                              
-------   ----                              
00000000  interruptVectors                  
0000041d  UARTMSP432_open                   
00000975  mainThread                        
00000bad  I2CMSP432_open                    
00000da5  __aeabi_dsub                      
00000daf  __aeabi_dadd                      
00000f5b  I2CMSP432_hwiIntFxn               
00001000  __STACK_SIZE                      
000010df  Board_initHook                    
000010e1  GPIO_setConfig                    
00001251  VL6180X_init                      
000013bd  UART_initModule                   
000015f5  aligned_alloc                     
000015f5  memalign                          
000016f5  __aeabi_dmul                      
000017f1  I2CMSP432_transfer                
000018e1  CS_startHFXTWithTimeout           
000019c5  free                              
00001aa9  CS_startLFXTWithTimeout           
00001b89  TimerP_construct                  
00001c69  UARTMSP432_readPolling            
00001e21  SwiP_construct                    
00001ef9  UARTMSP432_hwiIntFxn              
00001fc3  DisplayUartMin_clear              
00002135  ClockP_startup                    
000021e9  UARTMSP432_control                
0000229d  UARTMSP432_writePolling           
00002351  WatchdogMSP432_open               
00002403  DisplayUartMin_clearLines         
00002405  ClockP_workFuncDynamic            
000024b1  GPIO_init                         
0000255d  I2CMSP432_cancel                  
00002609  UARTMSP432_write                  
00002759  SemaphoreP_pend                   
00002899  Power_init                        
00002935  SwiP_dispatch                     
000029d1  __aeabi_memcpy                    
000029d1  __aeabi_memcpy4                   
000029d1  __aeabi_memcpy8                   
000029d1  memcpy                            
00002a6d  __aeabi_uldivmod                  
00002b03  UARTMSP432_close                  
00002cb3  DisplayUartMin_init               
00002cb5  readReg16Bit                      
00002d3d  __aeabi_cdcmpeq                   
00002d3d  __aeabi_cdcmple                   
00002dc3  I2CMSP432_init                    
00002dc5  writeReg16Bit                     
00002e49  ClockP_start                      
00002ec9  Interrupt_disableInterrupt        
00002f49  Interrupt_enableInterrupt         
00002fc9  __aeabi_memclr                    
00002fc9  __aeabi_memclr4                   
00002fc9  __aeabi_memclr8                   
00002fcb  __aeabi_memset                    
00002fcb  __aeabi_memset4                   
00002fcb  __aeabi_memset8                   
00002fd1  memset                            
00003045  ClockP_walkQueueDynamic           
000030bd  I2CMSP432_close                   
00003133  PowerMSP432_updateFreqs           
00003135  readReg                           
000031a9  writeReg                          
0000321d  HwiP_construct                    
0000328d  UARTMSP432_writeCancel            
0000336d  VL6180X_configureDefault          
000033db  UARTMSP432_init                   
0000344b  _nop                              
0000344d  I2C_masterSendMultiByteFinish     
000034b9  TimerP_getCurrentTick             
00003525  GPIO_hwiIntFxn                    
0000358d  Interrupt_pendInterrupt           
000035f5  PowerMSP432_getFreqs              
0000365d  SwiP_post                         
000036c5  __TI_decompress_lzss              
00003795  GPIO_setCallback                  
000037f5  Display_doOpen                    
00003851  Interrupt_registerInterrupt       
000038ad  GPIO_write                        
00003905  TimerP_dynamicStub                
00003a0d  Interrupt_setPriority             
00003a61  SemaphoreP_construct              
00003afd  DisplayUartMin_open               
00003b47  clkFxn                            
00003b49  ClockP_construct                  
00003b91  Power_releaseConstraint           
00003bd9  __aeabi_d2iz                      
00003c21  DisplayUartMin_vprintf            
00003c67  RingBuf_put                       
00003cad  I2C_init                          
00003cf1  SemaphoreP_post                   
00003d35  TimerP_start                      
00003d79  UART_init                         
00003dbd  Watchdog_init                     
00003e01  __TI_auto_init_nobinit_nopinit    
00003e89  __aeabi_d2uiz                     
00003ecd  VL6180X_readRange                 
00003f11  I2C_open                          
00003f51  RingBuf_get                       
00003f91  TimerP_setNextTick                
00003fd1  UARTMSP432_read                   
00004011  UART_open                         
00004051  Watchdog_open                     
000040d1  __aeabi_uidiv                     
000040d1  __aeabi_uidivmod                  
00004111  TimerP_initDevice                 
0000414d  GPIO_toggle                       
00004185  Power_setConstraint               
000041bd  WatchdogMSP432_close              
000041f5  UARTMSP432_readCancel             
0000422d  _c_int00_noargs                   
000042c1  __aeabi_i2d                       
000042ef  Display_doPrintf                  
00004319  HwiP_create                       
00004345  Display_doInit                    
0000436d  Power_registerNotify              
0000440d  List_put                          
00004433  List_remove                       
00004459  ClockP_getTicks                   
0000447d  ClockP_scheduleNextTick           
000044a1  HwiP_dispatch                     
000044c5  CS_setExternalClockSourceFrequency
000044e5  ClockP_add                        
00004505  Power_unregisterNotify            
00004525  QueueP_put                        
00004545  RingBuf_peek                      
00004565  VL6180X_startRange                
00004583  __aeabi_idiv0                     
00004583  __aeabi_ldiv0                     
00004585  Interrupt_unregisterInterrupt     
000045bd  ClockP_create                     
000045d7  QueueP_get                        
000045f1  SemaphoreP_createBinary           
0000460b  ClockP_destruct                   
00004623  HwiP_delete                       
0000463d  HwiP_inISR                        
00004655  I2C_transfer                      
0000466d  SysCtl_A_disableNMISource         
00004685  SysCtl_A_enableNMISource          
0000469d  UART_Params_init                  
000046b5  resetISR                          
000046cd  DisplayUartMin_close              
000046e3  SemaphoreP_create                 
00004725  Power_idleFunc                    
00004775  strlen                            
00004789  HwiP_Params_init                  
0000479b  RingBuf_construct                 
000047ad  VL6180X_readRangeStatus           
000047bf  main                              
000047d1  ClockP_Params_init                
000047e1  ClockP_delete                     
000047f1  HwiP_disable                      
00004801  I2C_Params_init                   
00004811  Interrupt_disableMaster           
00004821  Interrupt_enableMaster            
00004831  PowerMSP432_getNumPerfLevels      
00004841  Power_disablePolicy               
00004851  Power_enablePolicy                
00004861  SemaphoreP_Params_init            
00004871  SwiP_Params_init                  
00004881  SysCtl_A_getNMISourceStatus       
00004891  TimerP_Params_init                
000048a1  WatchdogMSP432_clear              
000048b1  Watchdog_Params_init              
000048d1  QueueP_empty                      
000048df  QueueP_remove                     
000048ed  __TI_decompress_none              
000048fb  Board_init                        
00004907  CPU_cpsid                         
00004913  CPU_cpsie                         
00004921  ClockP_doTick                     
0000492d  Power_getPerformanceLevel         
00004939  TimerP_getFreq                    
00004945  TimerP_getMaxTicks                
00004951  __TI_zero_init                    
0000495d  UART_close                        
00004967  UART_control                      
00004971  UART_write                        
0000497b  Watchdog_clear                    
00004985  HwiP_restore                      
0000498d  WatchdogMSP432_init               
0000499d  malloc                            
000049bd  ClockP_stop                       
000049c3  DisplayUartMin_control            
000049c9  DisplayUartMin_getType            
000049cf  I2CMSP432_control                 
000049d5  QueueP_init                       
000049db  WatchdogMSP432_control            
000049e1  WatchdogMSP432_setReload          
000049e7  ClockP_isActive                   
000049eb  ClockP_setTimeout                 
000049ef  HwiP_enable                       
000049ef  NoRTOS_start                      
000049f3  HwiP_post                         
000049f7  QueueP_head                       
000049fb  QueueP_next                       
000049ff  SemaphoreP_delete                 
00004a03  SystemP_vsnprintf                 
00004a07  TimerP_setPeriod                  
00004a0b  WatchdogMSP432_convertMsToTicks   
00004a0f  _system_pre_init                  
00004a13  C$$EXIT                           
00004a13  abort                             
00004a68  PowerMSP432_config                
00004acc  UARTMSP432_fxnTable               
00004af4  i2cMSP432HWAttrs                  
00004b1c  UART_defaultParams                
00004b40  DisplayUartMin_fxnTable           
00004b80  WatchdogMSP432_fxnTable           
00004b9c  I2CMSP432_fxnTable                
00004bb4  I2C_config                        
00004bcc  GPIOMSP432_config                 
00004be0  displayUartHWAttrs                
00004bf4  I2C_defaultParams                 
00004c24  Display_config                    
00004c30  UART_config                       
00004c3c  Watchdog_config                   
00004c48  Watchdog_defaultParams            
00004c78  watchdogMSP432HWAttrs             
00004c91  Display_defaultParams             
00004c96  Display_count                     
00004c97  I2C_count                         
00004c98  UART_count                        
00004c99  Watchdog_count                    
00004ca0  __TI_static_base__                
00004d3c  __TI_Handler_Table_Base           
00004d48  __TI_Handler_Table_Limit          
00004d58  __TI_CINIT_Base                   
00004d70  __TI_CINIT_Limit                  
00008000  __SYSMEM_SIZE                     
20000000  __start___llvm_prf_cnts           
20000000  __stop___llvm_prf_cnts            
20000000  _sys_memory                       
200084a0  i2cMSP432Objects                  
20008540  uartMSP432Objects                 
20008668  i2cTransaction                    
20008684  i2cParams                         
200086a4  displayUartObject                 
200086b0  readBuffer                        
200086bc  watchdogMSP432Objects             
200086c8  writeBuffer                       
200086f4  i2c0                              
200086f8  i2c1                              
2000883c  PowerMSP432_perfLevels            
2000897c  PowerMSP432_module                
200089a8  gpioCallbackFunctions             
200089bc  gpioPinConfigs                    
200089e8  _lock                             
200089ec  _unlock                           
200089f8  SemaphoreP_defaultParams          
20008a04  ClockP_tickPeriod                 
20008a08  HwiP_key                          
20008a0c  HwiP_swiPIntNum                   
20008a1a  retVal                            
20008c00  g_pfnRAMVectors                   
2000f000  __stack                           
20010000  __STACK_END                       
4000480c  WDTCTL_SYM                        
ffffffff  __TI_pprof_out_hndl               
ffffffff  __TI_prof_data_size               
ffffffff  __TI_prof_data_start              
ffffffff  __binit__                         
ffffffff  __c_args__                        
ffffffff  binit                             
UNDEFED   __mpu_init                        
UNDEFED   _system_post_cinit                

[266 symbols]
