******************************************************************************
                  TI ARM Linker Unix v20.2.2                   
******************************************************************************
>> Linked Wed Mar  3 22:39:42 2021

OUTPUT FILE NAME:   <vl6180x_MSP_EXP432P401R_nortos_ccs.out>
ENTRY POINT SYMBOL: "resetISR"  address: 000047d5


MEMORY CONFIGURATION

         name            origin    length      used     unused   attr    fill
----------------------  --------  ---------  --------  --------  ----  --------
  MAIN                  00000000   00040000  00004ea4  0003b15c  R  X
  INFO                  00200000   00004000  00000000  00004000  R  X
  SRAM_CODE             01000000   00010000  00009b03  000064fd  RW X
  SRAM_DATA             20000000   00010000  00009b03  000064fd  RW  


SEGMENT ALLOCATION MAP

run origin  load origin   length   init length attrs members
----------  ----------- ---------- ----------- ----- -------
00000000    00000000    00004ea8   00004ea8    r-x
  00000000    00000000    00000144   00000144    r-- .intvecs
  00000144    00000144    00004a0e   00004a0e    r-x .text
  00004b54    00004b54    00000282   00000282    r-- .const
  00004dd8    00004dd8    000000d0   000000d0    r-- .cinit
20000000    20000000    00008a1b   00000000    rw-
  20000000    20000000    00008000   00000000    rw- .sysmem
  20008000    20008000    000006fc   00000000    rw- .bss
  200086fc    200086fc    0000031f   00000000    rw- .data
20008c00    20008c00    000000e8   00000000    rw-
  20008c00    20008c00    000000e8   00000000    rw- .vtable
2000f000    2000f000    00001000   00000000    rw-
  2000f000    2000f000    00001000   00000000    rw- .stack


SECTION ALLOCATION MAP

 output                                  attributes/
section   page    origin      length       input sections
--------  ----  ----------  ----------   ----------------
.text      0    00000144    00004a0e     
                  00000144    00000358     vl6180x.obj (.text:mainThread)
                  0000049c    000002d8     nortos_msp432p401x.aem4f : SystemP_nortos.oem4f (.text:doPrint)
                  00000774    000002d0     drivers_msp432p401x.aem4f : UARTMSP432.oem4f (.text:UARTMSP432_open)
                  00000a44    00000288                               : PowerMSP432.oem4f (.text:initPerfControl)
                  00000ccc    000001f8                               : I2CMSP432.oem4f (.text:I2CMSP432_open)
                  00000ec4    000001b6     rtsv7M4_T_le_v4SPD16_eabi.lib : fd_add_t2.asm.obj (.text)
                  0000107a    00000184     drivers_msp432p401x.aem4f : I2CMSP432.oem4f (.text:I2CMSP432_hwiIntFxn)
                  000011fe    00000002     ti_drivers_config.obj (.text:Board_initHook)
                  00001200    00000170     drivers_msp432p401x.aem4f : GPIOMSP432.oem4f (.text:GPIO_setConfig)
                  00001370    0000016c     vl6180x.obj (.text:VL6180X_init)
                  000014dc    0000011c     msp432p4xx_driverlib.lib : uart.o (.text:UART_initModule)
                  000015f8    0000011c     drivers_msp432p401x.aem4f : I2CMSP432.oem4f (.text:primeTransfer)
                  00001714    00000100     rtsv7M4_T_le_v4SPD16_eabi.lib : memory.c.obj (.text:aligned_alloc)
                  00001814    000000fc                                   : fd_mul_t2.asm.obj (.text)
                  00001910    000000f0     drivers_msp432p401x.aem4f : I2CMSP432.oem4f (.text:I2CMSP432_transfer)
                  00001a00    000000e4     msp432p4xx_driverlib.lib : cs.o (.text:CS_startHFXTWithTimeout)
                  00001ae4    000000e4     rtsv7M4_T_le_v4SPD16_eabi.lib : memory.c.obj (.text:free)
                  00001bc8    000000e0     msp432p4xx_driverlib.lib : cs.o (.text:CS_startLFXTWithTimeout)
                  00001ca8    000000e0     nortos_msp432p401x.aem4f : TimerPMSP432_nortos.oem4f (.text:TimerP_construct)
                  00001d88    000000dc     drivers_msp432p401x.aem4f : UARTMSP432.oem4f (.text:UARTMSP432_readPolling)
                  00001e64    000000dc     msp432p4xx_driverlib.lib : cs.o (.text:_CSGetHFXTFrequency)
                  00001f40    000000d8     nortos_msp432p401x.aem4f : SwiP_nortos.oem4f (.text:SwiP_construct)
                  00002018    000000ca     drivers_msp432p401x.aem4f : UARTMSP432.oem4f (.text:UARTMSP432_hwiIntFxn)
                  000020e2    00000002     display.aem4f : DisplayUart.oem4f (.text:DisplayUartMin_clear)
                  000020e4    000000b8     drivers_msp432p401x.aem4f : UARTMSP432.oem4f (.text:initHw)
                  0000219c    000000b8                               : UARTMSP432.oem4f (.text:readTaskCallback)
                  00002254    000000b4     nortos_msp432p401x.aem4f : ClockPTimer_nortos.oem4f (.text:ClockP_startup)
                  00002308    000000b4     drivers_msp432p401x.aem4f : UARTMSP432.oem4f (.text:UARTMSP432_control)
                  000023bc    000000b4                               : UARTMSP432.oem4f (.text:UARTMSP432_writePolling)
                  00002470    000000b2                               : WatchdogMSP432.oem4f (.text:WatchdogMSP432_open)
                  00002522    00000002     display.aem4f : DisplayUart.oem4f (.text:DisplayUartMin_clearLines)
                  00002524    000000ac     nortos_msp432p401x.aem4f : ClockPTimer_nortos.oem4f (.text:ClockP_workFuncDynamic)
                  000025d0    000000ac     drivers_msp432p401x.aem4f : GPIOMSP432.oem4f (.text:GPIO_init)
                  0000267c    000000ac                               : I2CMSP432.oem4f (.text:I2CMSP432_cancel)
                  00002728    000000a8                               : UARTMSP432.oem4f (.text:UARTMSP432_write)
                  000027d0    000000a8                               : UARTMSP432.oem4f (.text:readTaskBlocking)
                  00002878    000000a0     nortos_msp432p401x.aem4f : SemaphoreP_nortos.oem4f (.text:SemaphoreP_pend)
                  00002918    000000a0     drivers_msp432p401x.aem4f : UARTMSP432.oem4f (.text:readIsrTextCallback)
                  000029b8    0000009c                               : PowerMSP432.oem4f (.text:Power_init)
                  00002a54    0000009c     nortos_msp432p401x.aem4f : SwiP_nortos.oem4f (.text:SwiP_dispatch)
                  00002af0    0000009c     rtsv7M4_T_le_v4SPD16_eabi.lib : memcpy_t2.asm.obj (.text)
                  00002b8c    00000096                                   : ull_div_t2.asm.obj (.text)
                  00002c22    00000092     drivers_msp432p401x.aem4f : UARTMSP432.oem4f (.text:UARTMSP432_close)
                  00002cb4    00000092                               : UARTMSP432.oem4f (.text:writeData)
                  00002d46    0000008c                               : UARTMSP432.oem4f (.text:readIsrTextBlocking)
                  00002dd2    00000002     display.aem4f : DisplayUart.oem4f (.text:DisplayUartMin_init)
                  00002dd4    00000088     vl6180x.obj (.text:readReg16Bit)
                  00002e5c    00000086     rtsv7M4_T_le_v4SPD16_eabi.lib : fd_cmp_t2.asm.obj (.text:__aeabi_cdcmple)
                  00002ee2    00000002     drivers_msp432p401x.aem4f : I2CMSP432.oem4f (.text:I2CMSP432_init)
                  00002ee4    00000084     vl6180x.obj (.text:writeReg16Bit)
                  00002f68    00000080     nortos_msp432p401x.aem4f : ClockPTimer_nortos.oem4f (.text:ClockP_start)
                  00002fe8    00000080     msp432p4xx_driverlib.lib : interrupt.o (.text:Interrupt_disableInterrupt)
                  00003068    00000080                              : interrupt.o (.text:Interrupt_enableInterrupt)
                  000030e8    0000007a     rtsv7M4_T_le_v4SPD16_eabi.lib : memset_t2.asm.obj (.text)
                  00003162    00000002     msp432p4xx_driverlib.lib : interrupt.o (.text:IntDefaultHandler)
                  00003164    00000078     nortos_msp432p401x.aem4f : ClockPTimer_nortos.oem4f (.text:ClockP_walkQueueDynamic)
                  000031dc    00000076     drivers_msp432p401x.aem4f : I2CMSP432.oem4f (.text:I2CMSP432_close)
                  00003252    00000002     nortos_msp432p401x.aem4f : PowerMSP432_nortos.oem4f (.text:PowerMSP432_updateFreqs)
                  00003254    00000074     vl6180x.obj (.text:readReg)
                  000032c8    00000074     vl6180x.obj (.text:writeReg)
                  0000333c    00000070     nortos_msp432p401x.aem4f : HwiPMSP432_nortos.oem4f (.text:HwiP_construct)
                  000033ac    00000070     drivers_msp432p401x.aem4f : UARTMSP432.oem4f (.text:UARTMSP432_writeCancel)
                  0000341c    00000070     rtsv7M4_T_le_v4SPD16_eabi.lib : memory.c.obj (.text:split)
                  0000348c    0000006e     vl6180x.obj (.text:VL6180X_configureDefault)
                  000034fa    00000002     drivers_msp432p401x.aem4f : UARTMSP432.oem4f (.text:UARTMSP432_init)
                  000034fc    0000006d     nortos_msp432p401x.aem4f : SystemP_nortos.oem4f (.text:formatNum)
                  00003569    00000001     --HOLE-- [fill = 0]
                  0000356a    00000002     rtsv7M4_T_le_v4SPD16_eabi.lib : _lock.c.obj (.text:_nop)
                  0000356c    0000006c     msp432p4xx_driverlib.lib : i2c.o (.text:I2C_masterSendMultiByteFinish)
                  000035d8    0000006c     nortos_msp432p401x.aem4f : TimerPMSP432_nortos.oem4f (.text:TimerP_getCurrentTick)
                  00003644    00000068     drivers_msp432p401x.aem4f : GPIOMSP432.oem4f (.text:GPIO_hwiIntFxn)
                  000036ac    00000068     msp432p4xx_driverlib.lib : interrupt.o (.text:Interrupt_pendInterrupt)
                  00003714    00000068     drivers_msp432p401x.aem4f : PowerMSP432.oem4f (.text:PowerMSP432_getFreqs)
                  0000377c    00000068     nortos_msp432p401x.aem4f : SwiP_nortos.oem4f (.text:SwiP_post)
                  000037e4    00000068     rtsv7M4_T_le_v4SPD16_eabi.lib : copy_decompress_lzss.c.obj (.text:decompress:lzss:__TI_decompress_lzss)
                  0000384c    00000068     drivers_msp432p401x.aem4f : I2CMSP432.oem4f (.text:initHw)
                  000038b4    00000060                               : GPIOMSP432.oem4f (.text:GPIO_setCallback)
                  00003914    0000005c     display.aem4f : Display.oem4f (.text:Display_doOpen)
                  00003970    0000005c     msp432p4xx_driverlib.lib : interrupt.o (.text:Interrupt_registerInterrupt)
                  000039cc    00000058     drivers_msp432p401x.aem4f : GPIOMSP432.oem4f (.text:GPIO_write)
                  00003a24    00000058     nortos_msp432p401x.aem4f : TimerPMSP432_nortos.oem4f (.text:TimerP_dynamicStub)
                  00003a7c    00000058     drivers_msp432p401x.aem4f : UARTMSP432.oem4f (.text:readIsrBinaryBlocking)
                  00003ad4    00000056                               : I2CMSP432.oem4f (.text:completeTransfer)
                  00003b2a    00000002     nortos_msp432p401x.aem4f : startup_msp432_ccs.oem4f (.text:busFaultISR)
                  00003b2c    00000054     msp432p4xx_driverlib.lib : interrupt.o (.text:Interrupt_setPriority)
                  00003b80    00000050     nortos_msp432p401x.aem4f : SemaphoreP_nortos.oem4f (.text:SemaphoreP_construct)
                  00003bd0    0000004c     drivers_msp432p401x.aem4f : UARTMSP432.oem4f (.text:readIsrBinaryCallback)
                  00003c1c    0000004a     display.aem4f : DisplayUart.oem4f (.text:DisplayUartMin_open)
                  00003c66    00000002     nortos_msp432p401x.aem4f : SemaphoreP_nortos.oem4f (.text:clkFxn)
                  00003c68    00000048                              : ClockPTimer_nortos.oem4f (.text:ClockP_construct)
                  00003cb0    00000048     drivers_msp432p401x.aem4f : PowerMSP432.oem4f (.text:Power_releaseConstraint)
                  00003cf8    00000048     rtsv7M4_T_le_v4SPD16_eabi.lib : fd_toi_t2.asm.obj (.text)
                  00003d40    00000046     display.aem4f : DisplayUart.oem4f (.text:DisplayUartMin_vprintf)
                  00003d86    00000046     drivers_msp432p401x.aem4f : RingBuf.oem4f (.text:RingBuf_put)
                  00003dcc    00000044                               : I2C.oem4f (.text:I2C_init)
                  00003e10    00000044     nortos_msp432p401x.aem4f : SemaphoreP_nortos.oem4f (.text:SemaphoreP_post)
                  00003e54    00000044                              : TimerPMSP432_nortos.oem4f (.text:TimerP_start)
                  00003e98    00000044     drivers_msp432p401x.aem4f : UART.oem4f (.text:UART_init)
                  00003edc    00000044                               : Watchdog.oem4f (.text:Watchdog_init)
                  00003f20    00000044     rtsv7M4_T_le_v4SPD16_eabi.lib : autoinit.c.obj (.text:__TI_auto_init_nobinit_nopinit:__TI_auto_init_nobinit_nopinit)
                  00003f64    00000044     drivers_msp432p401x.aem4f : I2CMSP432.oem4f (.text:perfChangeNotifyFxn)
                  00003fa8    00000044     rtsv7M4_T_le_v4SPD16_eabi.lib : fd_tou_t2.asm.obj (.text)
                  00003fec    00000042     vl6180x.obj (.text:VL6180X_readRange)
                  0000402e    00000002     nortos_msp432p401x.aem4f : startup_msp432_ccs.oem4f (.text:defaultISR)
                  00004030    00000040     drivers_msp432p401x.aem4f : I2C.oem4f (.text:I2C_open)
                  00004070    00000040                               : RingBuf.oem4f (.text:RingBuf_get)
                  000040b0    00000040     nortos_msp432p401x.aem4f : TimerPMSP432_nortos.oem4f (.text:TimerP_setNextTick)
                  000040f0    00000040     drivers_msp432p401x.aem4f : UARTMSP432.oem4f (.text:UARTMSP432_read)
                  00004130    00000040                               : UART.oem4f (.text:UART_open)
                  00004170    00000040                               : Watchdog.oem4f (.text:Watchdog_open)
                  000041b0    00000040                               : UARTMSP432.oem4f (.text:perfChangeNotifyFxn)
                  000041f0    00000040     rtsv7M4_T_le_v4SPD16_eabi.lib : u_divt2.asm.obj (.text)
                  00004230    0000003c     nortos_msp432p401x.aem4f : TimerPMSP432_nortos.oem4f (.text:TimerP_initDevice)
                  0000426c    00000038     drivers_msp432p401x.aem4f : GPIOMSP432.oem4f (.text:GPIO_toggle)
                  000042a4    00000038                               : PowerMSP432.oem4f (.text:Power_setConstraint)
                  000042dc    00000038                               : WatchdogMSP432.oem4f (.text:WatchdogMSP432_close)
                  00004314    00000036                               : UARTMSP432.oem4f (.text:UARTMSP432_readCancel)
                  0000434a    00000002     nortos_msp432p401x.aem4f : startup_msp432_ccs.oem4f (.text:faultISR)
                  0000434c    00000034     rtsv7M4_T_le_v4SPD16_eabi.lib : boot_cortex_m.c.obj (.text:_c_int00_noargs:_c_int00_noargs)
                  00004380    00000030     drivers_msp432p401x.aem4f : I2CMSP432.oem4f (.text:mapPin)
                  000043b0    00000030                               : UARTMSP432.oem4f (.text:mapPin)
                  000043e0    0000002e     rtsv7M4_T_le_v4SPD16_eabi.lib : i_tofd_t2.asm.obj (.text)
                  0000440e    0000002a     display.aem4f : Display.oem4f (.text:Display_doPrintf)
                  00004438    0000002a     nortos_msp432p401x.aem4f : HwiPMSP432_nortos.oem4f (.text:HwiP_create)
                  00004462    00000002                              : startup_msp432_ccs.oem4f (.text:nmiISR)
                  00004464    00000028     display.aem4f : Display.oem4f (.text:Display_doInit)
                  0000448c    00000028     drivers_msp432p401x.aem4f : PowerMSP432.oem4f (.text:Power_registerNotify)
                  000044b4    00000028                               : PowerMSP432.oem4f (.text:disableFaultCounter)
                  000044dc    00000028                               : UARTMSP432.oem4f (.text:findBaudDividerIndex)
                  00004504    00000028     rtsv7M4_T_le_v4SPD16_eabi.lib : memory.c.obj (.text:free_list_insert)
                  0000452c    00000026     drivers_msp432p401x.aem4f : List.oem4f (.text:List_put)
                  00004552    00000026                               : List.oem4f (.text:List_remove)
                  00004578    00000024     nortos_msp432p401x.aem4f : ClockPTimer_nortos.oem4f (.text:ClockP_getTicks)
                  0000459c    00000024                              : ClockPTimer_nortos.oem4f (.text:ClockP_scheduleNextTick)
                  000045c0    00000024                              : HwiPMSP432_nortos.oem4f (.text:HwiP_dispatch)
                  000045e4    00000020     msp432p4xx_driverlib.lib : cs.o (.text:CS_setExternalClockSourceFrequency)
                  00004604    00000020     nortos_msp432p401x.aem4f : ClockPTimer_nortos.oem4f (.text:ClockP_add)
                  00004624    00000020     drivers_msp432p401x.aem4f : PowerMSP432.oem4f (.text:Power_unregisterNotify)
                  00004644    00000020     nortos_msp432p401x.aem4f : QueueP_nortos.oem4f (.text:QueueP_put)
                  00004664    00000020     drivers_msp432p401x.aem4f : RingBuf.oem4f (.text:RingBuf_peek)
                  00004684    0000001e     vl6180x.obj (.text:VL6180X_startRange)
                  000046a2    00000002     rtsv7M4_T_le_v4SPD16_eabi.lib : div0.asm.obj (.text)
                  000046a4    0000001c     msp432p4xx_driverlib.lib : interrupt.o (.text:Interrupt_unregisterInterrupt)
                  000046c0    0000001c     rtsv7M4_T_le_v4SPD16_eabi.lib : memory.c.obj (.text:free_list_remove)
                  000046dc    0000001a     nortos_msp432p401x.aem4f : ClockPTimer_nortos.oem4f (.text:ClockP_create)
                  000046f6    0000001a                              : QueueP_nortos.oem4f (.text:QueueP_get)
                  00004710    0000001a                              : SemaphoreP_nortos.oem4f (.text:SemaphoreP_createBinary)
                  0000472a    00000018                              : ClockPTimer_nortos.oem4f (.text:ClockP_destruct)
                  00004742    00000018                              : HwiPMSP432_nortos.oem4f (.text:HwiP_delete)
                  0000475a    00000002     --HOLE-- [fill = 0]
                  0000475c    00000018                              : HwiPMSP432_nortos.oem4f (.text:HwiP_inISR)
                  00004774    00000018     drivers_msp432p401x.aem4f : I2C.oem4f (.text:I2C_transfer)
                  0000478c    00000018     msp432p4xx_driverlib.lib : sysctl_a.o (.text:SysCtl_A_disableNMISource)
                  000047a4    00000018                              : sysctl_a.o (.text:SysCtl_A_enableNMISource)
                  000047bc    00000018     drivers_msp432p401x.aem4f : UART.oem4f (.text:UART_Params_init)
                  000047d4    00000018     nortos_msp432p401x.aem4f : startup_msp432_ccs.oem4f (.text:resetISR)
                  000047ec    00000016     display.aem4f : DisplayUart.oem4f (.text:DisplayUartMin_close)
                  00004802    00000016     nortos_msp432p401x.aem4f : SemaphoreP_nortos.oem4f (.text:SemaphoreP_create)
                  00004818    00000016                              : SwiP_nortos.oem4f (.text:maxbit)
                  0000482e    00000016                              : SystemP_nortos.oem4f (.text:putChar)
                  00004844    00000014     drivers_msp432p401x.aem4f : PowerMSP432.oem4f (.text:Power_idleFunc)
                  00004858    00000014     nortos_msp432p401x.aem4f : SwiP_nortos.oem4f (.text:SwiP_handleHwi)
                  0000486c    00000014                              : TimerPMSP432_nortos.oem4f (.text:TimerP_getCount)
                  00004880    00000014     drivers_msp432p401x.aem4f : UARTMSP432.oem4f (.text:clearTXCPTIFG)
                  00004894    00000014     rtsv7M4_T_le_v4SPD16_eabi.lib : strlen.c.obj (.text:strlen)
                  000048a8    00000012     nortos_msp432p401x.aem4f : HwiPMSP432_nortos.oem4f (.text:HwiP_Params_init)
                  000048ba    00000012     drivers_msp432p401x.aem4f : RingBuf.oem4f (.text:RingBuf_construct)
                  000048cc    00000012     vl6180x.obj (.text:VL6180X_readRangeStatus)
                  000048de    00000012     main_nortos.obj (.text:main)
                  000048f0    00000010     nortos_msp432p401x.aem4f : ClockPTimer_nortos.oem4f (.text:ClockP_Params_init)
                  00004900    00000010                              : ClockPTimer_nortos.oem4f (.text:ClockP_delete)
                  00004910    00000010                              : HwiPMSP432_nortos.oem4f (.text:HwiP_disable)
                  00004920    00000010     drivers_msp432p401x.aem4f : I2C.oem4f (.text:I2C_Params_init)
                  00004930    00000010     msp432p4xx_driverlib.lib : interrupt.o (.text:Interrupt_disableMaster)
                  00004940    00000010                              : interrupt.o (.text:Interrupt_enableMaster)
                  00004950    00000010     drivers_msp432p401x.aem4f : PowerMSP432.oem4f (.text:PowerMSP432_getNumPerfLevels)
                  00004960    00000010                               : PowerMSP432.oem4f (.text:Power_disablePolicy)
                  00004970    00000010                               : PowerMSP432.oem4f (.text:Power_enablePolicy)
                  00004980    00000010     nortos_msp432p401x.aem4f : SemaphoreP_nortos.oem4f (.text:SemaphoreP_Params_init)
                  00004990    00000010                              : SwiP_nortos.oem4f (.text:SwiP_Params_init)
                  000049a0    00000010     msp432p4xx_driverlib.lib : sysctl_a.o (.text:SysCtl_A_getNMISourceStatus)
                  000049b0    00000010     nortos_msp432p401x.aem4f : TimerPMSP432_nortos.oem4f (.text:TimerP_Params_init)
                  000049c0    00000010     drivers_msp432p401x.aem4f : WatchdogMSP432.oem4f (.text:WatchdogMSP432_clear)
                  000049d0    00000010                               : Watchdog.oem4f (.text:Watchdog_Params_init)
                  000049e0    00000010                               : UARTMSP432.oem4f (.text:readBlockingTimeout)
                  000049f0    0000000e     nortos_msp432p401x.aem4f : QueueP_nortos.oem4f (.text:QueueP_empty)
                  000049fe    0000000e                              : QueueP_nortos.oem4f (.text:QueueP_remove)
                  00004a0c    0000000e     rtsv7M4_T_le_v4SPD16_eabi.lib : copy_decompress_none.c.obj (.text:decompress:none:__TI_decompress_none)
                  00004a1a    0000000c     ti_drivers_config.obj (.text:Board_init)
                  00004a26    0000000c     msp432p4xx_driverlib.lib : cpu.o (.text:CPU_cpsid)
                  00004a32    0000000c                              : cpu.o (.text:CPU_cpsie)
                  00004a3e    00000002     --HOLE-- [fill = 0]
                  00004a40    0000000c     nortos_msp432p401x.aem4f : ClockPTimer_nortos.oem4f (.text:ClockP_doTick)
                  00004a4c    0000000c     drivers_msp432p401x.aem4f : PowerMSP432.oem4f (.text:Power_getPerformanceLevel)
                  00004a58    0000000c     nortos_msp432p401x.aem4f : TimerPMSP432_nortos.oem4f (.text:TimerP_getFreq)
                  00004a64    0000000c                              : TimerPMSP432_nortos.oem4f (.text:TimerP_getMaxTicks)
                  00004a70    0000000c     rtsv7M4_T_le_v4SPD16_eabi.lib : copy_zero_init.c.obj (.text:decompress:ZI:__TI_zero_init)
                  00004a7c    0000000a     drivers_msp432p401x.aem4f : UART.oem4f (.text:UART_close)
                  00004a86    0000000a                               : UART.oem4f (.text:UART_control)
                  00004a90    0000000a                               : UART.oem4f (.text:UART_write)
                  00004a9a    0000000a                               : Watchdog.oem4f (.text:Watchdog_clear)
                  00004aa4    0000000a                               : Watchdog.oem4f (.text:Watchdog_convertMsToTicks)
                  00004aae    0000000a                               : Watchdog.oem4f (.text:Watchdog_setReload)
                  00004ab8    00000008     nortos_msp432p401x.aem4f : HwiPMSP432_nortos.oem4f (.text:HwiP_restore)
                  00004ac0    00000008     drivers_msp432p401x.aem4f : WatchdogMSP432.oem4f (.text:WatchdogMSP432_init)
                  00004ac8    00000008                               : I2CMSP432.oem4f (.text:blockingTransferCallback)
                  00004ad0    00000008     rtsv7M4_T_le_v4SPD16_eabi.lib : memory.c.obj (.text:malloc)
                  00004ad8    00000008     drivers_msp432p401x.aem4f : UARTMSP432.oem4f (.text:readSemCallback)
                  00004ae0    00000008                               : UARTMSP432.oem4f (.text:txcptEnabledStatus)
                  00004ae8    00000008     vl6180x.obj (.text:watchdogCallback)
                  00004af0    00000008     drivers_msp432p401x.aem4f : UARTMSP432.oem4f (.text:writeSemCallback)
                  00004af8    00000006     nortos_msp432p401x.aem4f : ClockPTimer_nortos.oem4f (.text:ClockP_stop)
                  00004afe    00000006     display.aem4f : DisplayUart.oem4f (.text:DisplayUartMin_control)
                  00004b04    00000006                   : DisplayUart.oem4f (.text:DisplayUartMin_getType)
                  00004b0a    00000006     drivers_msp432p401x.aem4f : I2CMSP432.oem4f (.text:I2CMSP432_control)
                  00004b10    00000006     nortos_msp432p401x.aem4f : QueueP_nortos.oem4f (.text:QueueP_init)
                  00004b16    00000006     drivers_msp432p401x.aem4f : WatchdogMSP432.oem4f (.text:WatchdogMSP432_control)
                  00004b1c    00000006                               : WatchdogMSP432.oem4f (.text:WatchdogMSP432_setReload)
                  00004b22    00000004     nortos_msp432p401x.aem4f : ClockPTimer_nortos.oem4f (.text:ClockP_isActive)
                  00004b26    00000004                              : ClockPTimer_nortos.oem4f (.text:ClockP_setTimeout)
                  00004b2a    00000004                              : HwiPMSP432_nortos.oem4f (.text:HwiP_enable)
                  00004b2e    00000004                              : HwiPMSP432_nortos.oem4f (.text:HwiP_post)
                  00004b32    00000004                              : QueueP_nortos.oem4f (.text:QueueP_head)
                  00004b36    00000004                              : QueueP_nortos.oem4f (.text:QueueP_next)
                  00004b3a    00000004                              : SemaphoreP_nortos.oem4f (.text:SemaphoreP_delete)
                  00004b3e    00000004                              : SystemP_nortos.oem4f (.text:SystemP_vsnprintf)
                  00004b42    00000004                              : TimerPMSP432_nortos.oem4f (.text:TimerP_setPeriod)
                  00004b46    00000004     drivers_msp432p401x.aem4f : WatchdogMSP432.oem4f (.text:WatchdogMSP432_convertMsToTicks)
                  00004b4a    00000004     rtsv7M4_T_le_v4SPD16_eabi.lib : pre_init.c.obj (.text:_system_pre_init)
                  00004b4e    00000004                                   : exit.c.obj (.text:abort:abort)

.const     0    00004b54    00000282     
                  00004b54    00000050     msp432p4xx_driverlib.lib : interrupt.o (.const:g_pulRegs)
                  00004ba4    00000038     ti_drivers_config.obj (.const:PowerMSP432_config)
                  00004bdc    0000002c     ti_drivers_config.obj (.const:uartMSP432HWAttrs)
                  00004c08    00000028     drivers_msp432p401x.aem4f : UARTMSP432.oem4f (.const:UARTMSP432_fxnTable)
                  00004c30    00000028     ti_drivers_config.obj (.const:i2cMSP432HWAttrs)
                  00004c58    00000024     drivers_msp432p401x.aem4f : UART.oem4f (.const:UART_defaultParams)
                  00004c7c    00000020     display.aem4f : DisplayUart.oem4f (.const:DisplayUartMin_fxnTable)
                  00004c9c    00000020     drivers_msp432p401x.aem4f : UARTMSP432.oem4f (.const:staticFxnTable)
                  00004cbc    0000001c                               : WatchdogMSP432.oem4f (.const:WatchdogMSP432_fxnTable)
                  00004cd8    00000018                               : I2CMSP432.oem4f (.const:I2CMSP432_fxnTable)
                  00004cf0    00000018     ti_drivers_config.obj (.const:I2C_config)
                  00004d08    00000014     ti_drivers_config.obj (.const:GPIOMSP432_config)
                  00004d1c    00000014     ti_drivers_config.obj (.const:displayUartHWAttrs)
                  00004d30    00000010     drivers_msp432p401x.aem4f : I2C.oem4f (.const:I2C_defaultParams)
                  00004d40    00000010     nortos_msp432p401x.aem4f : SwiP_nortos.oem4f (.const:SwiP_defaultParams)
                  00004d50    00000010     ti_drivers_config.obj (.const:uartMSP432Baudrates)
                  00004d60    0000000c     ti_drivers_config.obj (.const:Display_config)
                  00004d6c    0000000c     ti_drivers_config.obj (.const:UART_config)
                  00004d78    0000000c     ti_drivers_config.obj (.const:Watchdog_config)
                  00004d84    0000000c     drivers_msp432p401x.aem4f : Watchdog.oem4f (.const:Watchdog_defaultParams)
                  00004d90    0000000c                               : I2CMSP432.oem4f (.const:bitRates)
                  00004d9c    00000008     msp432p4xx_driverlib.lib : interrupt.o (.const:g_pulDisRegs)
                  00004da4    00000008                              : interrupt.o (.const:g_pulEnRegs)
                  00004dac    00000008                              : interrupt.o (.const:g_pulPendRegs)
                  00004db4    00000008     ti_drivers_config.obj (.const:watchdogMSP432HWAttrs)
                  00004dbc    00000006     drivers_msp432p401x.aem4f : GPIOMSP432.oem4f (.const:.string:interruptType)
                  00004dc2    00000006                               : GPIOMSP432.oem4f (.const:.string:portInterruptIds)
                  00004dc8    00000005                               : UARTMSP432.oem4f (.const:.string:parityTypes)
                  00004dcd    00000001     display.aem4f : Display.oem4f (.const:Display_defaultParams)
                  00004dce    00000004     drivers_msp432p401x.aem4f : UARTMSP432.oem4f (.const:stopBits)
                  00004dd2    00000004     ti_drivers_config.obj (.const)

.cinit     0    00004dd8    000000d0     
                  00004dd8    00000099     (.cinit..data.load) [load image, compression = lzss]
                  00004e71    00000003     --HOLE-- [fill = 0]
                  00004e74    0000000c     (__TI_handler_table)
                  00004e80    00000008     (.cinit..bss.load) [load image, compression = zero_init]
                  00004e88    00000008     (.cinit..vtable.load) [load image, compression = zero_init]
                  00004e90    00000018     (__TI_cinit_table)

.init_array 
*          0    00000000    00000000     UNINITIALIZED

.intvecs   0    00000000    00000144     
                  00000000    00000144     nortos_msp432p401x.aem4f : startup_msp432_ccs.oem4f (.intvecs:retain)

.sysmem    0    20000000    00008000     UNINITIALIZED
                  20000000    00000010     rtsv7M4_T_le_v4SPD16_eabi.lib : memory.c.obj (.sysmem)
                  20000010    00007ff0     --HOLE--

.bss       0    20008000    000006fc     UNINITIALIZED
                  20008000    00000400     ti_drivers_config.obj (.bss:displayUARTBuffer)
                  20008400    000000a0     nortos_msp432p401x.aem4f : ClockPTimer_nortos.oem4f (.bss:ClockP_module)
                  200084a0    000000a0     (.common:i2cMSP432Objects)
                  20008540    00000080     (.common:uartMSP432Objects)
                  200085c0    00000030     drivers_msp432p401x.aem4f : GPIOMSP432.oem4f (.bss:gpioCallbackInfo)
                  200085f0    00000020     nortos_msp432p401x.aem4f : SwiP_nortos.oem4f (.bss:SwiP_readyList)
                  20008610    00000020     ti_drivers_config.obj (.bss:uartMSP432RingBuffer0)
                  20008630    0000001c     nortos_msp432p401x.aem4f : SwiP_nortos.oem4f (.bss:SwiP_hwiStruct)
                  2000864c    0000001c                              : TimerPMSP432_nortos.oem4f (.bss:TimerP_hwiStruct)
                  20008668    0000001c     (.common:i2cTransaction)
                  20008684    00000010     (.common:i2cParams)
                  20008694    0000000d                              : SwiP_nortos.oem4f (.bss)
                  200086a1    00000003     --HOLE--
                  200086a4    0000000c     (.common:displayUartObject)
                  200086b0    0000000c     (.common:readBuffer)
                  200086bc    0000000c     (.common:watchdogMSP432Objects)
                  200086c8    0000000c     (.common:writeBuffer)
                  200086d4    00000008     msp432p4xx_driverlib.lib : cs.o (.bss)
                  200086dc    00000008     nortos_msp432p401x.aem4f : ClockPTimer_nortos.oem4f (.bss:timerFreq)
                  200086e4    00000004     drivers_msp432p401x.aem4f : GPIOMSP432.oem4f (.bss)
                  200086e8    00000004     nortos_msp432p401x.aem4f : ClockPTimer_nortos.oem4f (.bss)
                  200086ec    00000004                              : TimerPMSP432_nortos.oem4f (.bss)
                  200086f0    00000004     vl6180x.obj (.bss)
                  200086f4    00000004     (.common:i2c0)
                  200086f8    00000004     (.common:i2c1)

.data      0    200086fc    0000031f     UNINITIALIZED
                  200086fc    00000140     nortos_msp432p401x.aem4f : HwiPMSP432_nortos.oem4f (.data:HwiP_dispatchTable)
                  2000883c    00000140     drivers_msp432p401x.aem4f : PowerMSP432.oem4f (.data:PowerMSP432_perfLevels)
                  2000897c    0000002c                               : PowerMSP432.oem4f (.data:PowerMSP432_module)
                  200089a8    00000014     ti_drivers_config.obj (.data:gpioCallbackFunctions)
                  200089bc    00000014     ti_drivers_config.obj (.data:gpioPinConfigs)
                  200089d0    0000000c     nortos_msp432p401x.aem4f : ClockPTimer_nortos.oem4f (.data:ClockP_defaultParams)
                  200089dc    0000000c                              : TimerPMSP432_nortos.oem4f (.data:TimerP_defaultParams)
                  200089e8    00000008     rtsv7M4_T_le_v4SPD16_eabi.lib : _lock.c.obj (.data:$O1$$)
                  200089f0    00000008                                   : memory.c.obj (.data:$O1$$)
                  200089f8    00000008     nortos_msp432p401x.aem4f : SemaphoreP_nortos.oem4f (.data:SemaphoreP_defaultParams)
                  20008a00    00000008                              : ClockPTimer_nortos.oem4f (.data)
                  20008a08    00000008                              : HwiPMSP432_nortos.oem4f (.data)
                  20008a10    00000003                              : SemaphoreP_nortos.oem4f (.data)
                  20008a13    00000002     drivers_msp432p401x.aem4f : GPIOMSP432.oem4f (.data)
                  20008a15    00000001                               : I2C.oem4f (.data)
                  20008a16    00000001                               : UART.oem4f (.data)
                  20008a17    00000001                               : Watchdog.oem4f (.data)
                  20008a18    00000001     nortos_msp432p401x.aem4f : SwiP_nortos.oem4f (.data)
                  20008a19    00000001                              : TimerPMSP432_nortos.oem4f (.data)
                  20008a1a    00000001     vl6180x.obj (.data)

.vtable    0    20008c00    000000e8     UNINITIALIZED
                  20008c00    000000e8     msp432p4xx_driverlib.lib : interrupt.o (.vtable)

.stack     0    2000f000    00001000     UNINITIALIZED
                  2000f000    00000004     rtsv7M4_T_le_v4SPD16_eabi.lib : boot_cortex_m.c.obj (.stack)
                  2000f004    00000ffc     --HOLE--

__llvm_prf_cnts 
*          0    20000000    00000000     UNINITIALIZED

.binit     0    00000000    00000000     

MODULE SUMMARY

       Module                       code    ro data   rw data
       ------                       ----    -------   -------
    ./
       vl6180x.obj                  1952    0         162    
       main_nortos.obj              18      0         0      
    +--+----------------------------+-------+---------+---------+
       Total:                       1970    0         162    
                                                             
    ./syscfg/
       ti_drivers_config.obj        14      268       2816   
    +--+----------------------------+-------+---------+---------+
       Total:                       14      268       2816   
                                                             
    /home/ebad/ti/ccs1020/ccs/tools/compiler/ti-cgt-arm_20.2.2.LTS/lib/rtsv7M4_T_le_v4SPD16_eabi.lib
       memory.c.obj                 672     0         16     
       fd_add_t2.asm.obj            438     0         0      
       fd_mul_t2.asm.obj            252     0         0      
       memcpy_t2.asm.obj            156     0         0      
       ull_div_t2.asm.obj           150     0         0      
       fd_cmp_t2.asm.obj            134     0         0      
       memset_t2.asm.obj            122     0         0      
       copy_decompress_lzss.c.obj   104     0         0      
       fd_toi_t2.asm.obj            72      0         0      
       autoinit.c.obj               68      0         0      
       fd_tou_t2.asm.obj            68      0         0      
       u_divt2.asm.obj              64      0         0      
       boot_cortex_m.c.obj          52      0         0      
       i_tofd_t2.asm.obj            46      0         0      
       strlen.c.obj                 20      0         0      
       _lock.c.obj                  2       0         16     
       copy_decompress_none.c.obj   14      0         0      
       copy_zero_init.c.obj         12      0         0      
       exit.c.obj                   4       0         0      
       pre_init.c.obj               4       0         0      
       div0.asm.obj                 2       0         0      
    +--+----------------------------+-------+---------+---------+
       Total:                       2456    0         32     
                                                             
    /home/ebad/ti/simplelink_msp432p4_sdk_3_40_01_02/kernel/nortos/lib/nortos_msp432p401x.aem4f
       ClockPTimer_nortos.oem4f     884     0         384    
       HwiPMSP432_nortos.oem4f      288     0         656    
       SystemP_nortos.oem4f         863     0         0      
       TimerPMSP432_nortos.oem4f    676     0         90     
       SwiP_nortos.oem4f            534     16        148    
       SemaphoreP_nortos.oem4f      378     0         22     
       startup_msp432_ccs.oem4f     32      324       0      
       QueueP_nortos.oem4f          100     0         0      
       PowerMSP432_nortos.oem4f     2       0         0      
    +--+----------------------------+-------+---------+---------+
       Total:                       3757    340       1300   
                                                             
    /home/ebad/ti/simplelink_msp432p4_sdk_3_40_01_02/source/ti/devices/msp432p4xx/driverlib/ccs/msp432p4xx_driverlib.lib
       interrupt.o                  598     104       464    
       cs.o                         704     0         16     
       uart.o                       284     0         0      
       i2c.o                        108     0         0      
       sysctl_a.o                   64      0         0      
       cpu.o                        24      0         0      
    +--+----------------------------+-------+---------+---------+
       Total:                       1782    104       480    
                                                             
    /home/ebad/ti/simplelink_msp432p4_sdk_3_40_01_02/source/ti/display/lib/display.aem4f
       DisplayUart.oem4f            184     32        0      
       Display.oem4f                174     1         0      
    +--+----------------------------+-------+---------+---------+
       Total:                       358     33        0      
                                                             
    /home/ebad/ti/simplelink_msp432p4_sdk_3_40_01_02/source/ti/drivers/lib/drivers_msp432p401x.aem4f
       UARTMSP432.oem4f             3406    81        0      
       I2CMSP432.oem4f              2028    36        0      
       PowerMSP432.oem4f            1228    0         728    
       GPIOMSP432.oem4f             884     12        108    
       WatchdogMSP432.oem4f         274     28        0      
       UART.oem4f                   186     36        2      
       Watchdog.oem4f               178     12        2      
       I2C.oem4f                    172     16        2      
       RingBuf.oem4f                184     0         0      
       List.oem4f                   76      0         0      
    +--+----------------------------+-------+---------+---------+
       Total:                       8616    221       842    
                                                             
       Heap:                        0       0         65536  
       Stack:                       0       0         8192   
       Linker Generated:            0       205       0      
    +--+----------------------------+-------+---------+---------+
       Grand Total:                 18953   1171      79360  


LINKER GENERATED COPY TABLES

__TI_cinit_table @ 00004e90 records: 3, size/record: 8, table size: 24
	.data: load addr=00004dd8, load size=00000099 bytes, run addr=200086fc, run size=0000031f bytes, compression=lzss
	.bss: load addr=00004e80, load size=00000008 bytes, run addr=20008000, run size=000006fc bytes, compression=zero_init
	.vtable: load addr=00004e88, load size=00000008 bytes, run addr=20008c00, run size=000000e8 bytes, compression=zero_init


LINKER GENERATED HANDLER TABLE

__TI_handler_table @ 00004e74 records: 3, size/record: 4, table size: 12
	index: 0, handler: __TI_decompress_lzss
	index: 1, handler: __TI_decompress_none
	index: 2, handler: __TI_zero_init


GLOBAL SYMBOLS: SORTED ALPHABETICALLY BY Name 

address   name                              
-------   ----                              
00004a1b  Board_init                        
000011ff  Board_initHook                    
00004b4f  C$$EXIT                           
00004a27  CPU_cpsid                         
00004a33  CPU_cpsie                         
000045e5  CS_setExternalClockSourceFrequency
00001a01  CS_startHFXTWithTimeout           
00001bc9  CS_startLFXTWithTimeout           
000048f1  ClockP_Params_init                
00004605  ClockP_add                        
00003c69  ClockP_construct                  
000046dd  ClockP_create                     
00004901  ClockP_delete                     
0000472b  ClockP_destruct                   
00004a41  ClockP_doTick                     
00004579  ClockP_getTicks                   
00004b23  ClockP_isActive                   
0000459d  ClockP_scheduleNextTick           
00004b27  ClockP_setTimeout                 
00002f69  ClockP_start                      
00002255  ClockP_startup                    
00004af9  ClockP_stop                       
20008a04  ClockP_tickPeriod                 
00003165  ClockP_walkQueueDynamic           
00002525  ClockP_workFuncDynamic            
000020e3  DisplayUartMin_clear              
00002523  DisplayUartMin_clearLines         
000047ed  DisplayUartMin_close              
00004aff  DisplayUartMin_control            
00004c7c  DisplayUartMin_fxnTable           
00004b05  DisplayUartMin_getType            
00002dd3  DisplayUartMin_init               
00003c1d  DisplayUartMin_open               
00003d41  DisplayUartMin_vprintf            
00004d60  Display_config                    
00004dd2  Display_count                     
00004dcd  Display_defaultParams             
00004465  Display_doInit                    
00003915  Display_doOpen                    
0000440f  Display_doPrintf                  
00004d08  GPIOMSP432_config                 
00003645  GPIO_hwiIntFxn                    
000025d1  GPIO_init                         
000038b5  GPIO_setCallback                  
00001201  GPIO_setConfig                    
0000426d  GPIO_toggle                       
000039cd  GPIO_write                        
000048a9  HwiP_Params_init                  
0000333d  HwiP_construct                    
00004439  HwiP_create                       
00004743  HwiP_delete                       
00004911  HwiP_disable                      
000045c1  HwiP_dispatch                     
00004b2b  HwiP_enable                       
0000475d  HwiP_inISR                        
20008a08  HwiP_key                          
00004b2f  HwiP_post                         
00004ab9  HwiP_restore                      
20008a0c  HwiP_swiPIntNum                   
0000267d  I2CMSP432_cancel                  
000031dd  I2CMSP432_close                   
00004b0b  I2CMSP432_control                 
00004cd8  I2CMSP432_fxnTable                
0000107b  I2CMSP432_hwiIntFxn               
00002ee3  I2CMSP432_init                    
00000ccd  I2CMSP432_open                    
00001911  I2CMSP432_transfer                
00004921  I2C_Params_init                   
00004cf0  I2C_config                        
00004dd3  I2C_count                         
00004d30  I2C_defaultParams                 
00003dcd  I2C_init                          
0000356d  I2C_masterSendMultiByteFinish     
00004031  I2C_open                          
00004775  I2C_transfer                      
00002fe9  Interrupt_disableInterrupt        
00004931  Interrupt_disableMaster           
00003069  Interrupt_enableInterrupt         
00004941  Interrupt_enableMaster            
000036ad  Interrupt_pendInterrupt           
00003971  Interrupt_registerInterrupt       
00003b2d  Interrupt_setPriority             
000046a5  Interrupt_unregisterInterrupt     
0000452d  List_put                          
00004553  List_remove                       
00004b2b  NoRTOS_start                      
00004ba4  PowerMSP432_config                
00003715  PowerMSP432_getFreqs              
00004951  PowerMSP432_getNumPerfLevels      
2000897c  PowerMSP432_module                
2000883c  PowerMSP432_perfLevels            
00003253  PowerMSP432_updateFreqs           
00004961  Power_disablePolicy               
00004971  Power_enablePolicy                
00004a4d  Power_getPerformanceLevel         
00004845  Power_idleFunc                    
000029b9  Power_init                        
0000448d  Power_registerNotify              
00003cb1  Power_releaseConstraint           
000042a5  Power_setConstraint               
00004625  Power_unregisterNotify            
000049f1  QueueP_empty                      
000046f7  QueueP_get                        
00004b33  QueueP_head                       
00004b11  QueueP_init                       
00004b37  QueueP_next                       
00004645  QueueP_put                        
000049ff  QueueP_remove                     
000048bb  RingBuf_construct                 
00004071  RingBuf_get                       
00004665  RingBuf_peek                      
00003d87  RingBuf_put                       
00004981  SemaphoreP_Params_init            
00003b81  SemaphoreP_construct              
00004803  SemaphoreP_create                 
00004711  SemaphoreP_createBinary           
200089f8  SemaphoreP_defaultParams          
00004b3b  SemaphoreP_delete                 
00002879  SemaphoreP_pend                   
00003e11  SemaphoreP_post                   
00004991  SwiP_Params_init                  
00001f41  SwiP_construct                    
00002a55  SwiP_dispatch                     
0000377d  SwiP_post                         
0000478d  SysCtl_A_disableNMISource         
000047a5  SysCtl_A_enableNMISource          
000049a1  SysCtl_A_getNMISourceStatus       
00004b3f  SystemP_vsnprintf                 
000049b1  TimerP_Params_init                
00001ca9  TimerP_construct                  
00003a25  TimerP_dynamicStub                
000035d9  TimerP_getCurrentTick             
00004a59  TimerP_getFreq                    
00004a65  TimerP_getMaxTicks                
00004231  TimerP_initDevice                 
000040b1  TimerP_setNextTick                
00004b43  TimerP_setPeriod                  
00003e55  TimerP_start                      
00002c23  UARTMSP432_close                  
00002309  UARTMSP432_control                
00004c08  UARTMSP432_fxnTable               
00002019  UARTMSP432_hwiIntFxn              
000034fb  UARTMSP432_init                   
00000775  UARTMSP432_open                   
000040f1  UARTMSP432_read                   
00004315  UARTMSP432_readCancel             
00001d89  UARTMSP432_readPolling            
00002729  UARTMSP432_write                  
000033ad  UARTMSP432_writeCancel            
000023bd  UARTMSP432_writePolling           
000047bd  UART_Params_init                  
00004a7d  UART_close                        
00004d6c  UART_config                       
00004a87  UART_control                      
00004dd4  UART_count                        
00004c58  UART_defaultParams                
00003e99  UART_init                         
000014dd  UART_initModule                   
00004131  UART_open                         
00004a91  UART_write                        
0000348d  VL6180X_configureDefault          
00001371  VL6180X_init                      
00003fed  VL6180X_readRange                 
000048cd  VL6180X_readRangeStatus           
00004685  VL6180X_startRange                
4000480c  WDTCTL_SYM                        
000049c1  WatchdogMSP432_clear              
000042dd  WatchdogMSP432_close              
00004b17  WatchdogMSP432_control            
00004b47  WatchdogMSP432_convertMsToTicks   
00004cbc  WatchdogMSP432_fxnTable           
00004ac1  WatchdogMSP432_init               
00002471  WatchdogMSP432_open               
00004b1d  WatchdogMSP432_setReload          
000049d1  Watchdog_Params_init              
00004a9b  Watchdog_clear                    
00004d78  Watchdog_config                   
00004aa5  Watchdog_convertMsToTicks         
00004dd5  Watchdog_count                    
00004d84  Watchdog_defaultParams            
00003edd  Watchdog_init                     
00004171  Watchdog_open                     
00004aaf  Watchdog_setReload                
20010000  __STACK_END                       
00001000  __STACK_SIZE                      
00008000  __SYSMEM_SIZE                     
00004e90  __TI_CINIT_Base                   
00004ea8  __TI_CINIT_Limit                  
00004e74  __TI_Handler_Table_Base           
00004e80  __TI_Handler_Table_Limit          
00003f21  __TI_auto_init_nobinit_nopinit    
000037e5  __TI_decompress_lzss              
00004a0d  __TI_decompress_none              
ffffffff  __TI_pprof_out_hndl               
ffffffff  __TI_prof_data_size               
ffffffff  __TI_prof_data_start              
00004dd8  __TI_static_base__                
00004a71  __TI_zero_init                    
00002e5d  __aeabi_cdcmpeq                   
00002e5d  __aeabi_cdcmple                   
00003cf9  __aeabi_d2iz                      
00003fa9  __aeabi_d2uiz                     
00000ecf  __aeabi_dadd                      
00001815  __aeabi_dmul                      
00000ec5  __aeabi_dsub                      
000043e1  __aeabi_i2d                       
000046a3  __aeabi_idiv0                     
000046a3  __aeabi_ldiv0                     
000030e9  __aeabi_memclr                    
000030e9  __aeabi_memclr4                   
000030e9  __aeabi_memclr8                   
00002af1  __aeabi_memcpy                    
00002af1  __aeabi_memcpy4                   
00002af1  __aeabi_memcpy8                   
000030eb  __aeabi_memset                    
000030eb  __aeabi_memset4                   
000030eb  __aeabi_memset8                   
000041f1  __aeabi_uidiv                     
000041f1  __aeabi_uidivmod                  
00002b8d  __aeabi_uldivmod                  
ffffffff  __binit__                         
ffffffff  __c_args__                        
UNDEFED   __mpu_init                        
2000f000  __stack                           
20000000  __start___llvm_prf_cnts           
20000000  __stop___llvm_prf_cnts            
0000434d  _c_int00_noargs                   
200089e8  _lock                             
0000356b  _nop                              
20000000  _sys_memory                       
UNDEFED   _system_post_cinit                
00004b4b  _system_pre_init                  
200089ec  _unlock                           
00004b4f  abort                             
00001715  aligned_alloc                     
ffffffff  binit                             
00003c67  clkFxn                            
00004d1c  displayUartHWAttrs                
200086a4  displayUartObject                 
00001ae5  free                              
20008c00  g_pfnRAMVectors                   
200089a8  gpioCallbackFunctions             
200089bc  gpioPinConfigs                    
200086f4  i2c0                              
200086f8  i2c1                              
00004c30  i2cMSP432HWAttrs                  
200084a0  i2cMSP432Objects                  
20008684  i2cParams                         
20008668  i2cTransaction                    
00000000  interruptVectors                  
000048df  main                              
00000145  mainThread                        
00004ad1  malloc                            
00001715  memalign                          
00002af1  memcpy                            
000030f1  memset                            
200086b0  readBuffer                        
00003255  readReg                           
00002dd5  readReg16Bit                      
000047d5  resetISR                          
20008a1a  retVal                            
00004895  strlen                            
20008540  uartMSP432Objects                 
00004ae9  watchdogCallback                  
00004db4  watchdogMSP432HWAttrs             
200086bc  watchdogMSP432Objects             
200086c8  writeBuffer                       
000032c9  writeReg                          
00002ee5  writeReg16Bit                     


GLOBAL SYMBOLS: SORTED BY Symbol Address 

address   name                              
-------   ----                              
00000000  interruptVectors                  
00000145  mainThread                        
00000775  UARTMSP432_open                   
00000ccd  I2CMSP432_open                    
00000ec5  __aeabi_dsub                      
00000ecf  __aeabi_dadd                      
00001000  __STACK_SIZE                      
0000107b  I2CMSP432_hwiIntFxn               
000011ff  Board_initHook                    
00001201  GPIO_setConfig                    
00001371  VL6180X_init                      
000014dd  UART_initModule                   
00001715  aligned_alloc                     
00001715  memalign                          
00001815  __aeabi_dmul                      
00001911  I2CMSP432_transfer                
00001a01  CS_startHFXTWithTimeout           
00001ae5  free                              
00001bc9  CS_startLFXTWithTimeout           
00001ca9  TimerP_construct                  
00001d89  UARTMSP432_readPolling            
00001f41  SwiP_construct                    
00002019  UARTMSP432_hwiIntFxn              
000020e3  DisplayUartMin_clear              
00002255  ClockP_startup                    
00002309  UARTMSP432_control                
000023bd  UARTMSP432_writePolling           
00002471  WatchdogMSP432_open               
00002523  DisplayUartMin_clearLines         
00002525  ClockP_workFuncDynamic            
000025d1  GPIO_init                         
0000267d  I2CMSP432_cancel                  
00002729  UARTMSP432_write                  
00002879  SemaphoreP_pend                   
000029b9  Power_init                        
00002a55  SwiP_dispatch                     
00002af1  __aeabi_memcpy                    
00002af1  __aeabi_memcpy4                   
00002af1  __aeabi_memcpy8                   
00002af1  memcpy                            
00002b8d  __aeabi_uldivmod                  
00002c23  UARTMSP432_close                  
00002dd3  DisplayUartMin_init               
00002dd5  readReg16Bit                      
00002e5d  __aeabi_cdcmpeq                   
00002e5d  __aeabi_cdcmple                   
00002ee3  I2CMSP432_init                    
00002ee5  writeReg16Bit                     
00002f69  ClockP_start                      
00002fe9  Interrupt_disableInterrupt        
00003069  Interrupt_enableInterrupt         
000030e9  __aeabi_memclr                    
000030e9  __aeabi_memclr4                   
000030e9  __aeabi_memclr8                   
000030eb  __aeabi_memset                    
000030eb  __aeabi_memset4                   
000030eb  __aeabi_memset8                   
000030f1  memset                            
00003165  ClockP_walkQueueDynamic           
000031dd  I2CMSP432_close                   
00003253  PowerMSP432_updateFreqs           
00003255  readReg                           
000032c9  writeReg                          
0000333d  HwiP_construct                    
000033ad  UARTMSP432_writeCancel            
0000348d  VL6180X_configureDefault          
000034fb  UARTMSP432_init                   
0000356b  _nop                              
0000356d  I2C_masterSendMultiByteFinish     
000035d9  TimerP_getCurrentTick             
00003645  GPIO_hwiIntFxn                    
000036ad  Interrupt_pendInterrupt           
00003715  PowerMSP432_getFreqs              
0000377d  SwiP_post                         
000037e5  __TI_decompress_lzss              
000038b5  GPIO_setCallback                  
00003915  Display_doOpen                    
00003971  Interrupt_registerInterrupt       
000039cd  GPIO_write                        
00003a25  TimerP_dynamicStub                
00003b2d  Interrupt_setPriority             
00003b81  SemaphoreP_construct              
00003c1d  DisplayUartMin_open               
00003c67  clkFxn                            
00003c69  ClockP_construct                  
00003cb1  Power_releaseConstraint           
00003cf9  __aeabi_d2iz                      
00003d41  DisplayUartMin_vprintf            
00003d87  RingBuf_put                       
00003dcd  I2C_init                          
00003e11  SemaphoreP_post                   
00003e55  TimerP_start                      
00003e99  UART_init                         
00003edd  Watchdog_init                     
00003f21  __TI_auto_init_nobinit_nopinit    
00003fa9  __aeabi_d2uiz                     
00003fed  VL6180X_readRange                 
00004031  I2C_open                          
00004071  RingBuf_get                       
000040b1  TimerP_setNextTick                
000040f1  UARTMSP432_read                   
00004131  UART_open                         
00004171  Watchdog_open                     
000041f1  __aeabi_uidiv                     
000041f1  __aeabi_uidivmod                  
00004231  TimerP_initDevice                 
0000426d  GPIO_toggle                       
000042a5  Power_setConstraint               
000042dd  WatchdogMSP432_close              
00004315  UARTMSP432_readCancel             
0000434d  _c_int00_noargs                   
000043e1  __aeabi_i2d                       
0000440f  Display_doPrintf                  
00004439  HwiP_create                       
00004465  Display_doInit                    
0000448d  Power_registerNotify              
0000452d  List_put                          
00004553  List_remove                       
00004579  ClockP_getTicks                   
0000459d  ClockP_scheduleNextTick           
000045c1  HwiP_dispatch                     
000045e5  CS_setExternalClockSourceFrequency
00004605  ClockP_add                        
00004625  Power_unregisterNotify            
00004645  QueueP_put                        
00004665  RingBuf_peek                      
00004685  VL6180X_startRange                
000046a3  __aeabi_idiv0                     
000046a3  __aeabi_ldiv0                     
000046a5  Interrupt_unregisterInterrupt     
000046dd  ClockP_create                     
000046f7  QueueP_get                        
00004711  SemaphoreP_createBinary           
0000472b  ClockP_destruct                   
00004743  HwiP_delete                       
0000475d  HwiP_inISR                        
00004775  I2C_transfer                      
0000478d  SysCtl_A_disableNMISource         
000047a5  SysCtl_A_enableNMISource          
000047bd  UART_Params_init                  
000047d5  resetISR                          
000047ed  DisplayUartMin_close              
00004803  SemaphoreP_create                 
00004845  Power_idleFunc                    
00004895  strlen                            
000048a9  HwiP_Params_init                  
000048bb  RingBuf_construct                 
000048cd  VL6180X_readRangeStatus           
000048df  main                              
000048f1  ClockP_Params_init                
00004901  ClockP_delete                     
00004911  HwiP_disable                      
00004921  I2C_Params_init                   
00004931  Interrupt_disableMaster           
00004941  Interrupt_enableMaster            
00004951  PowerMSP432_getNumPerfLevels      
00004961  Power_disablePolicy               
00004971  Power_enablePolicy                
00004981  SemaphoreP_Params_init            
00004991  SwiP_Params_init                  
000049a1  SysCtl_A_getNMISourceStatus       
000049b1  TimerP_Params_init                
000049c1  WatchdogMSP432_clear              
000049d1  Watchdog_Params_init              
000049f1  QueueP_empty                      
000049ff  QueueP_remove                     
00004a0d  __TI_decompress_none              
00004a1b  Board_init                        
00004a27  CPU_cpsid                         
00004a33  CPU_cpsie                         
00004a41  ClockP_doTick                     
00004a4d  Power_getPerformanceLevel         
00004a59  TimerP_getFreq                    
00004a65  TimerP_getMaxTicks                
00004a71  __TI_zero_init                    
00004a7d  UART_close                        
00004a87  UART_control                      
00004a91  UART_write                        
00004a9b  Watchdog_clear                    
00004aa5  Watchdog_convertMsToTicks         
00004aaf  Watchdog_setReload                
00004ab9  HwiP_restore                      
00004ac1  WatchdogMSP432_init               
00004ad1  malloc                            
00004ae9  watchdogCallback                  
00004af9  ClockP_stop                       
00004aff  DisplayUartMin_control            
00004b05  DisplayUartMin_getType            
00004b0b  I2CMSP432_control                 
00004b11  QueueP_init                       
00004b17  WatchdogMSP432_control            
00004b1d  WatchdogMSP432_setReload          
00004b23  ClockP_isActive                   
00004b27  ClockP_setTimeout                 
00004b2b  HwiP_enable                       
00004b2b  NoRTOS_start                      
00004b2f  HwiP_post                         
00004b33  QueueP_head                       
00004b37  QueueP_next                       
00004b3b  SemaphoreP_delete                 
00004b3f  SystemP_vsnprintf                 
00004b43  TimerP_setPeriod                  
00004b47  WatchdogMSP432_convertMsToTicks   
00004b4b  _system_pre_init                  
00004b4f  C$$EXIT                           
00004b4f  abort                             
00004ba4  PowerMSP432_config                
00004c08  UARTMSP432_fxnTable               
00004c30  i2cMSP432HWAttrs                  
00004c58  UART_defaultParams                
00004c7c  DisplayUartMin_fxnTable           
00004cbc  WatchdogMSP432_fxnTable           
00004cd8  I2CMSP432_fxnTable                
00004cf0  I2C_config                        
00004d08  GPIOMSP432_config                 
00004d1c  displayUartHWAttrs                
00004d30  I2C_defaultParams                 
00004d60  Display_config                    
00004d6c  UART_config                       
00004d78  Watchdog_config                   
00004d84  Watchdog_defaultParams            
00004db4  watchdogMSP432HWAttrs             
00004dcd  Display_defaultParams             
00004dd2  Display_count                     
00004dd3  I2C_count                         
00004dd4  UART_count                        
00004dd5  Watchdog_count                    
00004dd8  __TI_static_base__                
00004e74  __TI_Handler_Table_Base           
00004e80  __TI_Handler_Table_Limit          
00004e90  __TI_CINIT_Base                   
00004ea8  __TI_CINIT_Limit                  
00008000  __SYSMEM_SIZE                     
20000000  __start___llvm_prf_cnts           
20000000  __stop___llvm_prf_cnts            
20000000  _sys_memory                       
200084a0  i2cMSP432Objects                  
20008540  uartMSP432Objects                 
20008668  i2cTransaction                    
20008684  i2cParams                         
200086a4  displayUartObject                 
200086b0  readBuffer                        
200086bc  watchdogMSP432Objects             
200086c8  writeBuffer                       
200086f4  i2c0                              
200086f8  i2c1                              
2000883c  PowerMSP432_perfLevels            
2000897c  PowerMSP432_module                
200089a8  gpioCallbackFunctions             
200089bc  gpioPinConfigs                    
200089e8  _lock                             
200089ec  _unlock                           
200089f8  SemaphoreP_defaultParams          
20008a04  ClockP_tickPeriod                 
20008a08  HwiP_key                          
20008a0c  HwiP_swiPIntNum                   
20008a1a  retVal                            
20008c00  g_pfnRAMVectors                   
2000f000  __stack                           
20010000  __STACK_END                       
4000480c  WDTCTL_SYM                        
ffffffff  __TI_pprof_out_hndl               
ffffffff  __TI_prof_data_size               
ffffffff  __TI_prof_data_start              
ffffffff  __binit__                         
ffffffff  __c_args__                        
ffffffff  binit                             
UNDEFED   __mpu_init                        
UNDEFED   _system_post_cinit                

[269 symbols]
