******************************************************************************
                  TI ARM Linker PC v20.2.2                     
******************************************************************************
>> Linked Wed Feb 10 15:11:19 2021

OUTPUT FILE NAME:   <vl6180x_MSP_EXP432P401R_nortos_ccs.out>
ENTRY POINT SYMBOL: "resetISR"  address: 000045c9


MEMORY CONFIGURATION

         name            origin    length      used     unused   attr    fill
----------------------  --------  ---------  --------  --------  ----  --------
  MAIN                  00000000   00040000  00004bfd  0003b403  R  X
  INFO                  00200000   00004000  00000000  00004000  R  X
  SRAM_CODE             01000000   00010000  00009aee  00006512  RW X
  SRAM_DATA             20000000   00010000  00009aee  00006512  RW  


SEGMENT ALLOCATION MAP

run origin  load origin   length   init length attrs members
----------  ----------- ---------- ----------- ----- -------
00000000    00000000    00004c00   00004c00    r-x
  00000000    00000000    00000144   00000144    r-- .intvecs
  00000144    00000144    000047a4   000047a4    r-x .text
  000048e8    000048e8    00000245   00000245    r-- .const
  00004b30    00004b30    000000d0   000000d0    r-- .cinit
20000000    20000000    00008a06   00000000    rw-
  20000000    20000000    00008000   00000000    rw- .sysmem
  20008000    20008000    000006f0   00000000    rw- .bss
  200086f0    200086f0    00000316   00000000    rw- .data
20008c00    20008c00    000000e8   00000000    rw-
  20008c00    20008c00    000000e8   00000000    rw- .vtable
2000f000    2000f000    00001000   00000000    rw-
  2000f000    2000f000    00001000   00000000    rw- .stack


SECTION ALLOCATION MAP

 output                                  attributes/
section   page    origin      length       input sections
--------  ----  ----------  ----------   ----------------
.text      0    00000144    000047a4     
                  00000144    000002d8     nortos_msp432p401x.aem4f : SystemP_nortos.oem4f (.text:doPrint)
                  0000041c    000002d0     drivers_msp432p401x.aem4f : UARTMSP432.oem4f (.text:UARTMSP432_open)
                  000006ec    000002b4     vl6180x.obj (.text:mainThread)
                  000009a0    00000288     drivers_msp432p401x.aem4f : PowerMSP432.oem4f (.text:initPerfControl)
                  00000c28    000001f8                               : I2CMSP432.oem4f (.text:I2CMSP432_open)
                  00000e20    000001b6     rtsv7M4_T_le_v4SPD16_eabi.lib : fd_add_t2.asm.obj (.text)
                  00000fd6    00000184     drivers_msp432p401x.aem4f : I2CMSP432.oem4f (.text:I2CMSP432_hwiIntFxn)
                  0000115a    00000002     ti_drivers_config.obj (.text:Board_initHook)
                  0000115c    00000170     drivers_msp432p401x.aem4f : GPIOMSP432.oem4f (.text:GPIO_setConfig)
                  000012cc    0000016c     vl6180x.obj (.text:VL6180X_init)
                  00001438    0000011c     msp432p4xx_driverlib.lib : uart.o (.text:UART_initModule)
                  00001554    0000011c     drivers_msp432p401x.aem4f : I2CMSP432.oem4f (.text:primeTransfer)
                  00001670    00000100     rtsv7M4_T_le_v4SPD16_eabi.lib : memory.c.obj (.text:aligned_alloc)
                  00001770    000000fc                                   : fd_mul_t2.asm.obj (.text)
                  0000186c    000000f0     drivers_msp432p401x.aem4f : I2CMSP432.oem4f (.text:I2CMSP432_transfer)
                  0000195c    000000e4     msp432p4xx_driverlib.lib : cs.o (.text:CS_startHFXTWithTimeout)
                  00001a40    000000e4     rtsv7M4_T_le_v4SPD16_eabi.lib : memory.c.obj (.text:free)
                  00001b24    000000e0     msp432p4xx_driverlib.lib : cs.o (.text:CS_startLFXTWithTimeout)
                  00001c04    000000e0     nortos_msp432p401x.aem4f : TimerPMSP432_nortos.oem4f (.text:TimerP_construct)
                  00001ce4    000000dc     drivers_msp432p401x.aem4f : UARTMSP432.oem4f (.text:UARTMSP432_readPolling)
                  00001dc0    000000dc     msp432p4xx_driverlib.lib : cs.o (.text:_CSGetHFXTFrequency)
                  00001e9c    000000d8     nortos_msp432p401x.aem4f : SwiP_nortos.oem4f (.text:SwiP_construct)
                  00001f74    000000ca     drivers_msp432p401x.aem4f : UARTMSP432.oem4f (.text:UARTMSP432_hwiIntFxn)
                  0000203e    00000002     display.aem4f : DisplayUart.oem4f (.text:DisplayUartMin_clear)
                  00002040    000000b8     drivers_msp432p401x.aem4f : UARTMSP432.oem4f (.text:initHw)
                  000020f8    000000b8                               : UARTMSP432.oem4f (.text:readTaskCallback)
                  000021b0    000000b4     nortos_msp432p401x.aem4f : ClockPTimer_nortos.oem4f (.text:ClockP_startup)
                  00002264    000000b4     drivers_msp432p401x.aem4f : UARTMSP432.oem4f (.text:UARTMSP432_control)
                  00002318    000000b4                               : UARTMSP432.oem4f (.text:UARTMSP432_writePolling)
                  000023cc    000000ac     nortos_msp432p401x.aem4f : ClockPTimer_nortos.oem4f (.text:ClockP_workFuncDynamic)
                  00002478    000000ac     drivers_msp432p401x.aem4f : GPIOMSP432.oem4f (.text:GPIO_init)
                  00002524    000000ac                               : I2CMSP432.oem4f (.text:I2CMSP432_cancel)
                  000025d0    000000a8                               : UARTMSP432.oem4f (.text:UARTMSP432_write)
                  00002678    000000a8                               : UARTMSP432.oem4f (.text:readTaskBlocking)
                  00002720    000000a0     nortos_msp432p401x.aem4f : SemaphoreP_nortos.oem4f (.text:SemaphoreP_pend)
                  000027c0    000000a0     drivers_msp432p401x.aem4f : UARTMSP432.oem4f (.text:readIsrTextCallback)
                  00002860    0000009c                               : PowerMSP432.oem4f (.text:Power_init)
                  000028fc    0000009c     nortos_msp432p401x.aem4f : SwiP_nortos.oem4f (.text:SwiP_dispatch)
                  00002998    0000009c     rtsv7M4_T_le_v4SPD16_eabi.lib : memcpy_t2.asm.obj (.text)
                  00002a34    00000096                                   : ull_div_t2.asm.obj (.text)
                  00002aca    00000092     drivers_msp432p401x.aem4f : UARTMSP432.oem4f (.text:UARTMSP432_close)
                  00002b5c    00000092                               : UARTMSP432.oem4f (.text:writeData)
                  00002bee    00000002     display.aem4f : DisplayUart.oem4f (.text:DisplayUartMin_clearLines)
                  00002bf0    00000090     vl6180x.obj (.text:readReg16Bit)
                  00002c80    0000008c     drivers_msp432p401x.aem4f : UARTMSP432.oem4f (.text:readIsrTextBlocking)
                  00002d0c    00000086     rtsv7M4_T_le_v4SPD16_eabi.lib : fd_cmp_t2.asm.obj (.text:__aeabi_cdcmple)
                  00002d92    00000002     display.aem4f : DisplayUart.oem4f (.text:DisplayUartMin_init)
                  00002d94    00000084     vl6180x.obj (.text:writeReg16Bit)
                  00002e18    00000080     nortos_msp432p401x.aem4f : ClockPTimer_nortos.oem4f (.text:ClockP_start)
                  00002e98    00000080     msp432p4xx_driverlib.lib : interrupt.o (.text:Interrupt_disableInterrupt)
                  00002f18    00000080                              : interrupt.o (.text:Interrupt_enableInterrupt)
                  00002f98    0000007a     rtsv7M4_T_le_v4SPD16_eabi.lib : memset_t2.asm.obj (.text)
                  00003012    00000002     drivers_msp432p401x.aem4f : I2CMSP432.oem4f (.text:I2CMSP432_init)
                  00003014    00000078     nortos_msp432p401x.aem4f : ClockPTimer_nortos.oem4f (.text:ClockP_walkQueueDynamic)
                  0000308c    00000076     drivers_msp432p401x.aem4f : I2CMSP432.oem4f (.text:I2CMSP432_close)
                  00003102    00000002     msp432p4xx_driverlib.lib : interrupt.o (.text:IntDefaultHandler)
                  00003104    00000074     vl6180x.obj (.text:readReg)
                  00003178    00000074     vl6180x.obj (.text:writeReg)
                  000031ec    00000070     nortos_msp432p401x.aem4f : HwiPMSP432_nortos.oem4f (.text:HwiP_construct)
                  0000325c    00000070     drivers_msp432p401x.aem4f : UARTMSP432.oem4f (.text:UARTMSP432_writeCancel)
                  000032cc    00000070     rtsv7M4_T_le_v4SPD16_eabi.lib : memory.c.obj (.text:split)
                  0000333c    0000006e     vl6180x.obj (.text:VL6180X_configureDefault)
                  000033aa    00000002     nortos_msp432p401x.aem4f : PowerMSP432_nortos.oem4f (.text:PowerMSP432_updateFreqs)
                  000033ac    0000006d                              : SystemP_nortos.oem4f (.text:formatNum)
                  00003419    00000001     --HOLE-- [fill = 0]
                  0000341a    00000002     drivers_msp432p401x.aem4f : UARTMSP432.oem4f (.text:UARTMSP432_init)
                  0000341c    0000006c     msp432p4xx_driverlib.lib : i2c.o (.text:I2C_masterSendMultiByteFinish)
                  00003488    0000006c     nortos_msp432p401x.aem4f : TimerPMSP432_nortos.oem4f (.text:TimerP_getCurrentTick)
                  000034f4    00000068     drivers_msp432p401x.aem4f : GPIOMSP432.oem4f (.text:GPIO_hwiIntFxn)
                  0000355c    00000068     msp432p4xx_driverlib.lib : interrupt.o (.text:Interrupt_pendInterrupt)
                  000035c4    00000068     drivers_msp432p401x.aem4f : PowerMSP432.oem4f (.text:PowerMSP432_getFreqs)
                  0000362c    00000068     nortos_msp432p401x.aem4f : SwiP_nortos.oem4f (.text:SwiP_post)
                  00003694    00000068     rtsv7M4_T_le_v4SPD16_eabi.lib : copy_decompress_lzss.c.obj (.text:decompress:lzss:__TI_decompress_lzss)
                  000036fc    00000068     drivers_msp432p401x.aem4f : I2CMSP432.oem4f (.text:initHw)
                  00003764    00000060                               : GPIOMSP432.oem4f (.text:GPIO_setCallback)
                  000037c4    0000005c     display.aem4f : Display.oem4f (.text:Display_doOpen)
                  00003820    0000005c     msp432p4xx_driverlib.lib : interrupt.o (.text:Interrupt_registerInterrupt)
                  0000387c    00000058     drivers_msp432p401x.aem4f : GPIOMSP432.oem4f (.text:GPIO_write)
                  000038d4    00000058     nortos_msp432p401x.aem4f : TimerPMSP432_nortos.oem4f (.text:TimerP_dynamicStub)
                  0000392c    00000058     drivers_msp432p401x.aem4f : UARTMSP432.oem4f (.text:readIsrBinaryBlocking)
                  00003984    00000056                               : I2CMSP432.oem4f (.text:completeTransfer)
                  000039da    00000002     rtsv7M4_T_le_v4SPD16_eabi.lib : _lock.c.obj (.text:_nop)
                  000039dc    00000054     msp432p4xx_driverlib.lib : interrupt.o (.text:Interrupt_setPriority)
                  00003a30    00000050     nortos_msp432p401x.aem4f : SemaphoreP_nortos.oem4f (.text:SemaphoreP_construct)
                  00003a80    0000004c     drivers_msp432p401x.aem4f : UARTMSP432.oem4f (.text:readIsrBinaryCallback)
                  00003acc    0000004a     display.aem4f : DisplayUart.oem4f (.text:DisplayUartMin_open)
                  00003b16    00000002     nortos_msp432p401x.aem4f : startup_msp432_ccs.oem4f (.text:busFaultISR)
                  00003b18    00000048                              : ClockPTimer_nortos.oem4f (.text:ClockP_construct)
                  00003b60    00000048     drivers_msp432p401x.aem4f : PowerMSP432.oem4f (.text:Power_releaseConstraint)
                  00003ba8    00000048     rtsv7M4_T_le_v4SPD16_eabi.lib : fd_toi_t2.asm.obj (.text)
                  00003bf0    00000046     display.aem4f : DisplayUart.oem4f (.text:DisplayUartMin_vprintf)
                  00003c36    00000046     drivers_msp432p401x.aem4f : RingBuf.oem4f (.text:RingBuf_put)
                  00003c7c    00000044                               : I2C.oem4f (.text:I2C_init)
                  00003cc0    00000044     nortos_msp432p401x.aem4f : SemaphoreP_nortos.oem4f (.text:SemaphoreP_post)
                  00003d04    00000044                              : TimerPMSP432_nortos.oem4f (.text:TimerP_start)
                  00003d48    00000044     drivers_msp432p401x.aem4f : UART.oem4f (.text:UART_init)
                  00003d8c    00000044     rtsv7M4_T_le_v4SPD16_eabi.lib : autoinit.c.obj (.text:__TI_auto_init_nobinit_nopinit:__TI_auto_init_nobinit_nopinit)
                  00003dd0    00000044     drivers_msp432p401x.aem4f : I2CMSP432.oem4f (.text:perfChangeNotifyFxn)
                  00003e14    00000044     rtsv7M4_T_le_v4SPD16_eabi.lib : fd_tou_t2.asm.obj (.text)
                  00003e58    00000042     vl6180x.obj (.text:VL6180X_readRange)
                  00003e9a    00000002     nortos_msp432p401x.aem4f : SemaphoreP_nortos.oem4f (.text:clkFxn)
                  00003e9c    00000040     drivers_msp432p401x.aem4f : I2C.oem4f (.text:I2C_open)
                  00003edc    00000040                               : RingBuf.oem4f (.text:RingBuf_get)
                  00003f1c    00000040     nortos_msp432p401x.aem4f : TimerPMSP432_nortos.oem4f (.text:TimerP_setNextTick)
                  00003f5c    00000040     drivers_msp432p401x.aem4f : UARTMSP432.oem4f (.text:UARTMSP432_read)
                  00003f9c    00000040                               : UART.oem4f (.text:UART_open)
                  00003fdc    00000040                               : UARTMSP432.oem4f (.text:perfChangeNotifyFxn)
                  0000401c    00000040     rtsv7M4_T_le_v4SPD16_eabi.lib : u_divt2.asm.obj (.text)
                  0000405c    0000003c     nortos_msp432p401x.aem4f : TimerPMSP432_nortos.oem4f (.text:TimerP_initDevice)
                  00004098    00000038     drivers_msp432p401x.aem4f : GPIOMSP432.oem4f (.text:GPIO_toggle)
                  000040d0    00000038                               : PowerMSP432.oem4f (.text:Power_setConstraint)
                  00004108    00000036                               : UARTMSP432.oem4f (.text:UARTMSP432_readCancel)
                  0000413e    00000002     nortos_msp432p401x.aem4f : startup_msp432_ccs.oem4f (.text:defaultISR)
                  00004140    00000034     rtsv7M4_T_le_v4SPD16_eabi.lib : boot_cortex_m.c.obj (.text:_c_int00_noargs:_c_int00_noargs)
                  00004174    00000030     drivers_msp432p401x.aem4f : I2CMSP432.oem4f (.text:mapPin)
                  000041a4    00000030                               : UARTMSP432.oem4f (.text:mapPin)
                  000041d4    0000002e     rtsv7M4_T_le_v4SPD16_eabi.lib : i_tofd_t2.asm.obj (.text)
                  00004202    0000002a     display.aem4f : Display.oem4f (.text:Display_doPrintf)
                  0000422c    0000002a     nortos_msp432p401x.aem4f : HwiPMSP432_nortos.oem4f (.text:HwiP_create)
                  00004256    00000002                              : startup_msp432_ccs.oem4f (.text:faultISR)
                  00004258    00000028     display.aem4f : Display.oem4f (.text:Display_doInit)
                  00004280    00000028     drivers_msp432p401x.aem4f : PowerMSP432.oem4f (.text:Power_registerNotify)
                  000042a8    00000028                               : PowerMSP432.oem4f (.text:disableFaultCounter)
                  000042d0    00000028                               : UARTMSP432.oem4f (.text:findBaudDividerIndex)
                  000042f8    00000028     rtsv7M4_T_le_v4SPD16_eabi.lib : memory.c.obj (.text:free_list_insert)
                  00004320    00000026     drivers_msp432p401x.aem4f : List.oem4f (.text:List_put)
                  00004346    00000026                               : List.oem4f (.text:List_remove)
                  0000436c    00000024     nortos_msp432p401x.aem4f : ClockPTimer_nortos.oem4f (.text:ClockP_getTicks)
                  00004390    00000024                              : ClockPTimer_nortos.oem4f (.text:ClockP_scheduleNextTick)
                  000043b4    00000024                              : HwiPMSP432_nortos.oem4f (.text:HwiP_dispatch)
                  000043d8    00000020     msp432p4xx_driverlib.lib : cs.o (.text:CS_setExternalClockSourceFrequency)
                  000043f8    00000020     nortos_msp432p401x.aem4f : ClockPTimer_nortos.oem4f (.text:ClockP_add)
                  00004418    00000020     drivers_msp432p401x.aem4f : PowerMSP432.oem4f (.text:Power_unregisterNotify)
                  00004438    00000020     nortos_msp432p401x.aem4f : QueueP_nortos.oem4f (.text:QueueP_put)
                  00004458    00000020     drivers_msp432p401x.aem4f : RingBuf.oem4f (.text:RingBuf_peek)
                  00004478    0000001e     vl6180x.obj (.text:VL6180X_startRange)
                  00004496    00000002     nortos_msp432p401x.aem4f : startup_msp432_ccs.oem4f (.text:nmiISR)
                  00004498    0000001c     msp432p4xx_driverlib.lib : interrupt.o (.text:Interrupt_unregisterInterrupt)
                  000044b4    0000001c     rtsv7M4_T_le_v4SPD16_eabi.lib : memory.c.obj (.text:free_list_remove)
                  000044d0    0000001a     nortos_msp432p401x.aem4f : ClockPTimer_nortos.oem4f (.text:ClockP_create)
                  000044ea    0000001a                              : QueueP_nortos.oem4f (.text:QueueP_get)
                  00004504    0000001a                              : SemaphoreP_nortos.oem4f (.text:SemaphoreP_createBinary)
                  0000451e    00000018                              : ClockPTimer_nortos.oem4f (.text:ClockP_destruct)
                  00004536    00000018                              : HwiPMSP432_nortos.oem4f (.text:HwiP_delete)
                  0000454e    00000002     rtsv7M4_T_le_v4SPD16_eabi.lib : div0.asm.obj (.text)
                  00004550    00000018     nortos_msp432p401x.aem4f : HwiPMSP432_nortos.oem4f (.text:HwiP_inISR)
                  00004568    00000018     drivers_msp432p401x.aem4f : I2C.oem4f (.text:I2C_transfer)
                  00004580    00000018     msp432p4xx_driverlib.lib : sysctl_a.o (.text:SysCtl_A_disableNMISource)
                  00004598    00000018                              : sysctl_a.o (.text:SysCtl_A_enableNMISource)
                  000045b0    00000018     drivers_msp432p401x.aem4f : UART.oem4f (.text:UART_Params_init)
                  000045c8    00000018     nortos_msp432p401x.aem4f : startup_msp432_ccs.oem4f (.text:resetISR)
                  000045e0    00000016     display.aem4f : DisplayUart.oem4f (.text:DisplayUartMin_close)
                  000045f6    00000016     nortos_msp432p401x.aem4f : SemaphoreP_nortos.oem4f (.text:SemaphoreP_create)
                  0000460c    00000016                              : SwiP_nortos.oem4f (.text:maxbit)
                  00004622    00000016                              : SystemP_nortos.oem4f (.text:putChar)
                  00004638    00000014     drivers_msp432p401x.aem4f : PowerMSP432.oem4f (.text:Power_idleFunc)
                  0000464c    00000014     nortos_msp432p401x.aem4f : SwiP_nortos.oem4f (.text:SwiP_handleHwi)
                  00004660    00000014                              : TimerPMSP432_nortos.oem4f (.text:TimerP_getCount)
                  00004674    00000014     drivers_msp432p401x.aem4f : UARTMSP432.oem4f (.text:clearTXCPTIFG)
                  00004688    00000014     rtsv7M4_T_le_v4SPD16_eabi.lib : strlen.c.obj (.text:strlen)
                  0000469c    00000012     nortos_msp432p401x.aem4f : HwiPMSP432_nortos.oem4f (.text:HwiP_Params_init)
                  000046ae    00000012     drivers_msp432p401x.aem4f : RingBuf.oem4f (.text:RingBuf_construct)
                  000046c0    00000012     vl6180x.obj (.text:VL6180X_readRangeStatus)
                  000046d2    00000012     main_nortos.obj (.text:main)
                  000046e4    00000010     nortos_msp432p401x.aem4f : ClockPTimer_nortos.oem4f (.text:ClockP_Params_init)
                  000046f4    00000010                              : ClockPTimer_nortos.oem4f (.text:ClockP_delete)
                  00004704    00000010                              : HwiPMSP432_nortos.oem4f (.text:HwiP_disable)
                  00004714    00000010     drivers_msp432p401x.aem4f : I2C.oem4f (.text:I2C_Params_init)
                  00004724    00000010     msp432p4xx_driverlib.lib : interrupt.o (.text:Interrupt_disableMaster)
                  00004734    00000010                              : interrupt.o (.text:Interrupt_enableMaster)
                  00004744    00000010     drivers_msp432p401x.aem4f : PowerMSP432.oem4f (.text:PowerMSP432_getNumPerfLevels)
                  00004754    00000010                               : PowerMSP432.oem4f (.text:Power_disablePolicy)
                  00004764    00000010                               : PowerMSP432.oem4f (.text:Power_enablePolicy)
                  00004774    00000010     nortos_msp432p401x.aem4f : SemaphoreP_nortos.oem4f (.text:SemaphoreP_Params_init)
                  00004784    00000010                              : SwiP_nortos.oem4f (.text:SwiP_Params_init)
                  00004794    00000010     msp432p4xx_driverlib.lib : sysctl_a.o (.text:SysCtl_A_getNMISourceStatus)
                  000047a4    00000010     nortos_msp432p401x.aem4f : TimerPMSP432_nortos.oem4f (.text:TimerP_Params_init)
                  000047b4    00000010     drivers_msp432p401x.aem4f : UARTMSP432.oem4f (.text:readBlockingTimeout)
                  000047c4    0000000e     nortos_msp432p401x.aem4f : QueueP_nortos.oem4f (.text:QueueP_empty)
                  000047d2    0000000e                              : QueueP_nortos.oem4f (.text:QueueP_remove)
                  000047e0    0000000e     rtsv7M4_T_le_v4SPD16_eabi.lib : copy_decompress_none.c.obj (.text:decompress:none:__TI_decompress_none)
                  000047ee    0000000c     ti_drivers_config.obj (.text:Board_init)
                  000047fa    0000000c     msp432p4xx_driverlib.lib : cpu.o (.text:CPU_cpsid)
                  00004806    0000000c                              : cpu.o (.text:CPU_cpsie)
                  00004812    00000002     --HOLE-- [fill = 0]
                  00004814    0000000c     nortos_msp432p401x.aem4f : ClockPTimer_nortos.oem4f (.text:ClockP_doTick)
                  00004820    0000000c     drivers_msp432p401x.aem4f : PowerMSP432.oem4f (.text:Power_getPerformanceLevel)
                  0000482c    0000000c     nortos_msp432p401x.aem4f : TimerPMSP432_nortos.oem4f (.text:TimerP_getFreq)
                  00004838    0000000c                              : TimerPMSP432_nortos.oem4f (.text:TimerP_getMaxTicks)
                  00004844    0000000c     rtsv7M4_T_le_v4SPD16_eabi.lib : copy_zero_init.c.obj (.text:decompress:ZI:__TI_zero_init)
                  00004850    0000000a     drivers_msp432p401x.aem4f : UART.oem4f (.text:UART_close)
                  0000485a    0000000a                               : UART.oem4f (.text:UART_control)
                  00004864    0000000a                               : UART.oem4f (.text:UART_write)
                  0000486e    00000008     nortos_msp432p401x.aem4f : HwiPMSP432_nortos.oem4f (.text:HwiP_restore)
                  00004876    00000008     drivers_msp432p401x.aem4f : I2CMSP432.oem4f (.text:blockingTransferCallback)
                  0000487e    00000008     rtsv7M4_T_le_v4SPD16_eabi.lib : memory.c.obj (.text:malloc)
                  00004886    00000008     drivers_msp432p401x.aem4f : UARTMSP432.oem4f (.text:readSemCallback)
                  0000488e    00000008                               : UARTMSP432.oem4f (.text:txcptEnabledStatus)
                  00004896    00000008                               : UARTMSP432.oem4f (.text:writeSemCallback)
                  0000489e    00000006     nortos_msp432p401x.aem4f : ClockPTimer_nortos.oem4f (.text:ClockP_stop)
                  000048a4    00000006     display.aem4f : DisplayUart.oem4f (.text:DisplayUartMin_control)
                  000048aa    00000006                   : DisplayUart.oem4f (.text:DisplayUartMin_getType)
                  000048b0    00000006     drivers_msp432p401x.aem4f : I2CMSP432.oem4f (.text:I2CMSP432_control)
                  000048b6    00000006     nortos_msp432p401x.aem4f : QueueP_nortos.oem4f (.text:QueueP_init)
                  000048bc    00000004                              : ClockPTimer_nortos.oem4f (.text:ClockP_isActive)
                  000048c0    00000004                              : ClockPTimer_nortos.oem4f (.text:ClockP_setTimeout)
                  000048c4    00000004                              : HwiPMSP432_nortos.oem4f (.text:HwiP_enable)
                  000048c8    00000004                              : HwiPMSP432_nortos.oem4f (.text:HwiP_post)
                  000048cc    00000004                              : QueueP_nortos.oem4f (.text:QueueP_head)
                  000048d0    00000004                              : QueueP_nortos.oem4f (.text:QueueP_next)
                  000048d4    00000004                              : SemaphoreP_nortos.oem4f (.text:SemaphoreP_delete)
                  000048d8    00000004                              : SystemP_nortos.oem4f (.text:SystemP_vsnprintf)
                  000048dc    00000004                              : TimerPMSP432_nortos.oem4f (.text:TimerP_setPeriod)
                  000048e0    00000004     rtsv7M4_T_le_v4SPD16_eabi.lib : pre_init.c.obj (.text:_system_pre_init)
                  000048e4    00000004                                   : exit.c.obj (.text:abort:abort)

.const     0    000048e8    00000245     
                  000048e8    00000050     msp432p4xx_driverlib.lib : interrupt.o (.const:g_pulRegs)
                  00004938    00000038     ti_drivers_config.obj (.const:PowerMSP432_config)
                  00004970    0000002c     ti_drivers_config.obj (.const:uartMSP432HWAttrs)
                  0000499c    00000028     drivers_msp432p401x.aem4f : UARTMSP432.oem4f (.const:UARTMSP432_fxnTable)
                  000049c4    00000028     ti_drivers_config.obj (.const:i2cMSP432HWAttrs)
                  000049ec    00000024     drivers_msp432p401x.aem4f : UART.oem4f (.const:UART_defaultParams)
                  00004a10    00000020     display.aem4f : DisplayUart.oem4f (.const:DisplayUartMin_fxnTable)
                  00004a30    00000020     drivers_msp432p401x.aem4f : UARTMSP432.oem4f (.const:staticFxnTable)
                  00004a50    00000018                               : I2CMSP432.oem4f (.const:I2CMSP432_fxnTable)
                  00004a68    00000018     ti_drivers_config.obj (.const:I2C_config)
                  00004a80    00000014     ti_drivers_config.obj (.const:GPIOMSP432_config)
                  00004a94    00000014     ti_drivers_config.obj (.const:displayUartHWAttrs)
                  00004aa8    00000010     drivers_msp432p401x.aem4f : I2C.oem4f (.const:I2C_defaultParams)
                  00004ab8    00000010     nortos_msp432p401x.aem4f : SwiP_nortos.oem4f (.const:SwiP_defaultParams)
                  00004ac8    00000010     ti_drivers_config.obj (.const:uartMSP432Baudrates)
                  00004ad8    0000000c     ti_drivers_config.obj (.const:Display_config)
                  00004ae4    0000000c     ti_drivers_config.obj (.const:UART_config)
                  00004af0    0000000c     drivers_msp432p401x.aem4f : I2CMSP432.oem4f (.const:bitRates)
                  00004afc    00000008     msp432p4xx_driverlib.lib : interrupt.o (.const:g_pulDisRegs)
                  00004b04    00000008                              : interrupt.o (.const:g_pulEnRegs)
                  00004b0c    00000008                              : interrupt.o (.const:g_pulPendRegs)
                  00004b14    00000006     drivers_msp432p401x.aem4f : GPIOMSP432.oem4f (.const:.string:interruptType)
                  00004b1a    00000006                               : GPIOMSP432.oem4f (.const:.string:portInterruptIds)
                  00004b20    00000005                               : UARTMSP432.oem4f (.const:.string:parityTypes)
                  00004b25    00000001     display.aem4f : Display.oem4f (.const:Display_defaultParams)
                  00004b26    00000004     drivers_msp432p401x.aem4f : UARTMSP432.oem4f (.const:stopBits)
                  00004b2a    00000003     ti_drivers_config.obj (.const)

.cinit     0    00004b30    000000d0     
                  00004b30    00000095     (.cinit..data.load) [load image, compression = lzss]
                  00004bc5    00000003     --HOLE-- [fill = 0]
                  00004bc8    0000000c     (__TI_handler_table)
                  00004bd4    00000004     --HOLE-- [fill = 0]
                  00004bd8    00000008     (.cinit..bss.load) [load image, compression = zero_init]
                  00004be0    00000008     (.cinit..vtable.load) [load image, compression = zero_init]
                  00004be8    00000018     (__TI_cinit_table)

.init_array 
*          0    00000000    00000000     UNINITIALIZED

.intvecs   0    00000000    00000144     
                  00000000    00000144     nortos_msp432p401x.aem4f : startup_msp432_ccs.oem4f (.intvecs:retain)

.sysmem    0    20000000    00008000     UNINITIALIZED
                  20000000    00000010     rtsv7M4_T_le_v4SPD16_eabi.lib : memory.c.obj (.sysmem)
                  20000010    00007ff0     --HOLE--

.bss       0    20008000    000006f0     UNINITIALIZED
                  20008000    00000400     ti_drivers_config.obj (.bss:displayUARTBuffer)
                  20008400    000000a0     nortos_msp432p401x.aem4f : ClockPTimer_nortos.oem4f (.bss:ClockP_module)
                  200084a0    000000a0     (.common:i2cMSP432Objects)
                  20008540    00000080     (.common:uartMSP432Objects)
                  200085c0    00000030     drivers_msp432p401x.aem4f : GPIOMSP432.oem4f (.bss:gpioCallbackInfo)
                  200085f0    00000020     nortos_msp432p401x.aem4f : SwiP_nortos.oem4f (.bss:SwiP_readyList)
                  20008610    00000020     ti_drivers_config.obj (.bss:uartMSP432RingBuffer0)
                  20008630    0000001c     nortos_msp432p401x.aem4f : SwiP_nortos.oem4f (.bss:SwiP_hwiStruct)
                  2000864c    0000001c                              : TimerPMSP432_nortos.oem4f (.bss:TimerP_hwiStruct)
                  20008668    0000001c     (.common:i2cTransaction)
                  20008684    00000010     (.common:i2cParams)
                  20008694    0000000d                              : SwiP_nortos.oem4f (.bss)
                  200086a1    00000003     --HOLE--
                  200086a4    0000000c     (.common:displayUartObject)
                  200086b0    0000000c     (.common:readBuffer)
                  200086bc    0000000c     (.common:writeBuffer)
                  200086c8    00000008     msp432p4xx_driverlib.lib : cs.o (.bss)
                  200086d0    00000008     nortos_msp432p401x.aem4f : ClockPTimer_nortos.oem4f (.bss:timerFreq)
                  200086d8    00000004     drivers_msp432p401x.aem4f : GPIOMSP432.oem4f (.bss)
                  200086dc    00000004     nortos_msp432p401x.aem4f : ClockPTimer_nortos.oem4f (.bss)
                  200086e0    00000004                              : TimerPMSP432_nortos.oem4f (.bss)
                  200086e4    00000004     vl6180x.obj (.bss)
                  200086e8    00000004     (.common:i2c0)
                  200086ec    00000004     (.common:i2c1)

.data      0    200086f0    00000316     UNINITIALIZED
                  200086f0    00000140     nortos_msp432p401x.aem4f : HwiPMSP432_nortos.oem4f (.data:HwiP_dispatchTable)
                  20008830    00000140     drivers_msp432p401x.aem4f : PowerMSP432.oem4f (.data:PowerMSP432_perfLevels)
                  20008970    0000002c                               : PowerMSP432.oem4f (.data:PowerMSP432_module)
                  2000899c    00000010     ti_drivers_config.obj (.data:gpioCallbackFunctions)
                  200089ac    00000010     ti_drivers_config.obj (.data:gpioPinConfigs)
                  200089bc    0000000c     nortos_msp432p401x.aem4f : ClockPTimer_nortos.oem4f (.data:ClockP_defaultParams)
                  200089c8    0000000c                              : TimerPMSP432_nortos.oem4f (.data:TimerP_defaultParams)
                  200089d4    00000008     rtsv7M4_T_le_v4SPD16_eabi.lib : _lock.c.obj (.data:$O1$$)
                  200089dc    00000008                                   : memory.c.obj (.data:$O1$$)
                  200089e4    00000008     nortos_msp432p401x.aem4f : SemaphoreP_nortos.oem4f (.data:SemaphoreP_defaultParams)
                  200089ec    00000008                              : ClockPTimer_nortos.oem4f (.data)
                  200089f4    00000008                              : HwiPMSP432_nortos.oem4f (.data)
                  200089fc    00000003                              : SemaphoreP_nortos.oem4f (.data)
                  200089ff    00000002     drivers_msp432p401x.aem4f : GPIOMSP432.oem4f (.data)
                  20008a01    00000001                               : I2C.oem4f (.data)
                  20008a02    00000001                               : UART.oem4f (.data)
                  20008a03    00000001     nortos_msp432p401x.aem4f : SwiP_nortos.oem4f (.data)
                  20008a04    00000001                              : TimerPMSP432_nortos.oem4f (.data)
                  20008a05    00000001     vl6180x.obj (.data)

.vtable    0    20008c00    000000e8     UNINITIALIZED
                  20008c00    000000e8     msp432p4xx_driverlib.lib : interrupt.o (.vtable)

.stack     0    2000f000    00001000     UNINITIALIZED
                  2000f000    00000004     rtsv7M4_T_le_v4SPD16_eabi.lib : boot_cortex_m.c.obj (.stack)
                  2000f004    00000ffc     --HOLE--

__llvm_prf_cnts 
*          0    20000000    00000000     UNINITIALIZED

.binit     0    00000000    00000000     

MODULE SUMMARY

       Module                       code    ro data   rw data
       ------                       ----    -------   -------
    .\
       vl6180x.obj                  1788    0         162    
       main_nortos.obj              18      0         0      
    +--+----------------------------+-------+---------+---------+
       Total:                       1806    0         162    
                                                             
    .\syscfg\
       ti_drivers_config.obj        14      247       2776   
    +--+----------------------------+-------+---------+---------+
       Total:                       14      247       2776   
                                                             
    C:/ti/simplelink_msp432p4_sdk_3_40_01_02/kernel/nortos/lib/nortos_msp432p401x.aem4f
       ClockPTimer_nortos.oem4f     884     0         384    
       HwiPMSP432_nortos.oem4f      288     0         656    
       SystemP_nortos.oem4f         863     0         0      
       TimerPMSP432_nortos.oem4f    676     0         90     
       SwiP_nortos.oem4f            534     16        148    
       SemaphoreP_nortos.oem4f      378     0         22     
       startup_msp432_ccs.oem4f     32      324       0      
       QueueP_nortos.oem4f          100     0         0      
       PowerMSP432_nortos.oem4f     2       0         0      
    +--+----------------------------+-------+---------+---------+
       Total:                       3757    340       1300   
                                                             
    C:/ti/simplelink_msp432p4_sdk_3_40_01_02/source/ti/devices/msp432p4xx/driverlib/ccs/msp432p4xx_driverlib.lib
       interrupt.o                  598     104       464    
       cs.o                         704     0         16     
       uart.o                       284     0         0      
       i2c.o                        108     0         0      
       sysctl_a.o                   64      0         0      
       cpu.o                        24      0         0      
    +--+----------------------------+-------+---------+---------+
       Total:                       1782    104       480    
                                                             
    C:/ti/simplelink_msp432p4_sdk_3_40_01_02/source/ti/display/lib/display.aem4f
       DisplayUart.oem4f            184     32        0      
       Display.oem4f                174     1         0      
    +--+----------------------------+-------+---------+---------+
       Total:                       358     33        0      
                                                             
    C:/ti/simplelink_msp432p4_sdk_3_40_01_02/source/ti/drivers/lib/drivers_msp432p401x.aem4f
       UARTMSP432.oem4f             3406    81        0      
       I2CMSP432.oem4f              2028    36        0      
       PowerMSP432.oem4f            1228    0         728    
       GPIOMSP432.oem4f             884     12        108    
       UART.oem4f                   186     36        2      
       I2C.oem4f                    172     16        2      
       RingBuf.oem4f                184     0         0      
       List.oem4f                   76      0         0      
    +--+----------------------------+-------+---------+---------+
       Total:                       8164    181       840    
                                                             
    C:\ti\ccs1020\ccs\tools\compiler\ti-cgt-arm_20.2.2.LTS\lib\rtsv7M4_T_le_v4SPD16_eabi.lib
       memory.c.obj                 672     0         16     
       fd_add_t2.asm.obj            438     0         0      
       fd_mul_t2.asm.obj            252     0         0      
       memcpy_t2.asm.obj            156     0         0      
       ull_div_t2.asm.obj           150     0         0      
       fd_cmp_t2.asm.obj            134     0         0      
       memset_t2.asm.obj            122     0         0      
       copy_decompress_lzss.c.obj   104     0         0      
       fd_toi_t2.asm.obj            72      0         0      
       autoinit.c.obj               68      0         0      
       fd_tou_t2.asm.obj            68      0         0      
       u_divt2.asm.obj              64      0         0      
       boot_cortex_m.c.obj          52      0         0      
       i_tofd_t2.asm.obj            46      0         0      
       strlen.c.obj                 20      0         0      
       _lock.c.obj                  2       0         16     
       copy_decompress_none.c.obj   14      0         0      
       copy_zero_init.c.obj         12      0         0      
       exit.c.obj                   4       0         0      
       pre_init.c.obj               4       0         0      
       div0.asm.obj                 2       0         0      
    +--+----------------------------+-------+---------+---------+
       Total:                       2456    0         32     
                                                             
       Heap:                        0       0         65536  
       Stack:                       0       0         8192   
       Linker Generated:            0       201       0      
    +--+----------------------------+-------+---------+---------+
       Grand Total:                 18337   1106      79318  


LINKER GENERATED COPY TABLES

__TI_cinit_table @ 00004be8 records: 3, size/record: 8, table size: 24
	.data: load addr=00004b30, load size=00000095 bytes, run addr=200086f0, run size=00000316 bytes, compression=lzss
	.bss: load addr=00004bd8, load size=00000008 bytes, run addr=20008000, run size=000006f0 bytes, compression=zero_init
	.vtable: load addr=00004be0, load size=00000008 bytes, run addr=20008c00, run size=000000e8 bytes, compression=zero_init


LINKER GENERATED HANDLER TABLE

__TI_handler_table @ 00004bc8 records: 3, size/record: 4, table size: 12
	index: 0, handler: __TI_decompress_lzss
	index: 1, handler: __TI_decompress_none
	index: 2, handler: __TI_zero_init


GLOBAL SYMBOLS: SORTED ALPHABETICALLY BY Name 

address   name                              
-------   ----                              
000047ef  Board_init                        
0000115b  Board_initHook                    
000048e5  C$$EXIT                           
000047fb  CPU_cpsid                         
00004807  CPU_cpsie                         
000043d9  CS_setExternalClockSourceFrequency
0000195d  CS_startHFXTWithTimeout           
00001b25  CS_startLFXTWithTimeout           
000046e5  ClockP_Params_init                
000043f9  ClockP_add                        
00003b19  ClockP_construct                  
000044d1  ClockP_create                     
000046f5  ClockP_delete                     
0000451f  ClockP_destruct                   
00004815  ClockP_doTick                     
0000436d  ClockP_getTicks                   
000048bd  ClockP_isActive                   
00004391  ClockP_scheduleNextTick           
000048c1  ClockP_setTimeout                 
00002e19  ClockP_start                      
000021b1  ClockP_startup                    
0000489f  ClockP_stop                       
200089f0  ClockP_tickPeriod                 
00003015  ClockP_walkQueueDynamic           
000023cd  ClockP_workFuncDynamic            
0000203f  DisplayUartMin_clear              
00002bef  DisplayUartMin_clearLines         
000045e1  DisplayUartMin_close              
000048a5  DisplayUartMin_control            
00004a10  DisplayUartMin_fxnTable           
000048ab  DisplayUartMin_getType            
00002d93  DisplayUartMin_init               
00003acd  DisplayUartMin_open               
00003bf1  DisplayUartMin_vprintf            
00004ad8  Display_config                    
00004b2a  Display_count                     
00004b25  Display_defaultParams             
00004259  Display_doInit                    
000037c5  Display_doOpen                    
00004203  Display_doPrintf                  
00004a80  GPIOMSP432_config                 
000034f5  GPIO_hwiIntFxn                    
00002479  GPIO_init                         
00003765  GPIO_setCallback                  
0000115d  GPIO_setConfig                    
00004099  GPIO_toggle                       
0000387d  GPIO_write                        
0000469d  HwiP_Params_init                  
000031ed  HwiP_construct                    
0000422d  HwiP_create                       
00004537  HwiP_delete                       
00004705  HwiP_disable                      
000043b5  HwiP_dispatch                     
000048c5  HwiP_enable                       
00004551  HwiP_inISR                        
200089f4  HwiP_key                          
000048c9  HwiP_post                         
0000486f  HwiP_restore                      
200089f8  HwiP_swiPIntNum                   
00002525  I2CMSP432_cancel                  
0000308d  I2CMSP432_close                   
000048b1  I2CMSP432_control                 
00004a50  I2CMSP432_fxnTable                
00000fd7  I2CMSP432_hwiIntFxn               
00003013  I2CMSP432_init                    
00000c29  I2CMSP432_open                    
0000186d  I2CMSP432_transfer                
00004715  I2C_Params_init                   
00004a68  I2C_config                        
00004b2b  I2C_count                         
00004aa8  I2C_defaultParams                 
00003c7d  I2C_init                          
0000341d  I2C_masterSendMultiByteFinish     
00003e9d  I2C_open                          
00004569  I2C_transfer                      
00002e99  Interrupt_disableInterrupt        
00004725  Interrupt_disableMaster           
00002f19  Interrupt_enableInterrupt         
00004735  Interrupt_enableMaster            
0000355d  Interrupt_pendInterrupt           
00003821  Interrupt_registerInterrupt       
000039dd  Interrupt_setPriority             
00004499  Interrupt_unregisterInterrupt     
00004321  List_put                          
00004347  List_remove                       
000048c5  NoRTOS_start                      
00004938  PowerMSP432_config                
000035c5  PowerMSP432_getFreqs              
00004745  PowerMSP432_getNumPerfLevels      
20008970  PowerMSP432_module                
20008830  PowerMSP432_perfLevels            
000033ab  PowerMSP432_updateFreqs           
00004755  Power_disablePolicy               
00004765  Power_enablePolicy                
00004821  Power_getPerformanceLevel         
00004639  Power_idleFunc                    
00002861  Power_init                        
00004281  Power_registerNotify              
00003b61  Power_releaseConstraint           
000040d1  Power_setConstraint               
00004419  Power_unregisterNotify            
000047c5  QueueP_empty                      
000044eb  QueueP_get                        
000048cd  QueueP_head                       
000048b7  QueueP_init                       
000048d1  QueueP_next                       
00004439  QueueP_put                        
000047d3  QueueP_remove                     
000046af  RingBuf_construct                 
00003edd  RingBuf_get                       
00004459  RingBuf_peek                      
00003c37  RingBuf_put                       
00004775  SemaphoreP_Params_init            
00003a31  SemaphoreP_construct              
000045f7  SemaphoreP_create                 
00004505  SemaphoreP_createBinary           
200089e4  SemaphoreP_defaultParams          
000048d5  SemaphoreP_delete                 
00002721  SemaphoreP_pend                   
00003cc1  SemaphoreP_post                   
00004785  SwiP_Params_init                  
00001e9d  SwiP_construct                    
000028fd  SwiP_dispatch                     
0000362d  SwiP_post                         
00004581  SysCtl_A_disableNMISource         
00004599  SysCtl_A_enableNMISource          
00004795  SysCtl_A_getNMISourceStatus       
000048d9  SystemP_vsnprintf                 
000047a5  TimerP_Params_init                
00001c05  TimerP_construct                  
000038d5  TimerP_dynamicStub                
00003489  TimerP_getCurrentTick             
0000482d  TimerP_getFreq                    
00004839  TimerP_getMaxTicks                
0000405d  TimerP_initDevice                 
00003f1d  TimerP_setNextTick                
000048dd  TimerP_setPeriod                  
00003d05  TimerP_start                      
00002acb  UARTMSP432_close                  
00002265  UARTMSP432_control                
0000499c  UARTMSP432_fxnTable               
00001f75  UARTMSP432_hwiIntFxn              
0000341b  UARTMSP432_init                   
0000041d  UARTMSP432_open                   
00003f5d  UARTMSP432_read                   
00004109  UARTMSP432_readCancel             
00001ce5  UARTMSP432_readPolling            
000025d1  UARTMSP432_write                  
0000325d  UARTMSP432_writeCancel            
00002319  UARTMSP432_writePolling           
000045b1  UART_Params_init                  
00004851  UART_close                        
00004ae4  UART_config                       
0000485b  UART_control                      
00004b2c  UART_count                        
000049ec  UART_defaultParams                
00003d49  UART_init                         
00001439  UART_initModule                   
00003f9d  UART_open                         
00004865  UART_write                        
0000333d  VL6180X_configureDefault          
000012cd  VL6180X_init                      
00003e59  VL6180X_readRange                 
000046c1  VL6180X_readRangeStatus           
00004479  VL6180X_startRange                
4000480c  WDTCTL_SYM                        
20010000  __STACK_END                       
00001000  __STACK_SIZE                      
00008000  __SYSMEM_SIZE                     
00004be8  __TI_CINIT_Base                   
00004c00  __TI_CINIT_Limit                  
00004bc8  __TI_Handler_Table_Base           
00004bd4  __TI_Handler_Table_Limit          
00003d8d  __TI_auto_init_nobinit_nopinit    
00003695  __TI_decompress_lzss              
000047e1  __TI_decompress_none              
ffffffff  __TI_pprof_out_hndl               
ffffffff  __TI_prof_data_size               
ffffffff  __TI_prof_data_start              
00004b30  __TI_static_base__                
00004845  __TI_zero_init                    
00002d0d  __aeabi_cdcmpeq                   
00002d0d  __aeabi_cdcmple                   
00003ba9  __aeabi_d2iz                      
00003e15  __aeabi_d2uiz                     
00000e2b  __aeabi_dadd                      
00001771  __aeabi_dmul                      
00000e21  __aeabi_dsub                      
000041d5  __aeabi_i2d                       
0000454f  __aeabi_idiv0                     
0000454f  __aeabi_ldiv0                     
00002f99  __aeabi_memclr                    
00002f99  __aeabi_memclr4                   
00002f99  __aeabi_memclr8                   
00002999  __aeabi_memcpy                    
00002999  __aeabi_memcpy4                   
00002999  __aeabi_memcpy8                   
00002f9b  __aeabi_memset                    
00002f9b  __aeabi_memset4                   
00002f9b  __aeabi_memset8                   
0000401d  __aeabi_uidiv                     
0000401d  __aeabi_uidivmod                  
00002a35  __aeabi_uldivmod                  
ffffffff  __binit__                         
ffffffff  __c_args__                        
UNDEFED   __mpu_init                        
2000f000  __stack                           
20000000  __start___llvm_prf_cnts           
20000000  __stop___llvm_prf_cnts            
00004141  _c_int00_noargs                   
200089d4  _lock                             
000039db  _nop                              
20000000  _sys_memory                       
UNDEFED   _system_post_cinit                
000048e1  _system_pre_init                  
200089d8  _unlock                           
000048e5  abort                             
00001671  aligned_alloc                     
ffffffff  binit                             
00003e9b  clkFxn                            
00004a94  displayUartHWAttrs                
200086a4  displayUartObject                 
00001a41  free                              
20008c00  g_pfnRAMVectors                   
2000899c  gpioCallbackFunctions             
200089ac  gpioPinConfigs                    
200086e8  i2c0                              
200086ec  i2c1                              
000049c4  i2cMSP432HWAttrs                  
200084a0  i2cMSP432Objects                  
20008684  i2cParams                         
20008668  i2cTransaction                    
00000000  interruptVectors                  
000046d3  main                              
000006ed  mainThread                        
0000487f  malloc                            
00001671  memalign                          
00002999  memcpy                            
00002fa1  memset                            
200086b0  readBuffer                        
00003105  readReg                           
00002bf1  readReg16Bit                      
000045c9  resetISR                          
20008a05  retVal                            
00004689  strlen                            
20008540  uartMSP432Objects                 
200086bc  writeBuffer                       
00003179  writeReg                          
00002d95  writeReg16Bit                     


GLOBAL SYMBOLS: SORTED BY Symbol Address 

address   name                              
-------   ----                              
00000000  interruptVectors                  
0000041d  UARTMSP432_open                   
000006ed  mainThread                        
00000c29  I2CMSP432_open                    
00000e21  __aeabi_dsub                      
00000e2b  __aeabi_dadd                      
00000fd7  I2CMSP432_hwiIntFxn               
00001000  __STACK_SIZE                      
0000115b  Board_initHook                    
0000115d  GPIO_setConfig                    
000012cd  VL6180X_init                      
00001439  UART_initModule                   
00001671  aligned_alloc                     
00001671  memalign                          
00001771  __aeabi_dmul                      
0000186d  I2CMSP432_transfer                
0000195d  CS_startHFXTWithTimeout           
00001a41  free                              
00001b25  CS_startLFXTWithTimeout           
00001c05  TimerP_construct                  
00001ce5  UARTMSP432_readPolling            
00001e9d  SwiP_construct                    
00001f75  UARTMSP432_hwiIntFxn              
0000203f  DisplayUartMin_clear              
000021b1  ClockP_startup                    
00002265  UARTMSP432_control                
00002319  UARTMSP432_writePolling           
000023cd  ClockP_workFuncDynamic            
00002479  GPIO_init                         
00002525  I2CMSP432_cancel                  
000025d1  UARTMSP432_write                  
00002721  SemaphoreP_pend                   
00002861  Power_init                        
000028fd  SwiP_dispatch                     
00002999  __aeabi_memcpy                    
00002999  __aeabi_memcpy4                   
00002999  __aeabi_memcpy8                   
00002999  memcpy                            
00002a35  __aeabi_uldivmod                  
00002acb  UARTMSP432_close                  
00002bef  DisplayUartMin_clearLines         
00002bf1  readReg16Bit                      
00002d0d  __aeabi_cdcmpeq                   
00002d0d  __aeabi_cdcmple                   
00002d93  DisplayUartMin_init               
00002d95  writeReg16Bit                     
00002e19  ClockP_start                      
00002e99  Interrupt_disableInterrupt        
00002f19  Interrupt_enableInterrupt         
00002f99  __aeabi_memclr                    
00002f99  __aeabi_memclr4                   
00002f99  __aeabi_memclr8                   
00002f9b  __aeabi_memset                    
00002f9b  __aeabi_memset4                   
00002f9b  __aeabi_memset8                   
00002fa1  memset                            
00003013  I2CMSP432_init                    
00003015  ClockP_walkQueueDynamic           
0000308d  I2CMSP432_close                   
00003105  readReg                           
00003179  writeReg                          
000031ed  HwiP_construct                    
0000325d  UARTMSP432_writeCancel            
0000333d  VL6180X_configureDefault          
000033ab  PowerMSP432_updateFreqs           
0000341b  UARTMSP432_init                   
0000341d  I2C_masterSendMultiByteFinish     
00003489  TimerP_getCurrentTick             
000034f5  GPIO_hwiIntFxn                    
0000355d  Interrupt_pendInterrupt           
000035c5  PowerMSP432_getFreqs              
0000362d  SwiP_post                         
00003695  __TI_decompress_lzss              
00003765  GPIO_setCallback                  
000037c5  Display_doOpen                    
00003821  Interrupt_registerInterrupt       
0000387d  GPIO_write                        
000038d5  TimerP_dynamicStub                
000039db  _nop                              
000039dd  Interrupt_setPriority             
00003a31  SemaphoreP_construct              
00003acd  DisplayUartMin_open               
00003b19  ClockP_construct                  
00003b61  Power_releaseConstraint           
00003ba9  __aeabi_d2iz                      
00003bf1  DisplayUartMin_vprintf            
00003c37  RingBuf_put                       
00003c7d  I2C_init                          
00003cc1  SemaphoreP_post                   
00003d05  TimerP_start                      
00003d49  UART_init                         
00003d8d  __TI_auto_init_nobinit_nopinit    
00003e15  __aeabi_d2uiz                     
00003e59  VL6180X_readRange                 
00003e9b  clkFxn                            
00003e9d  I2C_open                          
00003edd  RingBuf_get                       
00003f1d  TimerP_setNextTick                
00003f5d  UARTMSP432_read                   
00003f9d  UART_open                         
0000401d  __aeabi_uidiv                     
0000401d  __aeabi_uidivmod                  
0000405d  TimerP_initDevice                 
00004099  GPIO_toggle                       
000040d1  Power_setConstraint               
00004109  UARTMSP432_readCancel             
00004141  _c_int00_noargs                   
000041d5  __aeabi_i2d                       
00004203  Display_doPrintf                  
0000422d  HwiP_create                       
00004259  Display_doInit                    
00004281  Power_registerNotify              
00004321  List_put                          
00004347  List_remove                       
0000436d  ClockP_getTicks                   
00004391  ClockP_scheduleNextTick           
000043b5  HwiP_dispatch                     
000043d9  CS_setExternalClockSourceFrequency
000043f9  ClockP_add                        
00004419  Power_unregisterNotify            
00004439  QueueP_put                        
00004459  RingBuf_peek                      
00004479  VL6180X_startRange                
00004499  Interrupt_unregisterInterrupt     
000044d1  ClockP_create                     
000044eb  QueueP_get                        
00004505  SemaphoreP_createBinary           
0000451f  ClockP_destruct                   
00004537  HwiP_delete                       
0000454f  __aeabi_idiv0                     
0000454f  __aeabi_ldiv0                     
00004551  HwiP_inISR                        
00004569  I2C_transfer                      
00004581  SysCtl_A_disableNMISource         
00004599  SysCtl_A_enableNMISource          
000045b1  UART_Params_init                  
000045c9  resetISR                          
000045e1  DisplayUartMin_close              
000045f7  SemaphoreP_create                 
00004639  Power_idleFunc                    
00004689  strlen                            
0000469d  HwiP_Params_init                  
000046af  RingBuf_construct                 
000046c1  VL6180X_readRangeStatus           
000046d3  main                              
000046e5  ClockP_Params_init                
000046f5  ClockP_delete                     
00004705  HwiP_disable                      
00004715  I2C_Params_init                   
00004725  Interrupt_disableMaster           
00004735  Interrupt_enableMaster            
00004745  PowerMSP432_getNumPerfLevels      
00004755  Power_disablePolicy               
00004765  Power_enablePolicy                
00004775  SemaphoreP_Params_init            
00004785  SwiP_Params_init                  
00004795  SysCtl_A_getNMISourceStatus       
000047a5  TimerP_Params_init                
000047c5  QueueP_empty                      
000047d3  QueueP_remove                     
000047e1  __TI_decompress_none              
000047ef  Board_init                        
000047fb  CPU_cpsid                         
00004807  CPU_cpsie                         
00004815  ClockP_doTick                     
00004821  Power_getPerformanceLevel         
0000482d  TimerP_getFreq                    
00004839  TimerP_getMaxTicks                
00004845  __TI_zero_init                    
00004851  UART_close                        
0000485b  UART_control                      
00004865  UART_write                        
0000486f  HwiP_restore                      
0000487f  malloc                            
0000489f  ClockP_stop                       
000048a5  DisplayUartMin_control            
000048ab  DisplayUartMin_getType            
000048b1  I2CMSP432_control                 
000048b7  QueueP_init                       
000048bd  ClockP_isActive                   
000048c1  ClockP_setTimeout                 
000048c5  HwiP_enable                       
000048c5  NoRTOS_start                      
000048c9  HwiP_post                         
000048cd  QueueP_head                       
000048d1  QueueP_next                       
000048d5  SemaphoreP_delete                 
000048d9  SystemP_vsnprintf                 
000048dd  TimerP_setPeriod                  
000048e1  _system_pre_init                  
000048e5  C$$EXIT                           
000048e5  abort                             
00004938  PowerMSP432_config                
0000499c  UARTMSP432_fxnTable               
000049c4  i2cMSP432HWAttrs                  
000049ec  UART_defaultParams                
00004a10  DisplayUartMin_fxnTable           
00004a50  I2CMSP432_fxnTable                
00004a68  I2C_config                        
00004a80  GPIOMSP432_config                 
00004a94  displayUartHWAttrs                
00004aa8  I2C_defaultParams                 
00004ad8  Display_config                    
00004ae4  UART_config                       
00004b25  Display_defaultParams             
00004b2a  Display_count                     
00004b2b  I2C_count                         
00004b2c  UART_count                        
00004b30  __TI_static_base__                
00004bc8  __TI_Handler_Table_Base           
00004bd4  __TI_Handler_Table_Limit          
00004be8  __TI_CINIT_Base                   
00004c00  __TI_CINIT_Limit                  
00008000  __SYSMEM_SIZE                     
20000000  __start___llvm_prf_cnts           
20000000  __stop___llvm_prf_cnts            
20000000  _sys_memory                       
200084a0  i2cMSP432Objects                  
20008540  uartMSP432Objects                 
20008668  i2cTransaction                    
20008684  i2cParams                         
200086a4  displayUartObject                 
200086b0  readBuffer                        
200086bc  writeBuffer                       
200086e8  i2c0                              
200086ec  i2c1                              
20008830  PowerMSP432_perfLevels            
20008970  PowerMSP432_module                
2000899c  gpioCallbackFunctions             
200089ac  gpioPinConfigs                    
200089d4  _lock                             
200089d8  _unlock                           
200089e4  SemaphoreP_defaultParams          
200089f0  ClockP_tickPeriod                 
200089f4  HwiP_key                          
200089f8  HwiP_swiPIntNum                   
20008a05  retVal                            
20008c00  g_pfnRAMVectors                   
2000f000  __stack                           
20010000  __STACK_END                       
4000480c  WDTCTL_SYM                        
ffffffff  __TI_pprof_out_hndl               
ffffffff  __TI_prof_data_size               
ffffffff  __TI_prof_data_start              
ffffffff  __binit__                         
ffffffff  __c_args__                        
ffffffff  binit                             
UNDEFED   __mpu_init                        
UNDEFED   _system_post_cinit                

[249 symbols]
