******************************************************************************
                  TI ARM Linker Unix v20.2.2                   
******************************************************************************
>> Linked Wed Mar  3 23:35:12 2021

OUTPUT FILE NAME:   <vl6180x_MSP_EXP432P401R_nortos_ccs.out>
ENTRY POINT SYMBOL: "resetISR"  address: 000047b1


MEMORY CONFIGURATION

         name            origin    length      used     unused   attr    fill
----------------------  --------  ---------  --------  --------  ----  --------
  MAIN                  00000000   00040000  00004e64  0003b19c  R  X
  INFO                  00200000   00004000  00000000  00004000  R  X
  SRAM_CODE             01000000   00010000  00009b03  000064fd  RW X
  SRAM_DATA             20000000   00010000  00009b03  000064fd  RW  


SEGMENT ALLOCATION MAP

run origin  load origin   length   init length attrs members
----------  ----------- ---------- ----------- ----- -------
00000000    00000000    00004e68   00004e68    r-x
  00000000    00000000    00000144   00000144    r-- .intvecs
  00000144    00000144    000049ce   000049ce    r-x .text
  00004b14    00004b14    00000282   00000282    r-- .const
  00004d98    00004d98    000000d0   000000d0    r-- .cinit
20000000    20000000    00008a1b   00000000    rw-
  20000000    20000000    00008000   00000000    rw- .sysmem
  20008000    20008000    000006fc   00000000    rw- .bss
  200086fc    200086fc    0000031f   00000000    rw- .data
20008c00    20008c00    000000e8   00000000    rw-
  20008c00    20008c00    000000e8   00000000    rw- .vtable
2000f000    2000f000    00001000   00000000    rw-
  2000f000    2000f000    00001000   00000000    rw- .stack


SECTION ALLOCATION MAP

 output                                  attributes/
section   page    origin      length       input sections
--------  ----  ----------  ----------   ----------------
.text      0    00000144    000049ce     
                  00000144    00000334     vl6180x.obj (.text:mainThread)
                  00000478    000002d8     nortos_msp432p401x.aem4f : SystemP_nortos.oem4f (.text:doPrint)
                  00000750    000002d0     drivers_msp432p401x.aem4f : UARTMSP432.oem4f (.text:UARTMSP432_open)
                  00000a20    00000288                               : PowerMSP432.oem4f (.text:initPerfControl)
                  00000ca8    000001f8                               : I2CMSP432.oem4f (.text:I2CMSP432_open)
                  00000ea0    000001b6     rtsv7M4_T_le_v4SPD16_eabi.lib : fd_add_t2.asm.obj (.text)
                  00001056    00000184     drivers_msp432p401x.aem4f : I2CMSP432.oem4f (.text:I2CMSP432_hwiIntFxn)
                  000011da    00000002     ti_drivers_config.obj (.text:Board_initHook)
                  000011dc    00000170     drivers_msp432p401x.aem4f : GPIOMSP432.oem4f (.text:GPIO_setConfig)
                  0000134c    0000016c     vl6180x.obj (.text:VL6180X_init)
                  000014b8    0000011c     msp432p4xx_driverlib.lib : uart.o (.text:UART_initModule)
                  000015d4    0000011c     drivers_msp432p401x.aem4f : I2CMSP432.oem4f (.text:primeTransfer)
                  000016f0    00000100     rtsv7M4_T_le_v4SPD16_eabi.lib : memory.c.obj (.text:aligned_alloc)
                  000017f0    000000fc                                   : fd_mul_t2.asm.obj (.text)
                  000018ec    000000f0     drivers_msp432p401x.aem4f : I2CMSP432.oem4f (.text:I2CMSP432_transfer)
                  000019dc    000000e4     msp432p4xx_driverlib.lib : cs.o (.text:CS_startHFXTWithTimeout)
                  00001ac0    000000e4     rtsv7M4_T_le_v4SPD16_eabi.lib : memory.c.obj (.text:free)
                  00001ba4    000000e0     msp432p4xx_driverlib.lib : cs.o (.text:CS_startLFXTWithTimeout)
                  00001c84    000000e0     nortos_msp432p401x.aem4f : TimerPMSP432_nortos.oem4f (.text:TimerP_construct)
                  00001d64    000000dc     drivers_msp432p401x.aem4f : UARTMSP432.oem4f (.text:UARTMSP432_readPolling)
                  00001e40    000000dc     msp432p4xx_driverlib.lib : cs.o (.text:_CSGetHFXTFrequency)
                  00001f1c    000000d8     nortos_msp432p401x.aem4f : SwiP_nortos.oem4f (.text:SwiP_construct)
                  00001ff4    000000ca     drivers_msp432p401x.aem4f : UARTMSP432.oem4f (.text:UARTMSP432_hwiIntFxn)
                  000020be    00000002     display.aem4f : DisplayUart.oem4f (.text:DisplayUartMin_clear)
                  000020c0    000000b8     drivers_msp432p401x.aem4f : UARTMSP432.oem4f (.text:initHw)
                  00002178    000000b8                               : UARTMSP432.oem4f (.text:readTaskCallback)
                  00002230    000000b4     nortos_msp432p401x.aem4f : ClockPTimer_nortos.oem4f (.text:ClockP_startup)
                  000022e4    000000b4     drivers_msp432p401x.aem4f : UARTMSP432.oem4f (.text:UARTMSP432_control)
                  00002398    000000b4                               : UARTMSP432.oem4f (.text:UARTMSP432_writePolling)
                  0000244c    000000b2                               : WatchdogMSP432.oem4f (.text:WatchdogMSP432_open)
                  000024fe    00000002     display.aem4f : DisplayUart.oem4f (.text:DisplayUartMin_clearLines)
                  00002500    000000ac     nortos_msp432p401x.aem4f : ClockPTimer_nortos.oem4f (.text:ClockP_workFuncDynamic)
                  000025ac    000000ac     drivers_msp432p401x.aem4f : GPIOMSP432.oem4f (.text:GPIO_init)
                  00002658    000000ac                               : I2CMSP432.oem4f (.text:I2CMSP432_cancel)
                  00002704    000000a8                               : UARTMSP432.oem4f (.text:UARTMSP432_write)
                  000027ac    000000a8                               : UARTMSP432.oem4f (.text:readTaskBlocking)
                  00002854    000000a0     nortos_msp432p401x.aem4f : SemaphoreP_nortos.oem4f (.text:SemaphoreP_pend)
                  000028f4    000000a0     drivers_msp432p401x.aem4f : UARTMSP432.oem4f (.text:readIsrTextCallback)
                  00002994    0000009c                               : PowerMSP432.oem4f (.text:Power_init)
                  00002a30    0000009c     nortos_msp432p401x.aem4f : SwiP_nortos.oem4f (.text:SwiP_dispatch)
                  00002acc    0000009c     rtsv7M4_T_le_v4SPD16_eabi.lib : memcpy_t2.asm.obj (.text)
                  00002b68    00000096                                   : ull_div_t2.asm.obj (.text)
                  00002bfe    00000092     drivers_msp432p401x.aem4f : UARTMSP432.oem4f (.text:UARTMSP432_close)
                  00002c90    00000092                               : UARTMSP432.oem4f (.text:writeData)
                  00002d22    0000008c                               : UARTMSP432.oem4f (.text:readIsrTextBlocking)
                  00002dae    00000002     display.aem4f : DisplayUart.oem4f (.text:DisplayUartMin_init)
                  00002db0    00000088     vl6180x.obj (.text:readReg16Bit)
                  00002e38    00000086     rtsv7M4_T_le_v4SPD16_eabi.lib : fd_cmp_t2.asm.obj (.text:__aeabi_cdcmple)
                  00002ebe    00000002     drivers_msp432p401x.aem4f : I2CMSP432.oem4f (.text:I2CMSP432_init)
                  00002ec0    00000084     vl6180x.obj (.text:writeReg16Bit)
                  00002f44    00000080     nortos_msp432p401x.aem4f : ClockPTimer_nortos.oem4f (.text:ClockP_start)
                  00002fc4    00000080     msp432p4xx_driverlib.lib : interrupt.o (.text:Interrupt_disableInterrupt)
                  00003044    00000080                              : interrupt.o (.text:Interrupt_enableInterrupt)
                  000030c4    0000007a     rtsv7M4_T_le_v4SPD16_eabi.lib : memset_t2.asm.obj (.text)
                  0000313e    00000002     msp432p4xx_driverlib.lib : interrupt.o (.text:IntDefaultHandler)
                  00003140    00000078     nortos_msp432p401x.aem4f : ClockPTimer_nortos.oem4f (.text:ClockP_walkQueueDynamic)
                  000031b8    00000076     drivers_msp432p401x.aem4f : I2CMSP432.oem4f (.text:I2CMSP432_close)
                  0000322e    00000002     nortos_msp432p401x.aem4f : PowerMSP432_nortos.oem4f (.text:PowerMSP432_updateFreqs)
                  00003230    00000074     vl6180x.obj (.text:readReg)
                  000032a4    00000074     vl6180x.obj (.text:writeReg)
                  00003318    00000070     nortos_msp432p401x.aem4f : HwiPMSP432_nortos.oem4f (.text:HwiP_construct)
                  00003388    00000070     drivers_msp432p401x.aem4f : UARTMSP432.oem4f (.text:UARTMSP432_writeCancel)
                  000033f8    00000070     rtsv7M4_T_le_v4SPD16_eabi.lib : memory.c.obj (.text:split)
                  00003468    0000006e     vl6180x.obj (.text:VL6180X_configureDefault)
                  000034d6    00000002     drivers_msp432p401x.aem4f : UARTMSP432.oem4f (.text:UARTMSP432_init)
                  000034d8    0000006d     nortos_msp432p401x.aem4f : SystemP_nortos.oem4f (.text:formatNum)
                  00003545    00000001     --HOLE-- [fill = 0]
                  00003546    00000002     rtsv7M4_T_le_v4SPD16_eabi.lib : _lock.c.obj (.text:_nop)
                  00003548    0000006c     msp432p4xx_driverlib.lib : i2c.o (.text:I2C_masterSendMultiByteFinish)
                  000035b4    0000006c     nortos_msp432p401x.aem4f : TimerPMSP432_nortos.oem4f (.text:TimerP_getCurrentTick)
                  00003620    00000068     drivers_msp432p401x.aem4f : GPIOMSP432.oem4f (.text:GPIO_hwiIntFxn)
                  00003688    00000068     msp432p4xx_driverlib.lib : interrupt.o (.text:Interrupt_pendInterrupt)
                  000036f0    00000068     drivers_msp432p401x.aem4f : PowerMSP432.oem4f (.text:PowerMSP432_getFreqs)
                  00003758    00000068     nortos_msp432p401x.aem4f : SwiP_nortos.oem4f (.text:SwiP_post)
                  000037c0    00000068     rtsv7M4_T_le_v4SPD16_eabi.lib : copy_decompress_lzss.c.obj (.text:decompress:lzss:__TI_decompress_lzss)
                  00003828    00000068     drivers_msp432p401x.aem4f : I2CMSP432.oem4f (.text:initHw)
                  00003890    00000060                               : GPIOMSP432.oem4f (.text:GPIO_setCallback)
                  000038f0    0000005c     display.aem4f : Display.oem4f (.text:Display_doOpen)
                  0000394c    0000005c     msp432p4xx_driverlib.lib : interrupt.o (.text:Interrupt_registerInterrupt)
                  000039a8    00000058     drivers_msp432p401x.aem4f : GPIOMSP432.oem4f (.text:GPIO_write)
                  00003a00    00000058     nortos_msp432p401x.aem4f : TimerPMSP432_nortos.oem4f (.text:TimerP_dynamicStub)
                  00003a58    00000058     drivers_msp432p401x.aem4f : UARTMSP432.oem4f (.text:readIsrBinaryBlocking)
                  00003ab0    00000056                               : I2CMSP432.oem4f (.text:completeTransfer)
                  00003b06    00000002     nortos_msp432p401x.aem4f : startup_msp432_ccs.oem4f (.text:busFaultISR)
                  00003b08    00000054     msp432p4xx_driverlib.lib : interrupt.o (.text:Interrupt_setPriority)
                  00003b5c    00000050     nortos_msp432p401x.aem4f : SemaphoreP_nortos.oem4f (.text:SemaphoreP_construct)
                  00003bac    0000004c     drivers_msp432p401x.aem4f : UARTMSP432.oem4f (.text:readIsrBinaryCallback)
                  00003bf8    0000004a     display.aem4f : DisplayUart.oem4f (.text:DisplayUartMin_open)
                  00003c42    00000002     nortos_msp432p401x.aem4f : SemaphoreP_nortos.oem4f (.text:clkFxn)
                  00003c44    00000048                              : ClockPTimer_nortos.oem4f (.text:ClockP_construct)
                  00003c8c    00000048     drivers_msp432p401x.aem4f : PowerMSP432.oem4f (.text:Power_releaseConstraint)
                  00003cd4    00000048     rtsv7M4_T_le_v4SPD16_eabi.lib : fd_toi_t2.asm.obj (.text)
                  00003d1c    00000046     display.aem4f : DisplayUart.oem4f (.text:DisplayUartMin_vprintf)
                  00003d62    00000046     drivers_msp432p401x.aem4f : RingBuf.oem4f (.text:RingBuf_put)
                  00003da8    00000044                               : I2C.oem4f (.text:I2C_init)
                  00003dec    00000044     nortos_msp432p401x.aem4f : SemaphoreP_nortos.oem4f (.text:SemaphoreP_post)
                  00003e30    00000044                              : TimerPMSP432_nortos.oem4f (.text:TimerP_start)
                  00003e74    00000044     drivers_msp432p401x.aem4f : UART.oem4f (.text:UART_init)
                  00003eb8    00000044                               : Watchdog.oem4f (.text:Watchdog_init)
                  00003efc    00000044     rtsv7M4_T_le_v4SPD16_eabi.lib : autoinit.c.obj (.text:__TI_auto_init_nobinit_nopinit:__TI_auto_init_nobinit_nopinit)
                  00003f40    00000044     drivers_msp432p401x.aem4f : I2CMSP432.oem4f (.text:perfChangeNotifyFxn)
                  00003f84    00000044     rtsv7M4_T_le_v4SPD16_eabi.lib : fd_tou_t2.asm.obj (.text)
                  00003fc8    00000042     vl6180x.obj (.text:VL6180X_readRange)
                  0000400a    00000002     nortos_msp432p401x.aem4f : startup_msp432_ccs.oem4f (.text:defaultISR)
                  0000400c    00000040     drivers_msp432p401x.aem4f : I2C.oem4f (.text:I2C_open)
                  0000404c    00000040                               : RingBuf.oem4f (.text:RingBuf_get)
                  0000408c    00000040     nortos_msp432p401x.aem4f : TimerPMSP432_nortos.oem4f (.text:TimerP_setNextTick)
                  000040cc    00000040     drivers_msp432p401x.aem4f : UARTMSP432.oem4f (.text:UARTMSP432_read)
                  0000410c    00000040                               : UART.oem4f (.text:UART_open)
                  0000414c    00000040                               : Watchdog.oem4f (.text:Watchdog_open)
                  0000418c    00000040                               : UARTMSP432.oem4f (.text:perfChangeNotifyFxn)
                  000041cc    00000040     rtsv7M4_T_le_v4SPD16_eabi.lib : u_divt2.asm.obj (.text)
                  0000420c    0000003c     nortos_msp432p401x.aem4f : TimerPMSP432_nortos.oem4f (.text:TimerP_initDevice)
                  00004248    00000038     drivers_msp432p401x.aem4f : GPIOMSP432.oem4f (.text:GPIO_toggle)
                  00004280    00000038                               : PowerMSP432.oem4f (.text:Power_setConstraint)
                  000042b8    00000038                               : WatchdogMSP432.oem4f (.text:WatchdogMSP432_close)
                  000042f0    00000036                               : UARTMSP432.oem4f (.text:UARTMSP432_readCancel)
                  00004326    00000002     nortos_msp432p401x.aem4f : startup_msp432_ccs.oem4f (.text:faultISR)
                  00004328    00000034     rtsv7M4_T_le_v4SPD16_eabi.lib : boot_cortex_m.c.obj (.text:_c_int00_noargs:_c_int00_noargs)
                  0000435c    00000030     drivers_msp432p401x.aem4f : I2CMSP432.oem4f (.text:mapPin)
                  0000438c    00000030                               : UARTMSP432.oem4f (.text:mapPin)
                  000043bc    0000002e     rtsv7M4_T_le_v4SPD16_eabi.lib : i_tofd_t2.asm.obj (.text)
                  000043ea    0000002a     display.aem4f : Display.oem4f (.text:Display_doPrintf)
                  00004414    0000002a     nortos_msp432p401x.aem4f : HwiPMSP432_nortos.oem4f (.text:HwiP_create)
                  0000443e    00000002                              : startup_msp432_ccs.oem4f (.text:nmiISR)
                  00004440    00000028     display.aem4f : Display.oem4f (.text:Display_doInit)
                  00004468    00000028     drivers_msp432p401x.aem4f : PowerMSP432.oem4f (.text:Power_registerNotify)
                  00004490    00000028                               : PowerMSP432.oem4f (.text:disableFaultCounter)
                  000044b8    00000028                               : UARTMSP432.oem4f (.text:findBaudDividerIndex)
                  000044e0    00000028     rtsv7M4_T_le_v4SPD16_eabi.lib : memory.c.obj (.text:free_list_insert)
                  00004508    00000026     drivers_msp432p401x.aem4f : List.oem4f (.text:List_put)
                  0000452e    00000026                               : List.oem4f (.text:List_remove)
                  00004554    00000024     nortos_msp432p401x.aem4f : ClockPTimer_nortos.oem4f (.text:ClockP_getTicks)
                  00004578    00000024                              : ClockPTimer_nortos.oem4f (.text:ClockP_scheduleNextTick)
                  0000459c    00000024                              : HwiPMSP432_nortos.oem4f (.text:HwiP_dispatch)
                  000045c0    00000020     msp432p4xx_driverlib.lib : cs.o (.text:CS_setExternalClockSourceFrequency)
                  000045e0    00000020     nortos_msp432p401x.aem4f : ClockPTimer_nortos.oem4f (.text:ClockP_add)
                  00004600    00000020     drivers_msp432p401x.aem4f : PowerMSP432.oem4f (.text:Power_unregisterNotify)
                  00004620    00000020     nortos_msp432p401x.aem4f : QueueP_nortos.oem4f (.text:QueueP_put)
                  00004640    00000020     drivers_msp432p401x.aem4f : RingBuf.oem4f (.text:RingBuf_peek)
                  00004660    0000001e     vl6180x.obj (.text:VL6180X_startRange)
                  0000467e    00000002     rtsv7M4_T_le_v4SPD16_eabi.lib : div0.asm.obj (.text)
                  00004680    0000001c     msp432p4xx_driverlib.lib : interrupt.o (.text:Interrupt_unregisterInterrupt)
                  0000469c    0000001c     rtsv7M4_T_le_v4SPD16_eabi.lib : memory.c.obj (.text:free_list_remove)
                  000046b8    0000001a     nortos_msp432p401x.aem4f : ClockPTimer_nortos.oem4f (.text:ClockP_create)
                  000046d2    0000001a                              : QueueP_nortos.oem4f (.text:QueueP_get)
                  000046ec    0000001a                              : SemaphoreP_nortos.oem4f (.text:SemaphoreP_createBinary)
                  00004706    00000018                              : ClockPTimer_nortos.oem4f (.text:ClockP_destruct)
                  0000471e    00000018                              : HwiPMSP432_nortos.oem4f (.text:HwiP_delete)
                  00004736    00000002     --HOLE-- [fill = 0]
                  00004738    00000018                              : HwiPMSP432_nortos.oem4f (.text:HwiP_inISR)
                  00004750    00000018     drivers_msp432p401x.aem4f : I2C.oem4f (.text:I2C_transfer)
                  00004768    00000018     msp432p4xx_driverlib.lib : sysctl_a.o (.text:SysCtl_A_disableNMISource)
                  00004780    00000018                              : sysctl_a.o (.text:SysCtl_A_enableNMISource)
                  00004798    00000018     drivers_msp432p401x.aem4f : UART.oem4f (.text:UART_Params_init)
                  000047b0    00000018     nortos_msp432p401x.aem4f : startup_msp432_ccs.oem4f (.text:resetISR)
                  000047c8    00000016     display.aem4f : DisplayUart.oem4f (.text:DisplayUartMin_close)
                  000047de    00000016     nortos_msp432p401x.aem4f : SemaphoreP_nortos.oem4f (.text:SemaphoreP_create)
                  000047f4    00000016                              : SwiP_nortos.oem4f (.text:maxbit)
                  0000480a    00000016                              : SystemP_nortos.oem4f (.text:putChar)
                  00004820    00000014     drivers_msp432p401x.aem4f : PowerMSP432.oem4f (.text:Power_idleFunc)
                  00004834    00000014     nortos_msp432p401x.aem4f : SwiP_nortos.oem4f (.text:SwiP_handleHwi)
                  00004848    00000014                              : TimerPMSP432_nortos.oem4f (.text:TimerP_getCount)
                  0000485c    00000014     drivers_msp432p401x.aem4f : UARTMSP432.oem4f (.text:clearTXCPTIFG)
                  00004870    00000014     rtsv7M4_T_le_v4SPD16_eabi.lib : strlen.c.obj (.text:strlen)
                  00004884    00000012     nortos_msp432p401x.aem4f : HwiPMSP432_nortos.oem4f (.text:HwiP_Params_init)
                  00004896    00000012     drivers_msp432p401x.aem4f : RingBuf.oem4f (.text:RingBuf_construct)
                  000048a8    00000012     vl6180x.obj (.text:VL6180X_readRangeStatus)
                  000048ba    00000012     main_nortos.obj (.text:main)
                  000048cc    00000010     nortos_msp432p401x.aem4f : ClockPTimer_nortos.oem4f (.text:ClockP_Params_init)
                  000048dc    00000010                              : ClockPTimer_nortos.oem4f (.text:ClockP_delete)
                  000048ec    00000010                              : HwiPMSP432_nortos.oem4f (.text:HwiP_disable)
                  000048fc    00000010     drivers_msp432p401x.aem4f : I2C.oem4f (.text:I2C_Params_init)
                  0000490c    00000010     msp432p4xx_driverlib.lib : interrupt.o (.text:Interrupt_disableMaster)
                  0000491c    00000010                              : interrupt.o (.text:Interrupt_enableMaster)
                  0000492c    00000010     drivers_msp432p401x.aem4f : PowerMSP432.oem4f (.text:PowerMSP432_getNumPerfLevels)
                  0000493c    00000010                               : PowerMSP432.oem4f (.text:Power_disablePolicy)
                  0000494c    00000010                               : PowerMSP432.oem4f (.text:Power_enablePolicy)
                  0000495c    00000010     nortos_msp432p401x.aem4f : SemaphoreP_nortos.oem4f (.text:SemaphoreP_Params_init)
                  0000496c    00000010                              : SwiP_nortos.oem4f (.text:SwiP_Params_init)
                  0000497c    00000010     msp432p4xx_driverlib.lib : sysctl_a.o (.text:SysCtl_A_getNMISourceStatus)
                  0000498c    00000010     nortos_msp432p401x.aem4f : TimerPMSP432_nortos.oem4f (.text:TimerP_Params_init)
                  0000499c    00000010     drivers_msp432p401x.aem4f : WatchdogMSP432.oem4f (.text:WatchdogMSP432_clear)
                  000049ac    00000010                               : Watchdog.oem4f (.text:Watchdog_Params_init)
                  000049bc    00000010                               : UARTMSP432.oem4f (.text:readBlockingTimeout)
                  000049cc    0000000e     nortos_msp432p401x.aem4f : QueueP_nortos.oem4f (.text:QueueP_empty)
                  000049da    0000000e                              : QueueP_nortos.oem4f (.text:QueueP_remove)
                  000049e8    0000000e     rtsv7M4_T_le_v4SPD16_eabi.lib : copy_decompress_none.c.obj (.text:decompress:none:__TI_decompress_none)
                  000049f6    0000000c     ti_drivers_config.obj (.text:Board_init)
                  00004a02    0000000c     msp432p4xx_driverlib.lib : cpu.o (.text:CPU_cpsid)
                  00004a0e    0000000c                              : cpu.o (.text:CPU_cpsie)
                  00004a1a    00000002     --HOLE-- [fill = 0]
                  00004a1c    0000000c     nortos_msp432p401x.aem4f : ClockPTimer_nortos.oem4f (.text:ClockP_doTick)
                  00004a28    0000000c     drivers_msp432p401x.aem4f : PowerMSP432.oem4f (.text:Power_getPerformanceLevel)
                  00004a34    0000000c     nortos_msp432p401x.aem4f : TimerPMSP432_nortos.oem4f (.text:TimerP_getFreq)
                  00004a40    0000000c                              : TimerPMSP432_nortos.oem4f (.text:TimerP_getMaxTicks)
                  00004a4c    0000000c     rtsv7M4_T_le_v4SPD16_eabi.lib : copy_zero_init.c.obj (.text:decompress:ZI:__TI_zero_init)
                  00004a58    0000000a     drivers_msp432p401x.aem4f : UART.oem4f (.text:UART_close)
                  00004a62    0000000a                               : UART.oem4f (.text:UART_control)
                  00004a6c    0000000a                               : UART.oem4f (.text:UART_write)
                  00004a76    0000000a                               : Watchdog.oem4f (.text:Watchdog_clear)
                  00004a80    00000008     nortos_msp432p401x.aem4f : HwiPMSP432_nortos.oem4f (.text:HwiP_restore)
                  00004a88    00000008     drivers_msp432p401x.aem4f : WatchdogMSP432.oem4f (.text:WatchdogMSP432_init)
                  00004a90    00000008                               : I2CMSP432.oem4f (.text:blockingTransferCallback)
                  00004a98    00000008     rtsv7M4_T_le_v4SPD16_eabi.lib : memory.c.obj (.text:malloc)
                  00004aa0    00000008     drivers_msp432p401x.aem4f : UARTMSP432.oem4f (.text:readSemCallback)
                  00004aa8    00000008                               : UARTMSP432.oem4f (.text:txcptEnabledStatus)
                  00004ab0    00000008                               : UARTMSP432.oem4f (.text:writeSemCallback)
                  00004ab8    00000006     nortos_msp432p401x.aem4f : ClockPTimer_nortos.oem4f (.text:ClockP_stop)
                  00004abe    00000006     display.aem4f : DisplayUart.oem4f (.text:DisplayUartMin_control)
                  00004ac4    00000006                   : DisplayUart.oem4f (.text:DisplayUartMin_getType)
                  00004aca    00000006     drivers_msp432p401x.aem4f : I2CMSP432.oem4f (.text:I2CMSP432_control)
                  00004ad0    00000006     nortos_msp432p401x.aem4f : QueueP_nortos.oem4f (.text:QueueP_init)
                  00004ad6    00000006     drivers_msp432p401x.aem4f : WatchdogMSP432.oem4f (.text:WatchdogMSP432_control)
                  00004adc    00000006                               : WatchdogMSP432.oem4f (.text:WatchdogMSP432_setReload)
                  00004ae2    00000004     nortos_msp432p401x.aem4f : ClockPTimer_nortos.oem4f (.text:ClockP_isActive)
                  00004ae6    00000004                              : ClockPTimer_nortos.oem4f (.text:ClockP_setTimeout)
                  00004aea    00000004                              : HwiPMSP432_nortos.oem4f (.text:HwiP_enable)
                  00004aee    00000004                              : HwiPMSP432_nortos.oem4f (.text:HwiP_post)
                  00004af2    00000004                              : QueueP_nortos.oem4f (.text:QueueP_head)
                  00004af6    00000004                              : QueueP_nortos.oem4f (.text:QueueP_next)
                  00004afa    00000004                              : SemaphoreP_nortos.oem4f (.text:SemaphoreP_delete)
                  00004afe    00000004                              : SystemP_nortos.oem4f (.text:SystemP_vsnprintf)
                  00004b02    00000004                              : TimerPMSP432_nortos.oem4f (.text:TimerP_setPeriod)
                  00004b06    00000004     drivers_msp432p401x.aem4f : WatchdogMSP432.oem4f (.text:WatchdogMSP432_convertMsToTicks)
                  00004b0a    00000004     rtsv7M4_T_le_v4SPD16_eabi.lib : pre_init.c.obj (.text:_system_pre_init)
                  00004b0e    00000004                                   : exit.c.obj (.text:abort:abort)

.const     0    00004b14    00000282     
                  00004b14    00000050     msp432p4xx_driverlib.lib : interrupt.o (.const:g_pulRegs)
                  00004b64    00000038     ti_drivers_config.obj (.const:PowerMSP432_config)
                  00004b9c    0000002c     ti_drivers_config.obj (.const:uartMSP432HWAttrs)
                  00004bc8    00000028     drivers_msp432p401x.aem4f : UARTMSP432.oem4f (.const:UARTMSP432_fxnTable)
                  00004bf0    00000028     ti_drivers_config.obj (.const:i2cMSP432HWAttrs)
                  00004c18    00000024     drivers_msp432p401x.aem4f : UART.oem4f (.const:UART_defaultParams)
                  00004c3c    00000020     display.aem4f : DisplayUart.oem4f (.const:DisplayUartMin_fxnTable)
                  00004c5c    00000020     drivers_msp432p401x.aem4f : UARTMSP432.oem4f (.const:staticFxnTable)
                  00004c7c    0000001c                               : WatchdogMSP432.oem4f (.const:WatchdogMSP432_fxnTable)
                  00004c98    00000018                               : I2CMSP432.oem4f (.const:I2CMSP432_fxnTable)
                  00004cb0    00000018     ti_drivers_config.obj (.const:I2C_config)
                  00004cc8    00000014     ti_drivers_config.obj (.const:GPIOMSP432_config)
                  00004cdc    00000014     ti_drivers_config.obj (.const:displayUartHWAttrs)
                  00004cf0    00000010     drivers_msp432p401x.aem4f : I2C.oem4f (.const:I2C_defaultParams)
                  00004d00    00000010     nortos_msp432p401x.aem4f : SwiP_nortos.oem4f (.const:SwiP_defaultParams)
                  00004d10    00000010     ti_drivers_config.obj (.const:uartMSP432Baudrates)
                  00004d20    0000000c     ti_drivers_config.obj (.const:Display_config)
                  00004d2c    0000000c     ti_drivers_config.obj (.const:UART_config)
                  00004d38    0000000c     ti_drivers_config.obj (.const:Watchdog_config)
                  00004d44    0000000c     drivers_msp432p401x.aem4f : Watchdog.oem4f (.const:Watchdog_defaultParams)
                  00004d50    0000000c                               : I2CMSP432.oem4f (.const:bitRates)
                  00004d5c    00000008     msp432p4xx_driverlib.lib : interrupt.o (.const:g_pulDisRegs)
                  00004d64    00000008                              : interrupt.o (.const:g_pulEnRegs)
                  00004d6c    00000008                              : interrupt.o (.const:g_pulPendRegs)
                  00004d74    00000008     ti_drivers_config.obj (.const:watchdogMSP432HWAttrs)
                  00004d7c    00000006     drivers_msp432p401x.aem4f : GPIOMSP432.oem4f (.const:.string:interruptType)
                  00004d82    00000006                               : GPIOMSP432.oem4f (.const:.string:portInterruptIds)
                  00004d88    00000005                               : UARTMSP432.oem4f (.const:.string:parityTypes)
                  00004d8d    00000001     display.aem4f : Display.oem4f (.const:Display_defaultParams)
                  00004d8e    00000004     drivers_msp432p401x.aem4f : UARTMSP432.oem4f (.const:stopBits)
                  00004d92    00000004     ti_drivers_config.obj (.const)

.cinit     0    00004d98    000000d0     
                  00004d98    00000099     (.cinit..data.load) [load image, compression = lzss]
                  00004e31    00000003     --HOLE-- [fill = 0]
                  00004e34    0000000c     (__TI_handler_table)
                  00004e40    00000008     (.cinit..bss.load) [load image, compression = zero_init]
                  00004e48    00000008     (.cinit..vtable.load) [load image, compression = zero_init]
                  00004e50    00000018     (__TI_cinit_table)

.init_array 
*          0    00000000    00000000     UNINITIALIZED

.intvecs   0    00000000    00000144     
                  00000000    00000144     nortos_msp432p401x.aem4f : startup_msp432_ccs.oem4f (.intvecs:retain)

.sysmem    0    20000000    00008000     UNINITIALIZED
                  20000000    00000010     rtsv7M4_T_le_v4SPD16_eabi.lib : memory.c.obj (.sysmem)
                  20000010    00007ff0     --HOLE--

.bss       0    20008000    000006fc     UNINITIALIZED
                  20008000    00000400     ti_drivers_config.obj (.bss:displayUARTBuffer)
                  20008400    000000a0     nortos_msp432p401x.aem4f : ClockPTimer_nortos.oem4f (.bss:ClockP_module)
                  200084a0    000000a0     (.common:i2cMSP432Objects)
                  20008540    00000080     (.common:uartMSP432Objects)
                  200085c0    00000030     drivers_msp432p401x.aem4f : GPIOMSP432.oem4f (.bss:gpioCallbackInfo)
                  200085f0    00000020     nortos_msp432p401x.aem4f : SwiP_nortos.oem4f (.bss:SwiP_readyList)
                  20008610    00000020     ti_drivers_config.obj (.bss:uartMSP432RingBuffer0)
                  20008630    0000001c     nortos_msp432p401x.aem4f : SwiP_nortos.oem4f (.bss:SwiP_hwiStruct)
                  2000864c    0000001c                              : TimerPMSP432_nortos.oem4f (.bss:TimerP_hwiStruct)
                  20008668    0000001c     (.common:i2cTransaction)
                  20008684    00000010     (.common:i2cParams)
                  20008694    0000000d                              : SwiP_nortos.oem4f (.bss)
                  200086a1    00000003     --HOLE--
                  200086a4    0000000c     (.common:displayUartObject)
                  200086b0    0000000c     (.common:readBuffer)
                  200086bc    0000000c     (.common:watchdogMSP432Objects)
                  200086c8    0000000c     (.common:writeBuffer)
                  200086d4    00000008     msp432p4xx_driverlib.lib : cs.o (.bss)
                  200086dc    00000008     nortos_msp432p401x.aem4f : ClockPTimer_nortos.oem4f (.bss:timerFreq)
                  200086e4    00000004     drivers_msp432p401x.aem4f : GPIOMSP432.oem4f (.bss)
                  200086e8    00000004     nortos_msp432p401x.aem4f : ClockPTimer_nortos.oem4f (.bss)
                  200086ec    00000004                              : TimerPMSP432_nortos.oem4f (.bss)
                  200086f0    00000004     vl6180x.obj (.bss)
                  200086f4    00000004     (.common:i2c0)
                  200086f8    00000004     (.common:i2c1)

.data      0    200086fc    0000031f     UNINITIALIZED
                  200086fc    00000140     nortos_msp432p401x.aem4f : HwiPMSP432_nortos.oem4f (.data:HwiP_dispatchTable)
                  2000883c    00000140     drivers_msp432p401x.aem4f : PowerMSP432.oem4f (.data:PowerMSP432_perfLevels)
                  2000897c    0000002c                               : PowerMSP432.oem4f (.data:PowerMSP432_module)
                  200089a8    00000014     ti_drivers_config.obj (.data:gpioCallbackFunctions)
                  200089bc    00000014     ti_drivers_config.obj (.data:gpioPinConfigs)
                  200089d0    0000000c     nortos_msp432p401x.aem4f : ClockPTimer_nortos.oem4f (.data:ClockP_defaultParams)
                  200089dc    0000000c                              : TimerPMSP432_nortos.oem4f (.data:TimerP_defaultParams)
                  200089e8    00000008     rtsv7M4_T_le_v4SPD16_eabi.lib : _lock.c.obj (.data:$O1$$)
                  200089f0    00000008                                   : memory.c.obj (.data:$O1$$)
                  200089f8    00000008     nortos_msp432p401x.aem4f : SemaphoreP_nortos.oem4f (.data:SemaphoreP_defaultParams)
                  20008a00    00000008                              : ClockPTimer_nortos.oem4f (.data)
                  20008a08    00000008                              : HwiPMSP432_nortos.oem4f (.data)
                  20008a10    00000003                              : SemaphoreP_nortos.oem4f (.data)
                  20008a13    00000002     drivers_msp432p401x.aem4f : GPIOMSP432.oem4f (.data)
                  20008a15    00000001                               : I2C.oem4f (.data)
                  20008a16    00000001                               : UART.oem4f (.data)
                  20008a17    00000001                               : Watchdog.oem4f (.data)
                  20008a18    00000001     nortos_msp432p401x.aem4f : SwiP_nortos.oem4f (.data)
                  20008a19    00000001                              : TimerPMSP432_nortos.oem4f (.data)
                  20008a1a    00000001     vl6180x.obj (.data)

.vtable    0    20008c00    000000e8     UNINITIALIZED
                  20008c00    000000e8     msp432p4xx_driverlib.lib : interrupt.o (.vtable)

.stack     0    2000f000    00001000     UNINITIALIZED
                  2000f000    00000004     rtsv7M4_T_le_v4SPD16_eabi.lib : boot_cortex_m.c.obj (.stack)
                  2000f004    00000ffc     --HOLE--

__llvm_prf_cnts 
*          0    20000000    00000000     UNINITIALIZED

.binit     0    00000000    00000000     

MODULE SUMMARY

       Module                       code    ro data   rw data
       ------                       ----    -------   -------
    ./
       vl6180x.obj                  1908    0         162    
       main_nortos.obj              18      0         0      
    +--+----------------------------+-------+---------+---------+
       Total:                       1926    0         162    
                                                             
    ./syscfg/
       ti_drivers_config.obj        14      268       2816   
    +--+----------------------------+-------+---------+---------+
       Total:                       14      268       2816   
                                                             
    /home/ebad/ti/ccs1020/ccs/tools/compiler/ti-cgt-arm_20.2.2.LTS/lib/rtsv7M4_T_le_v4SPD16_eabi.lib
       memory.c.obj                 672     0         16     
       fd_add_t2.asm.obj            438     0         0      
       fd_mul_t2.asm.obj            252     0         0      
       memcpy_t2.asm.obj            156     0         0      
       ull_div_t2.asm.obj           150     0         0      
       fd_cmp_t2.asm.obj            134     0         0      
       memset_t2.asm.obj            122     0         0      
       copy_decompress_lzss.c.obj   104     0         0      
       fd_toi_t2.asm.obj            72      0         0      
       autoinit.c.obj               68      0         0      
       fd_tou_t2.asm.obj            68      0         0      
       u_divt2.asm.obj              64      0         0      
       boot_cortex_m.c.obj          52      0         0      
       i_tofd_t2.asm.obj            46      0         0      
       strlen.c.obj                 20      0         0      
       _lock.c.obj                  2       0         16     
       copy_decompress_none.c.obj   14      0         0      
       copy_zero_init.c.obj         12      0         0      
       exit.c.obj                   4       0         0      
       pre_init.c.obj               4       0         0      
       div0.asm.obj                 2       0         0      
    +--+----------------------------+-------+---------+---------+
       Total:                       2456    0         32     
                                                             
    /home/ebad/ti/simplelink_msp432p4_sdk_3_40_01_02/kernel/nortos/lib/nortos_msp432p401x.aem4f
       ClockPTimer_nortos.oem4f     884     0         384    
       HwiPMSP432_nortos.oem4f      288     0         656    
       SystemP_nortos.oem4f         863     0         0      
       TimerPMSP432_nortos.oem4f    676     0         90     
       SwiP_nortos.oem4f            534     16        148    
       SemaphoreP_nortos.oem4f      378     0         22     
       startup_msp432_ccs.oem4f     32      324       0      
       QueueP_nortos.oem4f          100     0         0      
       PowerMSP432_nortos.oem4f     2       0         0      
    +--+----------------------------+-------+---------+---------+
       Total:                       3757    340       1300   
                                                             
    /home/ebad/ti/simplelink_msp432p4_sdk_3_40_01_02/source/ti/devices/msp432p4xx/driverlib/ccs/msp432p4xx_driverlib.lib
       interrupt.o                  598     104       464    
       cs.o                         704     0         16     
       uart.o                       284     0         0      
       i2c.o                        108     0         0      
       sysctl_a.o                   64      0         0      
       cpu.o                        24      0         0      
    +--+----------------------------+-------+---------+---------+
       Total:                       1782    104       480    
                                                             
    /home/ebad/ti/simplelink_msp432p4_sdk_3_40_01_02/source/ti/display/lib/display.aem4f
       DisplayUart.oem4f            184     32        0      
       Display.oem4f                174     1         0      
    +--+----------------------------+-------+---------+---------+
       Total:                       358     33        0      
                                                             
    /home/ebad/ti/simplelink_msp432p4_sdk_3_40_01_02/source/ti/drivers/lib/drivers_msp432p401x.aem4f
       UARTMSP432.oem4f             3406    81        0      
       I2CMSP432.oem4f              2028    36        0      
       PowerMSP432.oem4f            1228    0         728    
       GPIOMSP432.oem4f             884     12        108    
       WatchdogMSP432.oem4f         274     28        0      
       UART.oem4f                   186     36        2      
       I2C.oem4f                    172     16        2      
       RingBuf.oem4f                184     0         0      
       Watchdog.oem4f               158     12        2      
       List.oem4f                   76      0         0      
    +--+----------------------------+-------+---------+---------+
       Total:                       8596    221       842    
                                                             
       Heap:                        0       0         65536  
       Stack:                       0       0         8192   
       Linker Generated:            0       205       0      
    +--+----------------------------+-------+---------+---------+
       Grand Total:                 18889   1171      79360  


LINKER GENERATED COPY TABLES

__TI_cinit_table @ 00004e50 records: 3, size/record: 8, table size: 24
	.data: load addr=00004d98, load size=00000099 bytes, run addr=200086fc, run size=0000031f bytes, compression=lzss
	.bss: load addr=00004e40, load size=00000008 bytes, run addr=20008000, run size=000006fc bytes, compression=zero_init
	.vtable: load addr=00004e48, load size=00000008 bytes, run addr=20008c00, run size=000000e8 bytes, compression=zero_init


LINKER GENERATED HANDLER TABLE

__TI_handler_table @ 00004e34 records: 3, size/record: 4, table size: 12
	index: 0, handler: __TI_decompress_lzss
	index: 1, handler: __TI_decompress_none
	index: 2, handler: __TI_zero_init


GLOBAL SYMBOLS: SORTED ALPHABETICALLY BY Name 

address   name                              
-------   ----                              
000049f7  Board_init                        
000011db  Board_initHook                    
00004b0f  C$$EXIT                           
00004a03  CPU_cpsid                         
00004a0f  CPU_cpsie                         
000045c1  CS_setExternalClockSourceFrequency
000019dd  CS_startHFXTWithTimeout           
00001ba5  CS_startLFXTWithTimeout           
000048cd  ClockP_Params_init                
000045e1  ClockP_add                        
00003c45  ClockP_construct                  
000046b9  ClockP_create                     
000048dd  ClockP_delete                     
00004707  ClockP_destruct                   
00004a1d  ClockP_doTick                     
00004555  ClockP_getTicks                   
00004ae3  ClockP_isActive                   
00004579  ClockP_scheduleNextTick           
00004ae7  ClockP_setTimeout                 
00002f45  ClockP_start                      
00002231  ClockP_startup                    
00004ab9  ClockP_stop                       
20008a04  ClockP_tickPeriod                 
00003141  ClockP_walkQueueDynamic           
00002501  ClockP_workFuncDynamic            
000020bf  DisplayUartMin_clear              
000024ff  DisplayUartMin_clearLines         
000047c9  DisplayUartMin_close              
00004abf  DisplayUartMin_control            
00004c3c  DisplayUartMin_fxnTable           
00004ac5  DisplayUartMin_getType            
00002daf  DisplayUartMin_init               
00003bf9  DisplayUartMin_open               
00003d1d  DisplayUartMin_vprintf            
00004d20  Display_config                    
00004d92  Display_count                     
00004d8d  Display_defaultParams             
00004441  Display_doInit                    
000038f1  Display_doOpen                    
000043eb  Display_doPrintf                  
00004cc8  GPIOMSP432_config                 
00003621  GPIO_hwiIntFxn                    
000025ad  GPIO_init                         
00003891  GPIO_setCallback                  
000011dd  GPIO_setConfig                    
00004249  GPIO_toggle                       
000039a9  GPIO_write                        
00004885  HwiP_Params_init                  
00003319  HwiP_construct                    
00004415  HwiP_create                       
0000471f  HwiP_delete                       
000048ed  HwiP_disable                      
0000459d  HwiP_dispatch                     
00004aeb  HwiP_enable                       
00004739  HwiP_inISR                        
20008a08  HwiP_key                          
00004aef  HwiP_post                         
00004a81  HwiP_restore                      
20008a0c  HwiP_swiPIntNum                   
00002659  I2CMSP432_cancel                  
000031b9  I2CMSP432_close                   
00004acb  I2CMSP432_control                 
00004c98  I2CMSP432_fxnTable                
00001057  I2CMSP432_hwiIntFxn               
00002ebf  I2CMSP432_init                    
00000ca9  I2CMSP432_open                    
000018ed  I2CMSP432_transfer                
000048fd  I2C_Params_init                   
00004cb0  I2C_config                        
00004d93  I2C_count                         
00004cf0  I2C_defaultParams                 
00003da9  I2C_init                          
00003549  I2C_masterSendMultiByteFinish     
0000400d  I2C_open                          
00004751  I2C_transfer                      
00002fc5  Interrupt_disableInterrupt        
0000490d  Interrupt_disableMaster           
00003045  Interrupt_enableInterrupt         
0000491d  Interrupt_enableMaster            
00003689  Interrupt_pendInterrupt           
0000394d  Interrupt_registerInterrupt       
00003b09  Interrupt_setPriority             
00004681  Interrupt_unregisterInterrupt     
00004509  List_put                          
0000452f  List_remove                       
00004aeb  NoRTOS_start                      
00004b64  PowerMSP432_config                
000036f1  PowerMSP432_getFreqs              
0000492d  PowerMSP432_getNumPerfLevels      
2000897c  PowerMSP432_module                
2000883c  PowerMSP432_perfLevels            
0000322f  PowerMSP432_updateFreqs           
0000493d  Power_disablePolicy               
0000494d  Power_enablePolicy                
00004a29  Power_getPerformanceLevel         
00004821  Power_idleFunc                    
00002995  Power_init                        
00004469  Power_registerNotify              
00003c8d  Power_releaseConstraint           
00004281  Power_setConstraint               
00004601  Power_unregisterNotify            
000049cd  QueueP_empty                      
000046d3  QueueP_get                        
00004af3  QueueP_head                       
00004ad1  QueueP_init                       
00004af7  QueueP_next                       
00004621  QueueP_put                        
000049db  QueueP_remove                     
00004897  RingBuf_construct                 
0000404d  RingBuf_get                       
00004641  RingBuf_peek                      
00003d63  RingBuf_put                       
0000495d  SemaphoreP_Params_init            
00003b5d  SemaphoreP_construct              
000047df  SemaphoreP_create                 
000046ed  SemaphoreP_createBinary           
200089f8  SemaphoreP_defaultParams          
00004afb  SemaphoreP_delete                 
00002855  SemaphoreP_pend                   
00003ded  SemaphoreP_post                   
0000496d  SwiP_Params_init                  
00001f1d  SwiP_construct                    
00002a31  SwiP_dispatch                     
00003759  SwiP_post                         
00004769  SysCtl_A_disableNMISource         
00004781  SysCtl_A_enableNMISource          
0000497d  SysCtl_A_getNMISourceStatus       
00004aff  SystemP_vsnprintf                 
0000498d  TimerP_Params_init                
00001c85  TimerP_construct                  
00003a01  TimerP_dynamicStub                
000035b5  TimerP_getCurrentTick             
00004a35  TimerP_getFreq                    
00004a41  TimerP_getMaxTicks                
0000420d  TimerP_initDevice                 
0000408d  TimerP_setNextTick                
00004b03  TimerP_setPeriod                  
00003e31  TimerP_start                      
00002bff  UARTMSP432_close                  
000022e5  UARTMSP432_control                
00004bc8  UARTMSP432_fxnTable               
00001ff5  UARTMSP432_hwiIntFxn              
000034d7  UARTMSP432_init                   
00000751  UARTMSP432_open                   
000040cd  UARTMSP432_read                   
000042f1  UARTMSP432_readCancel             
00001d65  UARTMSP432_readPolling            
00002705  UARTMSP432_write                  
00003389  UARTMSP432_writeCancel            
00002399  UARTMSP432_writePolling           
00004799  UART_Params_init                  
00004a59  UART_close                        
00004d2c  UART_config                       
00004a63  UART_control                      
00004d94  UART_count                        
00004c18  UART_defaultParams                
00003e75  UART_init                         
000014b9  UART_initModule                   
0000410d  UART_open                         
00004a6d  UART_write                        
00003469  VL6180X_configureDefault          
0000134d  VL6180X_init                      
00003fc9  VL6180X_readRange                 
000048a9  VL6180X_readRangeStatus           
00004661  VL6180X_startRange                
4000480c  WDTCTL_SYM                        
0000499d  WatchdogMSP432_clear              
000042b9  WatchdogMSP432_close              
00004ad7  WatchdogMSP432_control            
00004b07  WatchdogMSP432_convertMsToTicks   
00004c7c  WatchdogMSP432_fxnTable           
00004a89  WatchdogMSP432_init               
0000244d  WatchdogMSP432_open               
00004add  WatchdogMSP432_setReload          
000049ad  Watchdog_Params_init              
00004a77  Watchdog_clear                    
00004d38  Watchdog_config                   
00004d95  Watchdog_count                    
00004d44  Watchdog_defaultParams            
00003eb9  Watchdog_init                     
0000414d  Watchdog_open                     
20010000  __STACK_END                       
00001000  __STACK_SIZE                      
00008000  __SYSMEM_SIZE                     
00004e50  __TI_CINIT_Base                   
00004e68  __TI_CINIT_Limit                  
00004e34  __TI_Handler_Table_Base           
00004e40  __TI_Handler_Table_Limit          
00003efd  __TI_auto_init_nobinit_nopinit    
000037c1  __TI_decompress_lzss              
000049e9  __TI_decompress_none              
ffffffff  __TI_pprof_out_hndl               
ffffffff  __TI_prof_data_size               
ffffffff  __TI_prof_data_start              
00004d98  __TI_static_base__                
00004a4d  __TI_zero_init                    
00002e39  __aeabi_cdcmpeq                   
00002e39  __aeabi_cdcmple                   
00003cd5  __aeabi_d2iz                      
00003f85  __aeabi_d2uiz                     
00000eab  __aeabi_dadd                      
000017f1  __aeabi_dmul                      
00000ea1  __aeabi_dsub                      
000043bd  __aeabi_i2d                       
0000467f  __aeabi_idiv0                     
0000467f  __aeabi_ldiv0                     
000030c5  __aeabi_memclr                    
000030c5  __aeabi_memclr4                   
000030c5  __aeabi_memclr8                   
00002acd  __aeabi_memcpy                    
00002acd  __aeabi_memcpy4                   
00002acd  __aeabi_memcpy8                   
000030c7  __aeabi_memset                    
000030c7  __aeabi_memset4                   
000030c7  __aeabi_memset8                   
000041cd  __aeabi_uidiv                     
000041cd  __aeabi_uidivmod                  
00002b69  __aeabi_uldivmod                  
ffffffff  __binit__                         
ffffffff  __c_args__                        
UNDEFED   __mpu_init                        
2000f000  __stack                           
20000000  __start___llvm_prf_cnts           
20000000  __stop___llvm_prf_cnts            
00004329  _c_int00_noargs                   
200089e8  _lock                             
00003547  _nop                              
20000000  _sys_memory                       
UNDEFED   _system_post_cinit                
00004b0b  _system_pre_init                  
200089ec  _unlock                           
00004b0f  abort                             
000016f1  aligned_alloc                     
ffffffff  binit                             
00003c43  clkFxn                            
00004cdc  displayUartHWAttrs                
200086a4  displayUartObject                 
00001ac1  free                              
20008c00  g_pfnRAMVectors                   
200089a8  gpioCallbackFunctions             
200089bc  gpioPinConfigs                    
200086f4  i2c0                              
200086f8  i2c1                              
00004bf0  i2cMSP432HWAttrs                  
200084a0  i2cMSP432Objects                  
20008684  i2cParams                         
20008668  i2cTransaction                    
00000000  interruptVectors                  
000048bb  main                              
00000145  mainThread                        
00004a99  malloc                            
000016f1  memalign                          
00002acd  memcpy                            
000030cd  memset                            
200086b0  readBuffer                        
00003231  readReg                           
00002db1  readReg16Bit                      
000047b1  resetISR                          
20008a1a  retVal                            
00004871  strlen                            
20008540  uartMSP432Objects                 
00004d74  watchdogMSP432HWAttrs             
200086bc  watchdogMSP432Objects             
200086c8  writeBuffer                       
000032a5  writeReg                          
00002ec1  writeReg16Bit                     


GLOBAL SYMBOLS: SORTED BY Symbol Address 

address   name                              
-------   ----                              
00000000  interruptVectors                  
00000145  mainThread                        
00000751  UARTMSP432_open                   
00000ca9  I2CMSP432_open                    
00000ea1  __aeabi_dsub                      
00000eab  __aeabi_dadd                      
00001000  __STACK_SIZE                      
00001057  I2CMSP432_hwiIntFxn               
000011db  Board_initHook                    
000011dd  GPIO_setConfig                    
0000134d  VL6180X_init                      
000014b9  UART_initModule                   
000016f1  aligned_alloc                     
000016f1  memalign                          
000017f1  __aeabi_dmul                      
000018ed  I2CMSP432_transfer                
000019dd  CS_startHFXTWithTimeout           
00001ac1  free                              
00001ba5  CS_startLFXTWithTimeout           
00001c85  TimerP_construct                  
00001d65  UARTMSP432_readPolling            
00001f1d  SwiP_construct                    
00001ff5  UARTMSP432_hwiIntFxn              
000020bf  DisplayUartMin_clear              
00002231  ClockP_startup                    
000022e5  UARTMSP432_control                
00002399  UARTMSP432_writePolling           
0000244d  WatchdogMSP432_open               
000024ff  DisplayUartMin_clearLines         
00002501  ClockP_workFuncDynamic            
000025ad  GPIO_init                         
00002659  I2CMSP432_cancel                  
00002705  UARTMSP432_write                  
00002855  SemaphoreP_pend                   
00002995  Power_init                        
00002a31  SwiP_dispatch                     
00002acd  __aeabi_memcpy                    
00002acd  __aeabi_memcpy4                   
00002acd  __aeabi_memcpy8                   
00002acd  memcpy                            
00002b69  __aeabi_uldivmod                  
00002bff  UARTMSP432_close                  
00002daf  DisplayUartMin_init               
00002db1  readReg16Bit                      
00002e39  __aeabi_cdcmpeq                   
00002e39  __aeabi_cdcmple                   
00002ebf  I2CMSP432_init                    
00002ec1  writeReg16Bit                     
00002f45  ClockP_start                      
00002fc5  Interrupt_disableInterrupt        
00003045  Interrupt_enableInterrupt         
000030c5  __aeabi_memclr                    
000030c5  __aeabi_memclr4                   
000030c5  __aeabi_memclr8                   
000030c7  __aeabi_memset                    
000030c7  __aeabi_memset4                   
000030c7  __aeabi_memset8                   
000030cd  memset                            
00003141  ClockP_walkQueueDynamic           
000031b9  I2CMSP432_close                   
0000322f  PowerMSP432_updateFreqs           
00003231  readReg                           
000032a5  writeReg                          
00003319  HwiP_construct                    
00003389  UARTMSP432_writeCancel            
00003469  VL6180X_configureDefault          
000034d7  UARTMSP432_init                   
00003547  _nop                              
00003549  I2C_masterSendMultiByteFinish     
000035b5  TimerP_getCurrentTick             
00003621  GPIO_hwiIntFxn                    
00003689  Interrupt_pendInterrupt           
000036f1  PowerMSP432_getFreqs              
00003759  SwiP_post                         
000037c1  __TI_decompress_lzss              
00003891  GPIO_setCallback                  
000038f1  Display_doOpen                    
0000394d  Interrupt_registerInterrupt       
000039a9  GPIO_write                        
00003a01  TimerP_dynamicStub                
00003b09  Interrupt_setPriority             
00003b5d  SemaphoreP_construct              
00003bf9  DisplayUartMin_open               
00003c43  clkFxn                            
00003c45  ClockP_construct                  
00003c8d  Power_releaseConstraint           
00003cd5  __aeabi_d2iz                      
00003d1d  DisplayUartMin_vprintf            
00003d63  RingBuf_put                       
00003da9  I2C_init                          
00003ded  SemaphoreP_post                   
00003e31  TimerP_start                      
00003e75  UART_init                         
00003eb9  Watchdog_init                     
00003efd  __TI_auto_init_nobinit_nopinit    
00003f85  __aeabi_d2uiz                     
00003fc9  VL6180X_readRange                 
0000400d  I2C_open                          
0000404d  RingBuf_get                       
0000408d  TimerP_setNextTick                
000040cd  UARTMSP432_read                   
0000410d  UART_open                         
0000414d  Watchdog_open                     
000041cd  __aeabi_uidiv                     
000041cd  __aeabi_uidivmod                  
0000420d  TimerP_initDevice                 
00004249  GPIO_toggle                       
00004281  Power_setConstraint               
000042b9  WatchdogMSP432_close              
000042f1  UARTMSP432_readCancel             
00004329  _c_int00_noargs                   
000043bd  __aeabi_i2d                       
000043eb  Display_doPrintf                  
00004415  HwiP_create                       
00004441  Display_doInit                    
00004469  Power_registerNotify              
00004509  List_put                          
0000452f  List_remove                       
00004555  ClockP_getTicks                   
00004579  ClockP_scheduleNextTick           
0000459d  HwiP_dispatch                     
000045c1  CS_setExternalClockSourceFrequency
000045e1  ClockP_add                        
00004601  Power_unregisterNotify            
00004621  QueueP_put                        
00004641  RingBuf_peek                      
00004661  VL6180X_startRange                
0000467f  __aeabi_idiv0                     
0000467f  __aeabi_ldiv0                     
00004681  Interrupt_unregisterInterrupt     
000046b9  ClockP_create                     
000046d3  QueueP_get                        
000046ed  SemaphoreP_createBinary           
00004707  ClockP_destruct                   
0000471f  HwiP_delete                       
00004739  HwiP_inISR                        
00004751  I2C_transfer                      
00004769  SysCtl_A_disableNMISource         
00004781  SysCtl_A_enableNMISource          
00004799  UART_Params_init                  
000047b1  resetISR                          
000047c9  DisplayUartMin_close              
000047df  SemaphoreP_create                 
00004821  Power_idleFunc                    
00004871  strlen                            
00004885  HwiP_Params_init                  
00004897  RingBuf_construct                 
000048a9  VL6180X_readRangeStatus           
000048bb  main                              
000048cd  ClockP_Params_init                
000048dd  ClockP_delete                     
000048ed  HwiP_disable                      
000048fd  I2C_Params_init                   
0000490d  Interrupt_disableMaster           
0000491d  Interrupt_enableMaster            
0000492d  PowerMSP432_getNumPerfLevels      
0000493d  Power_disablePolicy               
0000494d  Power_enablePolicy                
0000495d  SemaphoreP_Params_init            
0000496d  SwiP_Params_init                  
0000497d  SysCtl_A_getNMISourceStatus       
0000498d  TimerP_Params_init                
0000499d  WatchdogMSP432_clear              
000049ad  Watchdog_Params_init              
000049cd  QueueP_empty                      
000049db  QueueP_remove                     
000049e9  __TI_decompress_none              
000049f7  Board_init                        
00004a03  CPU_cpsid                         
00004a0f  CPU_cpsie                         
00004a1d  ClockP_doTick                     
00004a29  Power_getPerformanceLevel         
00004a35  TimerP_getFreq                    
00004a41  TimerP_getMaxTicks                
00004a4d  __TI_zero_init                    
00004a59  UART_close                        
00004a63  UART_control                      
00004a6d  UART_write                        
00004a77  Watchdog_clear                    
00004a81  HwiP_restore                      
00004a89  WatchdogMSP432_init               
00004a99  malloc                            
00004ab9  ClockP_stop                       
00004abf  DisplayUartMin_control            
00004ac5  DisplayUartMin_getType            
00004acb  I2CMSP432_control                 
00004ad1  QueueP_init                       
00004ad7  WatchdogMSP432_control            
00004add  WatchdogMSP432_setReload          
00004ae3  ClockP_isActive                   
00004ae7  ClockP_setTimeout                 
00004aeb  HwiP_enable                       
00004aeb  NoRTOS_start                      
00004aef  HwiP_post                         
00004af3  QueueP_head                       
00004af7  QueueP_next                       
00004afb  SemaphoreP_delete                 
00004aff  SystemP_vsnprintf                 
00004b03  TimerP_setPeriod                  
00004b07  WatchdogMSP432_convertMsToTicks   
00004b0b  _system_pre_init                  
00004b0f  C$$EXIT                           
00004b0f  abort                             
00004b64  PowerMSP432_config                
00004bc8  UARTMSP432_fxnTable               
00004bf0  i2cMSP432HWAttrs                  
00004c18  UART_defaultParams                
00004c3c  DisplayUartMin_fxnTable           
00004c7c  WatchdogMSP432_fxnTable           
00004c98  I2CMSP432_fxnTable                
00004cb0  I2C_config                        
00004cc8  GPIOMSP432_config                 
00004cdc  displayUartHWAttrs                
00004cf0  I2C_defaultParams                 
00004d20  Display_config                    
00004d2c  UART_config                       
00004d38  Watchdog_config                   
00004d44  Watchdog_defaultParams            
00004d74  watchdogMSP432HWAttrs             
00004d8d  Display_defaultParams             
00004d92  Display_count                     
00004d93  I2C_count                         
00004d94  UART_count                        
00004d95  Watchdog_count                    
00004d98  __TI_static_base__                
00004e34  __TI_Handler_Table_Base           
00004e40  __TI_Handler_Table_Limit          
00004e50  __TI_CINIT_Base                   
00004e68  __TI_CINIT_Limit                  
00008000  __SYSMEM_SIZE                     
20000000  __start___llvm_prf_cnts           
20000000  __stop___llvm_prf_cnts            
20000000  _sys_memory                       
200084a0  i2cMSP432Objects                  
20008540  uartMSP432Objects                 
20008668  i2cTransaction                    
20008684  i2cParams                         
200086a4  displayUartObject                 
200086b0  readBuffer                        
200086bc  watchdogMSP432Objects             
200086c8  writeBuffer                       
200086f4  i2c0                              
200086f8  i2c1                              
2000883c  PowerMSP432_perfLevels            
2000897c  PowerMSP432_module                
200089a8  gpioCallbackFunctions             
200089bc  gpioPinConfigs                    
200089e8  _lock                             
200089ec  _unlock                           
200089f8  SemaphoreP_defaultParams          
20008a04  ClockP_tickPeriod                 
20008a08  HwiP_key                          
20008a0c  HwiP_swiPIntNum                   
20008a1a  retVal                            
20008c00  g_pfnRAMVectors                   
2000f000  __stack                           
20010000  __STACK_END                       
4000480c  WDTCTL_SYM                        
ffffffff  __TI_pprof_out_hndl               
ffffffff  __TI_prof_data_size               
ffffffff  __TI_prof_data_start              
ffffffff  __binit__                         
ffffffff  __c_args__                        
ffffffff  binit                             
UNDEFED   __mpu_init                        
UNDEFED   _system_post_cinit                

[266 symbols]
