<?xml version="1.0" encoding="ISO-8859-1" ?>
<link_info>
   <banner>TI ARM Linker Unix v20.2.2.LTS</banner>
   <copyright>Copyright (c) 1996-2018 Texas Instruments Incorporated</copyright>
   <link_time>0x60470364</link_time>
   <link_errors>0x0</link_errors>
   <output_file>vl6180x_MSP_EXP432P401R_nortos_ccs.out</output_file>
   <entry_point>
      <name>resetISR</name>
      <address>0x46b5</address>
   </entry_point>
   <input_file_list>
      <input_file id="fl-2">
         <path>./</path>
         <kind>object</kind>
         <file>main_nortos.obj</file>
         <name>main_nortos.obj</name>
      </input_file>
      <input_file id="fl-3">
         <path>./</path>
         <kind>object</kind>
         <file>vl6180x.obj</file>
         <name>vl6180x.obj</name>
      </input_file>
      <input_file id="fl-4">
         <path>./syscfg/</path>
         <kind>object</kind>
         <file>ti_drivers_config.obj</file>
         <name>ti_drivers_config.obj</name>
      </input_file>
      <input_file id="fl-f">
         <kind>object</kind>
         <file>&lt;internal&gt;</file>
         <name>&lt;internal&gt;</name>
      </input_file>
      <input_file id="fl-10">
         <path>/home/ebad/ti/simplelink_msp432p4_sdk_3_40_01_02/source/ti/display/lib/</path>
         <kind>archive</kind>
         <file>display.aem4f</file>
         <name>Display.oem4f</name>
      </input_file>
      <input_file id="fl-11">
         <path>/home/ebad/ti/simplelink_msp432p4_sdk_3_40_01_02/source/ti/display/lib/</path>
         <kind>archive</kind>
         <file>display.aem4f</file>
         <name>DisplayUart.oem4f</name>
      </input_file>
      <input_file id="fl-12">
         <path>/home/ebad/ti/simplelink_msp432p4_sdk_3_40_01_02/source/ti/drivers/lib/</path>
         <kind>archive</kind>
         <file>drivers_msp432p401x.aem4f</file>
         <name>GPIOMSP432.oem4f</name>
      </input_file>
      <input_file id="fl-13">
         <path>/home/ebad/ti/simplelink_msp432p4_sdk_3_40_01_02/source/ti/drivers/lib/</path>
         <kind>archive</kind>
         <file>drivers_msp432p401x.aem4f</file>
         <name>I2C.oem4f</name>
      </input_file>
      <input_file id="fl-14">
         <path>/home/ebad/ti/simplelink_msp432p4_sdk_3_40_01_02/source/ti/drivers/lib/</path>
         <kind>archive</kind>
         <file>drivers_msp432p401x.aem4f</file>
         <name>I2CMSP432.oem4f</name>
      </input_file>
      <input_file id="fl-15">
         <path>/home/ebad/ti/simplelink_msp432p4_sdk_3_40_01_02/source/ti/drivers/lib/</path>
         <kind>archive</kind>
         <file>drivers_msp432p401x.aem4f</file>
         <name>PowerMSP432.oem4f</name>
      </input_file>
      <input_file id="fl-16">
         <path>/home/ebad/ti/simplelink_msp432p4_sdk_3_40_01_02/source/ti/drivers/lib/</path>
         <kind>archive</kind>
         <file>drivers_msp432p401x.aem4f</file>
         <name>UART.oem4f</name>
      </input_file>
      <input_file id="fl-17">
         <path>/home/ebad/ti/simplelink_msp432p4_sdk_3_40_01_02/source/ti/drivers/lib/</path>
         <kind>archive</kind>
         <file>drivers_msp432p401x.aem4f</file>
         <name>UARTMSP432.oem4f</name>
      </input_file>
      <input_file id="fl-18">
         <path>/home/ebad/ti/simplelink_msp432p4_sdk_3_40_01_02/source/ti/drivers/lib/</path>
         <kind>archive</kind>
         <file>drivers_msp432p401x.aem4f</file>
         <name>Watchdog.oem4f</name>
      </input_file>
      <input_file id="fl-19">
         <path>/home/ebad/ti/simplelink_msp432p4_sdk_3_40_01_02/source/ti/drivers/lib/</path>
         <kind>archive</kind>
         <file>drivers_msp432p401x.aem4f</file>
         <name>WatchdogMSP432.oem4f</name>
      </input_file>
      <input_file id="fl-1a">
         <path>/home/ebad/ti/simplelink_msp432p4_sdk_3_40_01_02/source/ti/drivers/lib/</path>
         <kind>archive</kind>
         <file>drivers_msp432p401x.aem4f</file>
         <name>List.oem4f</name>
      </input_file>
      <input_file id="fl-1b">
         <path>/home/ebad/ti/simplelink_msp432p4_sdk_3_40_01_02/source/ti/drivers/lib/</path>
         <kind>archive</kind>
         <file>drivers_msp432p401x.aem4f</file>
         <name>RingBuf.oem4f</name>
      </input_file>
      <input_file id="fl-1c">
         <path>/home/ebad/ti/simplelink_msp432p4_sdk_3_40_01_02/kernel/nortos/lib/</path>
         <kind>archive</kind>
         <file>nortos_msp432p401x.aem4f</file>
         <name>NoRTOS.oem4f</name>
      </input_file>
      <input_file id="fl-1d">
         <path>/home/ebad/ti/simplelink_msp432p4_sdk_3_40_01_02/kernel/nortos/lib/</path>
         <kind>archive</kind>
         <file>nortos_msp432p401x.aem4f</file>
         <name>SemaphoreP_nortos.oem4f</name>
      </input_file>
      <input_file id="fl-1e">
         <path>/home/ebad/ti/simplelink_msp432p4_sdk_3_40_01_02/kernel/nortos/lib/</path>
         <kind>archive</kind>
         <file>nortos_msp432p401x.aem4f</file>
         <name>SystemP_nortos.oem4f</name>
      </input_file>
      <input_file id="fl-1f">
         <path>/home/ebad/ti/simplelink_msp432p4_sdk_3_40_01_02/kernel/nortos/lib/</path>
         <kind>archive</kind>
         <file>nortos_msp432p401x.aem4f</file>
         <name>PowerMSP432_nortos.oem4f</name>
      </input_file>
      <input_file id="fl-20">
         <path>/home/ebad/ti/simplelink_msp432p4_sdk_3_40_01_02/kernel/nortos/lib/</path>
         <kind>archive</kind>
         <file>nortos_msp432p401x.aem4f</file>
         <name>ClockPTimer_nortos.oem4f</name>
      </input_file>
      <input_file id="fl-21">
         <path>/home/ebad/ti/simplelink_msp432p4_sdk_3_40_01_02/kernel/nortos/lib/</path>
         <kind>archive</kind>
         <file>nortos_msp432p401x.aem4f</file>
         <name>TimerPMSP432_nortos.oem4f</name>
      </input_file>
      <input_file id="fl-22">
         <path>/home/ebad/ti/simplelink_msp432p4_sdk_3_40_01_02/kernel/nortos/lib/</path>
         <kind>archive</kind>
         <file>nortos_msp432p401x.aem4f</file>
         <name>HwiPMSP432_nortos.oem4f</name>
      </input_file>
      <input_file id="fl-23">
         <path>/home/ebad/ti/simplelink_msp432p4_sdk_3_40_01_02/kernel/nortos/lib/</path>
         <kind>archive</kind>
         <file>nortos_msp432p401x.aem4f</file>
         <name>startup_msp432_ccs.oem4f</name>
      </input_file>
      <input_file id="fl-24">
         <path>/home/ebad/ti/simplelink_msp432p4_sdk_3_40_01_02/kernel/nortos/lib/</path>
         <kind>archive</kind>
         <file>nortos_msp432p401x.aem4f</file>
         <name>QueueP_nortos.oem4f</name>
      </input_file>
      <input_file id="fl-25">
         <path>/home/ebad/ti/simplelink_msp432p4_sdk_3_40_01_02/kernel/nortos/lib/</path>
         <kind>archive</kind>
         <file>nortos_msp432p401x.aem4f</file>
         <name>SwiP_nortos.oem4f</name>
      </input_file>
      <input_file id="fl-26">
         <path>/home/ebad/ti/simplelink_msp432p4_sdk_3_40_01_02/source/ti/devices/msp432p4xx/driverlib/ccs/</path>
         <kind>archive</kind>
         <file>msp432p4xx_driverlib.lib</file>
         <name>cs.o</name>
      </input_file>
      <input_file id="fl-27">
         <path>/home/ebad/ti/simplelink_msp432p4_sdk_3_40_01_02/source/ti/devices/msp432p4xx/driverlib/ccs/</path>
         <kind>archive</kind>
         <file>msp432p4xx_driverlib.lib</file>
         <name>i2c.o</name>
      </input_file>
      <input_file id="fl-28">
         <path>/home/ebad/ti/simplelink_msp432p4_sdk_3_40_01_02/source/ti/devices/msp432p4xx/driverlib/ccs/</path>
         <kind>archive</kind>
         <file>msp432p4xx_driverlib.lib</file>
         <name>interrupt.o</name>
      </input_file>
      <input_file id="fl-29">
         <path>/home/ebad/ti/simplelink_msp432p4_sdk_3_40_01_02/source/ti/devices/msp432p4xx/driverlib/ccs/</path>
         <kind>archive</kind>
         <file>msp432p4xx_driverlib.lib</file>
         <name>sysctl.o</name>
      </input_file>
      <input_file id="fl-2a">
         <path>/home/ebad/ti/simplelink_msp432p4_sdk_3_40_01_02/source/ti/devices/msp432p4xx/driverlib/ccs/</path>
         <kind>archive</kind>
         <file>msp432p4xx_driverlib.lib</file>
         <name>sysctl_a.o</name>
      </input_file>
      <input_file id="fl-2b">
         <path>/home/ebad/ti/simplelink_msp432p4_sdk_3_40_01_02/source/ti/devices/msp432p4xx/driverlib/ccs/</path>
         <kind>archive</kind>
         <file>msp432p4xx_driverlib.lib</file>
         <name>uart.o</name>
      </input_file>
      <input_file id="fl-2c">
         <path>/home/ebad/ti/simplelink_msp432p4_sdk_3_40_01_02/source/ti/devices/msp432p4xx/driverlib/ccs/</path>
         <kind>archive</kind>
         <file>msp432p4xx_driverlib.lib</file>
         <name>cpu.o</name>
      </input_file>
      <input_file id="fl-e2">
         <path>/home/ebad/ti/ccs1020/ccs/tools/compiler/ti-cgt-arm_20.2.2.LTS/lib/</path>
         <kind>archive</kind>
         <file>rtsv7M4_T_le_v4SPD16_eabi.lib</file>
         <name>fd_add_t2.asm.obj</name>
      </input_file>
      <input_file id="fl-e3">
         <path>/home/ebad/ti/ccs1020/ccs/tools/compiler/ti-cgt-arm_20.2.2.LTS/lib/</path>
         <kind>archive</kind>
         <file>rtsv7M4_T_le_v4SPD16_eabi.lib</file>
         <name>fd_cmp_t2.asm.obj</name>
      </input_file>
      <input_file id="fl-e4">
         <path>/home/ebad/ti/ccs1020/ccs/tools/compiler/ti-cgt-arm_20.2.2.LTS/lib/</path>
         <kind>archive</kind>
         <file>rtsv7M4_T_le_v4SPD16_eabi.lib</file>
         <name>fd_mul_t2.asm.obj</name>
      </input_file>
      <input_file id="fl-e5">
         <path>/home/ebad/ti/ccs1020/ccs/tools/compiler/ti-cgt-arm_20.2.2.LTS/lib/</path>
         <kind>archive</kind>
         <file>rtsv7M4_T_le_v4SPD16_eabi.lib</file>
         <name>fd_toi_t2.asm.obj</name>
      </input_file>
      <input_file id="fl-e6">
         <path>/home/ebad/ti/ccs1020/ccs/tools/compiler/ti-cgt-arm_20.2.2.LTS/lib/</path>
         <kind>archive</kind>
         <file>rtsv7M4_T_le_v4SPD16_eabi.lib</file>
         <name>fd_tou_t2.asm.obj</name>
      </input_file>
      <input_file id="fl-e7">
         <path>/home/ebad/ti/ccs1020/ccs/tools/compiler/ti-cgt-arm_20.2.2.LTS/lib/</path>
         <kind>archive</kind>
         <file>rtsv7M4_T_le_v4SPD16_eabi.lib</file>
         <name>i_tofd_t2.asm.obj</name>
      </input_file>
      <input_file id="fl-e8">
         <path>/home/ebad/ti/ccs1020/ccs/tools/compiler/ti-cgt-arm_20.2.2.LTS/lib/</path>
         <kind>archive</kind>
         <file>rtsv7M4_T_le_v4SPD16_eabi.lib</file>
         <name>memcpy_t2.asm.obj</name>
      </input_file>
      <input_file id="fl-e9">
         <path>/home/ebad/ti/ccs1020/ccs/tools/compiler/ti-cgt-arm_20.2.2.LTS/lib/</path>
         <kind>archive</kind>
         <file>rtsv7M4_T_le_v4SPD16_eabi.lib</file>
         <name>ull_div_t2.asm.obj</name>
      </input_file>
      <input_file id="fl-ea">
         <path>/home/ebad/ti/ccs1020/ccs/tools/compiler/ti-cgt-arm_20.2.2.LTS/lib/</path>
         <kind>archive</kind>
         <file>rtsv7M4_T_le_v4SPD16_eabi.lib</file>
         <name>u_divt2.asm.obj</name>
      </input_file>
      <input_file id="fl-eb">
         <path>/home/ebad/ti/ccs1020/ccs/tools/compiler/ti-cgt-arm_20.2.2.LTS/lib/</path>
         <kind>archive</kind>
         <file>rtsv7M4_T_le_v4SPD16_eabi.lib</file>
         <name>copy_zero_init.c.obj</name>
      </input_file>
      <input_file id="fl-ec">
         <path>/home/ebad/ti/ccs1020/ccs/tools/compiler/ti-cgt-arm_20.2.2.LTS/lib/</path>
         <kind>archive</kind>
         <file>rtsv7M4_T_le_v4SPD16_eabi.lib</file>
         <name>copy_decompress_none.c.obj</name>
      </input_file>
      <input_file id="fl-ed">
         <path>/home/ebad/ti/ccs1020/ccs/tools/compiler/ti-cgt-arm_20.2.2.LTS/lib/</path>
         <kind>archive</kind>
         <file>rtsv7M4_T_le_v4SPD16_eabi.lib</file>
         <name>copy_decompress_lzss.c.obj</name>
      </input_file>
      <input_file id="fl-ee">
         <path>/home/ebad/ti/ccs1020/ccs/tools/compiler/ti-cgt-arm_20.2.2.LTS/lib/</path>
         <kind>archive</kind>
         <file>rtsv7M4_T_le_v4SPD16_eabi.lib</file>
         <name>memory.c.obj</name>
      </input_file>
      <input_file id="fl-ef">
         <path>/home/ebad/ti/ccs1020/ccs/tools/compiler/ti-cgt-arm_20.2.2.LTS/lib/</path>
         <kind>archive</kind>
         <file>rtsv7M4_T_le_v4SPD16_eabi.lib</file>
         <name>strlen.c.obj</name>
      </input_file>
      <input_file id="fl-f0">
         <path>/home/ebad/ti/ccs1020/ccs/tools/compiler/ti-cgt-arm_20.2.2.LTS/lib/</path>
         <kind>archive</kind>
         <file>rtsv7M4_T_le_v4SPD16_eabi.lib</file>
         <name>boot_cortex_m.c.obj</name>
      </input_file>
      <input_file id="fl-f1">
         <path>/home/ebad/ti/ccs1020/ccs/tools/compiler/ti-cgt-arm_20.2.2.LTS/lib/</path>
         <kind>archive</kind>
         <file>rtsv7M4_T_le_v4SPD16_eabi.lib</file>
         <name>div0.asm.obj</name>
      </input_file>
      <input_file id="fl-f2">
         <path>/home/ebad/ti/ccs1020/ccs/tools/compiler/ti-cgt-arm_20.2.2.LTS/lib/</path>
         <kind>archive</kind>
         <file>rtsv7M4_T_le_v4SPD16_eabi.lib</file>
         <name>memset_t2.asm.obj</name>
      </input_file>
      <input_file id="fl-f3">
         <path>/home/ebad/ti/ccs1020/ccs/tools/compiler/ti-cgt-arm_20.2.2.LTS/lib/</path>
         <kind>archive</kind>
         <file>rtsv7M4_T_le_v4SPD16_eabi.lib</file>
         <name>autoinit.c.obj</name>
      </input_file>
      <input_file id="fl-f4">
         <path>/home/ebad/ti/ccs1020/ccs/tools/compiler/ti-cgt-arm_20.2.2.LTS/lib/</path>
         <kind>archive</kind>
         <file>rtsv7M4_T_le_v4SPD16_eabi.lib</file>
         <name>pre_init.c.obj</name>
      </input_file>
      <input_file id="fl-f5">
         <path>/home/ebad/ti/ccs1020/ccs/tools/compiler/ti-cgt-arm_20.2.2.LTS/lib/</path>
         <kind>archive</kind>
         <file>rtsv7M4_T_le_v4SPD16_eabi.lib</file>
         <name>cpy_tbl.c.obj</name>
      </input_file>
      <input_file id="fl-f6">
         <path>/home/ebad/ti/ccs1020/ccs/tools/compiler/ti-cgt-arm_20.2.2.LTS/lib/</path>
         <kind>archive</kind>
         <file>rtsv7M4_T_le_v4SPD16_eabi.lib</file>
         <name>exit.c.obj</name>
      </input_file>
      <input_file id="fl-f7">
         <path>/home/ebad/ti/ccs1020/ccs/tools/compiler/ti-cgt-arm_20.2.2.LTS/lib/</path>
         <kind>archive</kind>
         <file>rtsv7M4_T_le_v4SPD16_eabi.lib</file>
         <name>_lock.c.obj</name>
      </input_file>
      <input_file id="fl-f8">
         <path>/home/ebad/ti/ccs1020/ccs/tools/compiler/ti-cgt-arm_20.2.2.LTS/lib/</path>
         <kind>archive</kind>
         <file>rtsv7M4_T_le_v4SPD16_eabi.lib</file>
         <name>args_main.c.obj</name>
      </input_file>
   </input_file_list>
   <object_component_list>
      <object_component id="oc-71b">
         <name>.text:doPrint</name>
         <load_address>0x144</load_address>
         <run_address>0x144</run_address>
         <size>0x2d8</size>
         <input_file_ref idref="fl-1e"/>
      </object_component>
      <object_component id="oc-875">
         <name>.text:UARTMSP432_open</name>
         <load_address>0x41c</load_address>
         <run_address>0x41c</run_address>
         <size>0x2d0</size>
         <input_file_ref idref="fl-17"/>
      </object_component>
      <object_component id="oc-248">
         <name>.text:initPerfControl</name>
         <load_address>0x6ec</load_address>
         <run_address>0x6ec</run_address>
         <size>0x288</size>
         <input_file_ref idref="fl-15"/>
      </object_component>
      <object_component id="oc-11c">
         <name>.text:mainThread</name>
         <load_address>0x974</load_address>
         <run_address>0x974</run_address>
         <size>0x238</size>
         <input_file_ref idref="fl-3"/>
      </object_component>
      <object_component id="oc-5ae">
         <name>.text:I2CMSP432_open</name>
         <load_address>0xbac</load_address>
         <run_address>0xbac</run_address>
         <size>0x1f8</size>
         <input_file_ref idref="fl-14"/>
      </object_component>
      <object_component id="oc-7d1">
         <name>.text</name>
         <load_address>0xda4</load_address>
         <run_address>0xda4</run_address>
         <size>0x1b6</size>
         <input_file_ref idref="fl-e2"/>
      </object_component>
      <object_component id="oc-6e5">
         <name>.text:I2CMSP432_hwiIntFxn</name>
         <load_address>0xf5a</load_address>
         <run_address>0xf5a</run_address>
         <size>0x184</size>
         <input_file_ref idref="fl-14"/>
      </object_component>
      <object_component id="oc-193">
         <name>.text:Board_initHook</name>
         <load_address>0x10de</load_address>
         <run_address>0x10de</run_address>
         <size>0x2</size>
         <input_file_ref idref="fl-4"/>
      </object_component>
      <object_component id="oc-1d7">
         <name>.text:GPIO_setConfig</name>
         <load_address>0x10e0</load_address>
         <run_address>0x10e0</run_address>
         <size>0x170</size>
         <input_file_ref idref="fl-12"/>
      </object_component>
      <object_component id="oc-1ef">
         <name>.text:VL6180X_init</name>
         <load_address>0x1250</load_address>
         <run_address>0x1250</run_address>
         <size>0x16c</size>
         <input_file_ref idref="fl-3"/>
      </object_component>
      <object_component id="oc-990">
         <name>.text:UART_initModule</name>
         <load_address>0x13bc</load_address>
         <run_address>0x13bc</run_address>
         <size>0x11c</size>
         <input_file_ref idref="fl-2b"/>
      </object_component>
      <object_component id="oc-6f6">
         <name>.text:primeTransfer</name>
         <load_address>0x14d8</load_address>
         <run_address>0x14d8</run_address>
         <size>0x11c</size>
         <input_file_ref idref="fl-14"/>
      </object_component>
      <object_component id="oc-481">
         <name>.text:aligned_alloc</name>
         <load_address>0x15f4</load_address>
         <run_address>0x15f4</run_address>
         <size>0x100</size>
         <input_file_ref idref="fl-ee"/>
      </object_component>
      <object_component id="oc-7d6">
         <name>.text</name>
         <load_address>0x16f4</load_address>
         <run_address>0x16f4</run_address>
         <size>0xfc</size>
         <input_file_ref idref="fl-e4"/>
      </object_component>
      <object_component id="oc-5b4">
         <name>.text:I2CMSP432_transfer</name>
         <load_address>0x17f0</load_address>
         <run_address>0x17f0</run_address>
         <size>0xf0</size>
         <input_file_ref idref="fl-14"/>
      </object_component>
      <object_component id="oc-360">
         <name>.text:CS_startHFXTWithTimeout</name>
         <load_address>0x18e0</load_address>
         <run_address>0x18e0</run_address>
         <size>0xe4</size>
         <input_file_ref idref="fl-26"/>
      </object_component>
      <object_component id="oc-38a">
         <name>.text:free</name>
         <load_address>0x19c4</load_address>
         <run_address>0x19c4</run_address>
         <size>0xe4</size>
         <input_file_ref idref="fl-ee"/>
      </object_component>
      <object_component id="oc-366">
         <name>.text:CS_startLFXTWithTimeout</name>
         <load_address>0x1aa8</load_address>
         <run_address>0x1aa8</run_address>
         <size>0xe0</size>
         <input_file_ref idref="fl-26"/>
      </object_component>
      <object_component id="oc-74f">
         <name>.text:TimerP_construct</name>
         <load_address>0x1b88</load_address>
         <run_address>0x1b88</run_address>
         <size>0xe0</size>
         <input_file_ref idref="fl-21"/>
      </object_component>
      <object_component id="oc-881">
         <name>.text:UARTMSP432_readPolling</name>
         <load_address>0x1c68</load_address>
         <run_address>0x1c68</run_address>
         <size>0xdc</size>
         <input_file_ref idref="fl-17"/>
      </object_component>
      <object_component id="oc-455">
         <name>.text:_CSGetHFXTFrequency</name>
         <load_address>0x1d44</load_address>
         <run_address>0x1d44</run_address>
         <size>0xdc</size>
         <input_file_ref idref="fl-26"/>
      </object_component>
      <object_component id="oc-743">
         <name>.text:SwiP_construct</name>
         <load_address>0x1e20</load_address>
         <run_address>0x1e20</run_address>
         <size>0xd8</size>
         <input_file_ref idref="fl-25"/>
      </object_component>
      <object_component id="oc-92c">
         <name>.text:UARTMSP432_hwiIntFxn</name>
         <load_address>0x1ef8</load_address>
         <run_address>0x1ef8</run_address>
         <size>0xca</size>
         <input_file_ref idref="fl-17"/>
      </object_component>
      <object_component id="oc-4f4">
         <name>.text:DisplayUartMin_clear</name>
         <load_address>0x1fc2</load_address>
         <run_address>0x1fc2</run_address>
         <size>0x2</size>
         <input_file_ref idref="fl-11"/>
      </object_component>
      <object_component id="oc-920">
         <name>.text:initHw</name>
         <load_address>0x1fc4</load_address>
         <run_address>0x1fc4</run_address>
         <size>0xb8</size>
         <input_file_ref idref="fl-17"/>
      </object_component>
      <object_component id="oc-9c6">
         <name>.text:readTaskCallback</name>
         <load_address>0x207c</load_address>
         <run_address>0x207c</run_address>
         <size>0xb8</size>
         <input_file_ref idref="fl-17"/>
      </object_component>
      <object_component id="oc-66b">
         <name>.text:ClockP_startup</name>
         <load_address>0x2134</load_address>
         <run_address>0x2134</run_address>
         <size>0xb4</size>
         <input_file_ref idref="fl-20"/>
      </object_component>
      <object_component id="oc-869">
         <name>.text:UARTMSP432_control</name>
         <load_address>0x21e8</load_address>
         <run_address>0x21e8</run_address>
         <size>0xb4</size>
         <input_file_ref idref="fl-17"/>
      </object_component>
      <object_component id="oc-893">
         <name>.text:UARTMSP432_writePolling</name>
         <load_address>0x229c</load_address>
         <run_address>0x229c</run_address>
         <size>0xb4</size>
         <input_file_ref idref="fl-17"/>
      </object_component>
      <object_component id="oc-537">
         <name>.text:WatchdogMSP432_open</name>
         <load_address>0x2350</load_address>
         <run_address>0x2350</run_address>
         <size>0xb2</size>
         <input_file_ref idref="fl-19"/>
      </object_component>
      <object_component id="oc-4fa">
         <name>.text:DisplayUartMin_clearLines</name>
         <load_address>0x2402</load_address>
         <run_address>0x2402</run_address>
         <size>0x2</size>
         <input_file_ref idref="fl-11"/>
      </object_component>
      <object_component id="oc-764">
         <name>.text:ClockP_workFuncDynamic</name>
         <load_address>0x2404</load_address>
         <run_address>0x2404</run_address>
         <size>0xac</size>
         <input_file_ref idref="fl-20"/>
      </object_component>
      <object_component id="oc-1ad">
         <name>.text:GPIO_init</name>
         <load_address>0x24b0</load_address>
         <run_address>0x24b0</run_address>
         <size>0xac</size>
         <input_file_ref idref="fl-12"/>
      </object_component>
      <object_component id="oc-596">
         <name>.text:I2CMSP432_cancel</name>
         <load_address>0x255c</load_address>
         <run_address>0x255c</run_address>
         <size>0xac</size>
         <input_file_ref idref="fl-14"/>
      </object_component>
      <object_component id="oc-88d">
         <name>.text:UARTMSP432_write</name>
         <load_address>0x2608</load_address>
         <run_address>0x2608</run_address>
         <size>0xa8</size>
         <input_file_ref idref="fl-17"/>
      </object_component>
      <object_component id="oc-9b4">
         <name>.text:readTaskBlocking</name>
         <load_address>0x26b0</load_address>
         <run_address>0x26b0</run_address>
         <size>0xa8</size>
         <input_file_ref idref="fl-17"/>
      </object_component>
      <object_component id="oc-28f">
         <name>.text:SemaphoreP_pend</name>
         <load_address>0x2758</load_address>
         <run_address>0x2758</run_address>
         <size>0xa0</size>
         <input_file_ref idref="fl-1d"/>
      </object_component>
      <object_component id="oc-9cc">
         <name>.text:readIsrTextCallback</name>
         <load_address>0x27f8</load_address>
         <run_address>0x27f8</run_address>
         <size>0xa0</size>
         <input_file_ref idref="fl-17"/>
      </object_component>
      <object_component id="oc-18d">
         <name>.text:Power_init</name>
         <load_address>0x2898</load_address>
         <run_address>0x2898</run_address>
         <size>0x9c</size>
         <input_file_ref idref="fl-15"/>
      </object_component>
      <object_component id="oc-8ca">
         <name>.text:SwiP_dispatch</name>
         <load_address>0x2934</load_address>
         <run_address>0x2934</run_address>
         <size>0x9c</size>
         <input_file_ref idref="fl-25"/>
      </object_component>
      <object_component id="oc-3a">
         <name>.text</name>
         <load_address>0x29d0</load_address>
         <run_address>0x29d0</run_address>
         <size>0x9c</size>
         <input_file_ref idref="fl-e8"/>
      </object_component>
      <object_component id="oc-692">
         <name>.text</name>
         <load_address>0x2a6c</load_address>
         <run_address>0x2a6c</run_address>
         <size>0x96</size>
         <input_file_ref idref="fl-e9"/>
      </object_component>
      <object_component id="oc-863">
         <name>.text:UARTMSP432_close</name>
         <load_address>0x2b02</load_address>
         <run_address>0x2b02</run_address>
         <size>0x92</size>
         <input_file_ref idref="fl-17"/>
      </object_component>
      <object_component id="oc-9a4">
         <name>.text:writeData</name>
         <load_address>0x2b94</load_address>
         <run_address>0x2b94</run_address>
         <size>0x92</size>
         <input_file_ref idref="fl-17"/>
      </object_component>
      <object_component id="oc-9ba">
         <name>.text:readIsrTextBlocking</name>
         <load_address>0x2c26</load_address>
         <run_address>0x2c26</run_address>
         <size>0x8c</size>
         <input_file_ref idref="fl-17"/>
      </object_component>
      <object_component id="oc-4e8">
         <name>.text:DisplayUartMin_init</name>
         <load_address>0x2cb2</load_address>
         <run_address>0x2cb2</run_address>
         <size>0x2</size>
         <input_file_ref idref="fl-11"/>
      </object_component>
      <object_component id="oc-2e9">
         <name>.text:readReg16Bit</name>
         <load_address>0x2cb4</load_address>
         <run_address>0x2cb4</run_address>
         <size>0x88</size>
         <input_file_ref idref="fl-3"/>
      </object_component>
      <object_component id="oc-7c2">
         <name>.text:__aeabi_cdcmple</name>
         <load_address>0x2d3c</load_address>
         <run_address>0x2d3c</run_address>
         <size>0x86</size>
         <input_file_ref idref="fl-e3"/>
      </object_component>
      <object_component id="oc-5a8">
         <name>.text:I2CMSP432_init</name>
         <load_address>0x2dc2</load_address>
         <run_address>0x2dc2</run_address>
         <size>0x2</size>
         <input_file_ref idref="fl-14"/>
      </object_component>
      <object_component id="oc-2f5">
         <name>.text:writeReg16Bit</name>
         <load_address>0x2dc4</load_address>
         <run_address>0x2dc4</run_address>
         <size>0x84</size>
         <input_file_ref idref="fl-3"/>
      </object_component>
      <object_component id="oc-3c5">
         <name>.text:ClockP_start</name>
         <load_address>0x2e48</load_address>
         <run_address>0x2e48</run_address>
         <size>0x80</size>
         <input_file_ref idref="fl-20"/>
      </object_component>
      <object_component id="oc-727">
         <name>.text:Interrupt_disableInterrupt</name>
         <load_address>0x2ec8</load_address>
         <run_address>0x2ec8</run_address>
         <size>0x80</size>
         <input_file_ref idref="fl-28"/>
      </object_component>
      <object_component id="oc-494">
         <name>.text:Interrupt_enableInterrupt</name>
         <load_address>0x2f48</load_address>
         <run_address>0x2f48</run_address>
         <size>0x80</size>
         <input_file_ref idref="fl-28"/>
      </object_component>
      <object_component id="oc-90">
         <name>.text</name>
         <load_address>0x2fc8</load_address>
         <run_address>0x2fc8</run_address>
         <size>0x7a</size>
         <input_file_ref idref="fl-f2"/>
      </object_component>
      <object_component id="oc-7fa">
         <name>.text:IntDefaultHandler</name>
         <load_address>0x3042</load_address>
         <run_address>0x3042</run_address>
         <size>0x2</size>
         <input_file_ref idref="fl-28"/>
      </object_component>
      <object_component id="oc-844">
         <name>.text:ClockP_walkQueueDynamic</name>
         <load_address>0x3044</load_address>
         <run_address>0x3044</run_address>
         <size>0x78</size>
         <input_file_ref idref="fl-20"/>
      </object_component>
      <object_component id="oc-59c">
         <name>.text:I2CMSP432_close</name>
         <load_address>0x30bc</load_address>
         <run_address>0x30bc</run_address>
         <size>0x76</size>
         <input_file_ref idref="fl-14"/>
      </object_component>
      <object_component id="oc-36c">
         <name>.text:PowerMSP432_updateFreqs</name>
         <load_address>0x3132</load_address>
         <run_address>0x3132</run_address>
         <size>0x2</size>
         <input_file_ref idref="fl-1f"/>
      </object_component>
      <object_component id="oc-2dd">
         <name>.text:readReg</name>
         <load_address>0x3134</load_address>
         <run_address>0x3134</run_address>
         <size>0x74</size>
         <input_file_ref idref="fl-3"/>
      </object_component>
      <object_component id="oc-2e3">
         <name>.text:writeReg</name>
         <load_address>0x31a8</load_address>
         <run_address>0x31a8</run_address>
         <size>0x74</size>
         <input_file_ref idref="fl-3"/>
      </object_component>
      <object_component id="oc-384">
         <name>.text:HwiP_construct</name>
         <load_address>0x321c</load_address>
         <run_address>0x321c</run_address>
         <size>0x70</size>
         <input_file_ref idref="fl-22"/>
      </object_component>
      <object_component id="oc-899">
         <name>.text:UARTMSP432_writeCancel</name>
         <load_address>0x328c</load_address>
         <run_address>0x328c</run_address>
         <size>0x70</size>
         <input_file_ref idref="fl-17"/>
      </object_component>
      <object_component id="oc-5d7">
         <name>.text:split</name>
         <load_address>0x32fc</load_address>
         <run_address>0x32fc</run_address>
         <size>0x70</size>
         <input_file_ref idref="fl-ee"/>
      </object_component>
      <object_component id="oc-1f5">
         <name>.text:VL6180X_configureDefault</name>
         <load_address>0x336c</load_address>
         <run_address>0x336c</run_address>
         <size>0x6e</size>
         <input_file_ref idref="fl-3"/>
      </object_component>
      <object_component id="oc-86f">
         <name>.text:UARTMSP432_init</name>
         <load_address>0x33da</load_address>
         <run_address>0x33da</run_address>
         <size>0x2</size>
         <input_file_ref idref="fl-17"/>
      </object_component>
      <object_component id="oc-7e0">
         <name>.text:formatNum</name>
         <load_address>0x33dc</load_address>
         <run_address>0x33dc</run_address>
         <size>0x6d</size>
         <input_file_ref idref="fl-1e"/>
      </object_component>
      <object_component id="oc-324">
         <name>.text:_nop</name>
         <load_address>0x344a</load_address>
         <run_address>0x344a</run_address>
         <size>0x2</size>
         <input_file_ref idref="fl-f7"/>
      </object_component>
      <object_component id="oc-7a9">
         <name>.text:I2C_masterSendMultiByteFinish</name>
         <load_address>0x344c</load_address>
         <run_address>0x344c</run_address>
         <size>0x6c</size>
         <input_file_ref idref="fl-27"/>
      </object_component>
      <object_component id="oc-570">
         <name>.text:TimerP_getCurrentTick</name>
         <load_address>0x34b8</load_address>
         <run_address>0x34b8</run_address>
         <size>0x6c</size>
         <input_file_ref idref="fl-21"/>
      </object_component>
      <object_component id="oc-2d0">
         <name>.text:GPIO_hwiIntFxn</name>
         <load_address>0x3524</load_address>
         <run_address>0x3524</run_address>
         <size>0x68</size>
         <input_file_ref idref="fl-12"/>
      </object_component>
      <object_component id="oc-978">
         <name>.text:Interrupt_pendInterrupt</name>
         <load_address>0x358c</load_address>
         <run_address>0x358c</run_address>
         <size>0x68</size>
         <input_file_ref idref="fl-28"/>
      </object_component>
      <object_component id="oc-6b4">
         <name>.text:PowerMSP432_getFreqs</name>
         <load_address>0x35f4</load_address>
         <run_address>0x35f4</run_address>
         <size>0x68</size>
         <input_file_ref idref="fl-15"/>
      </object_component>
      <object_component id="oc-84b">
         <name>.text:SwiP_post</name>
         <load_address>0x365c</load_address>
         <run_address>0x365c</run_address>
         <size>0x68</size>
         <input_file_ref idref="fl-25"/>
      </object_component>
      <object_component id="oc-12">
         <name>.text:decompress:lzss:__TI_decompress_lzss</name>
         <load_address>0x36c4</load_address>
         <run_address>0x36c4</run_address>
         <size>0x68</size>
         <input_file_ref idref="fl-ed"/>
      </object_component>
      <object_component id="oc-6ba">
         <name>.text:initHw</name>
         <load_address>0x372c</load_address>
         <run_address>0x372c</run_address>
         <size>0x68</size>
         <input_file_ref idref="fl-14"/>
      </object_component>
      <object_component id="oc-295">
         <name>.text:GPIO_setCallback</name>
         <load_address>0x3794</load_address>
         <run_address>0x3794</run_address>
         <size>0x60</size>
         <input_file_ref idref="fl-12"/>
      </object_component>
      <object_component id="oc-1c5">
         <name>.text:Display_doOpen</name>
         <load_address>0x37f4</load_address>
         <run_address>0x37f4</run_address>
         <size>0x5c</size>
         <input_file_ref idref="fl-10"/>
      </object_component>
      <object_component id="oc-488">
         <name>.text:Interrupt_registerInterrupt</name>
         <load_address>0x3850</load_address>
         <run_address>0x3850</run_address>
         <size>0x5c</size>
         <input_file_ref idref="fl-28"/>
      </object_component>
      <object_component id="oc-1dd">
         <name>.text:GPIO_write</name>
         <load_address>0x38ac</load_address>
         <run_address>0x38ac</run_address>
         <size>0x58</size>
         <input_file_ref idref="fl-12"/>
      </object_component>
      <object_component id="oc-836">
         <name>.text:TimerP_dynamicStub</name>
         <load_address>0x3904</load_address>
         <run_address>0x3904</run_address>
         <size>0x58</size>
         <input_file_ref idref="fl-21"/>
      </object_component>
      <object_component id="oc-9ae">
         <name>.text:readIsrBinaryBlocking</name>
         <load_address>0x395c</load_address>
         <run_address>0x395c</run_address>
         <size>0x58</size>
         <input_file_ref idref="fl-17"/>
      </object_component>
      <object_component id="oc-7a3">
         <name>.text:completeTransfer</name>
         <load_address>0x39b4</load_address>
         <run_address>0x39b4</run_address>
         <size>0x56</size>
         <input_file_ref idref="fl-14"/>
      </object_component>
      <object_component id="oc-6c">
         <name>.text:busFaultISR</name>
         <load_address>0x3a0a</load_address>
         <run_address>0x3a0a</run_address>
         <size>0x2</size>
         <input_file_ref idref="fl-23"/>
      </object_component>
      <object_component id="oc-48e">
         <name>.text:Interrupt_setPriority</name>
         <load_address>0x3a0c</load_address>
         <run_address>0x3a0c</run_address>
         <size>0x54</size>
         <input_file_ref idref="fl-28"/>
      </object_component>
      <object_component id="oc-552">
         <name>.text:SemaphoreP_construct</name>
         <load_address>0x3a60</load_address>
         <run_address>0x3a60</run_address>
         <size>0x50</size>
         <input_file_ref idref="fl-1d"/>
      </object_component>
      <object_component id="oc-9c0">
         <name>.text:readIsrBinaryCallback</name>
         <load_address>0x3ab0</load_address>
         <run_address>0x3ab0</run_address>
         <size>0x4c</size>
         <input_file_ref idref="fl-17"/>
      </object_component>
      <object_component id="oc-4ee">
         <name>.text:DisplayUartMin_open</name>
         <load_address>0x3afc</load_address>
         <run_address>0x3afc</run_address>
         <size>0x4a</size>
         <input_file_ref idref="fl-11"/>
      </object_component>
      <object_component id="oc-3dd">
         <name>.text:clkFxn</name>
         <load_address>0x3b46</load_address>
         <run_address>0x3b46</run_address>
         <size>0x2</size>
         <input_file_ref idref="fl-1d"/>
      </object_component>
      <object_component id="oc-988">
         <name>.text:ClockP_construct</name>
         <load_address>0x3b48</load_address>
         <run_address>0x3b48</run_address>
         <size>0x48</size>
         <input_file_ref idref="fl-20"/>
      </object_component>
      <object_component id="oc-64a">
         <name>.text:Power_releaseConstraint</name>
         <load_address>0x3b90</load_address>
         <run_address>0x3b90</run_address>
         <size>0x48</size>
         <input_file_ref idref="fl-15"/>
      </object_component>
      <object_component id="oc-7c7">
         <name>.text</name>
         <load_address>0x3bd8</load_address>
         <run_address>0x3bd8</run_address>
         <size>0x48</size>
         <input_file_ref idref="fl-e5"/>
      </object_component>
      <object_component id="oc-500">
         <name>.text:DisplayUartMin_vprintf</name>
         <load_address>0x3c20</load_address>
         <run_address>0x3c20</run_address>
         <size>0x46</size>
         <input_file_ref idref="fl-11"/>
      </object_component>
      <object_component id="oc-9ea">
         <name>.text:RingBuf_put</name>
         <load_address>0x3c66</load_address>
         <run_address>0x3c66</run_address>
         <size>0x46</size>
         <input_file_ref idref="fl-1b"/>
      </object_component>
      <object_component id="oc-1b3">
         <name>.text:I2C_init</name>
         <load_address>0x3cac</load_address>
         <run_address>0x3cac</run_address>
         <size>0x44</size>
         <input_file_ref idref="fl-13"/>
      </object_component>
      <object_component id="oc-29b">
         <name>.text:SemaphoreP_post</name>
         <load_address>0x3cf0</load_address>
         <run_address>0x3cf0</run_address>
         <size>0x44</size>
         <input_file_ref idref="fl-1d"/>
      </object_component>
      <object_component id="oc-82a">
         <name>.text:TimerP_start</name>
         <load_address>0x3d34</load_address>
         <run_address>0x3d34</run_address>
         <size>0x44</size>
         <input_file_ref idref="fl-21"/>
      </object_component>
      <object_component id="oc-610">
         <name>.text:UART_init</name>
         <load_address>0x3d78</load_address>
         <run_address>0x3d78</run_address>
         <size>0x44</size>
         <input_file_ref idref="fl-16"/>
      </object_component>
      <object_component id="oc-1a7">
         <name>.text:Watchdog_init</name>
         <load_address>0x3dbc</load_address>
         <run_address>0x3dbc</run_address>
         <size>0x44</size>
         <input_file_ref idref="fl-18"/>
      </object_component>
      <object_component id="oc-12f">
         <name>.text:__TI_auto_init_nobinit_nopinit:__TI_auto_init_nobinit_nopinit</name>
         <load_address>0x3e00</load_address>
         <run_address>0x3e00</run_address>
         <size>0x44</size>
         <input_file_ref idref="fl-f3"/>
      </object_component>
      <object_component id="oc-6df">
         <name>.text:perfChangeNotifyFxn</name>
         <load_address>0x3e44</load_address>
         <run_address>0x3e44</run_address>
         <size>0x44</size>
         <input_file_ref idref="fl-14"/>
      </object_component>
      <object_component id="oc-7db">
         <name>.text</name>
         <load_address>0x3e88</load_address>
         <run_address>0x3e88</run_address>
         <size>0x44</size>
         <input_file_ref idref="fl-e6"/>
      </object_component>
      <object_component id="oc-201">
         <name>.text:VL6180X_readRange</name>
         <load_address>0x3ecc</load_address>
         <run_address>0x3ecc</run_address>
         <size>0x42</size>
         <input_file_ref idref="fl-3"/>
      </object_component>
      <object_component id="oc-66">
         <name>.text:defaultISR</name>
         <load_address>0x3f0e</load_address>
         <run_address>0x3f0e</run_address>
         <size>0x2</size>
         <input_file_ref idref="fl-23"/>
      </object_component>
      <object_component id="oc-1d1">
         <name>.text:I2C_open</name>
         <load_address>0x3f10</load_address>
         <run_address>0x3f10</run_address>
         <size>0x40</size>
         <input_file_ref idref="fl-13"/>
      </object_component>
      <object_component id="oc-94d">
         <name>.text:RingBuf_get</name>
         <load_address>0x3f50</load_address>
         <run_address>0x3f50</run_address>
         <size>0x40</size>
         <input_file_ref idref="fl-1b"/>
      </object_component>
      <object_component id="oc-699">
         <name>.text:TimerP_setNextTick</name>
         <load_address>0x3f90</load_address>
         <run_address>0x3f90</run_address>
         <size>0x40</size>
         <input_file_ref idref="fl-21"/>
      </object_component>
      <object_component id="oc-87b">
         <name>.text:UARTMSP432_read</name>
         <load_address>0x3fd0</load_address>
         <run_address>0x3fd0</run_address>
         <size>0x40</size>
         <input_file_ref idref="fl-17"/>
      </object_component>
      <object_component id="oc-616">
         <name>.text:UART_open</name>
         <load_address>0x4010</load_address>
         <run_address>0x4010</run_address>
         <size>0x40</size>
         <input_file_ref idref="fl-16"/>
      </object_component>
      <object_component id="oc-1bf">
         <name>.text:Watchdog_open</name>
         <load_address>0x4050</load_address>
         <run_address>0x4050</run_address>
         <size>0x40</size>
         <input_file_ref idref="fl-18"/>
      </object_component>
      <object_component id="oc-926">
         <name>.text:perfChangeNotifyFxn</name>
         <load_address>0x4090</load_address>
         <run_address>0x4090</run_address>
         <size>0x40</size>
         <input_file_ref idref="fl-17"/>
      </object_component>
      <object_component id="oc-8af">
         <name>.text</name>
         <load_address>0x40d0</load_address>
         <run_address>0x40d0</run_address>
         <size>0x40</size>
         <input_file_ref idref="fl-ea"/>
      </object_component>
      <object_component id="oc-81e">
         <name>.text:TimerP_initDevice</name>
         <load_address>0x4110</load_address>
         <run_address>0x4110</run_address>
         <size>0x3c</size>
         <input_file_ref idref="fl-21"/>
      </object_component>
      <object_component id="oc-1e3">
         <name>.text:GPIO_toggle</name>
         <load_address>0x414c</load_address>
         <run_address>0x414c</run_address>
         <size>0x38</size>
         <input_file_ref idref="fl-12"/>
      </object_component>
      <object_component id="oc-653">
         <name>.text:Power_setConstraint</name>
         <load_address>0x4184</load_address>
         <run_address>0x4184</run_address>
         <size>0x38</size>
         <input_file_ref idref="fl-15"/>
      </object_component>
      <object_component id="oc-525">
         <name>.text:WatchdogMSP432_close</name>
         <load_address>0x41bc</load_address>
         <run_address>0x41bc</run_address>
         <size>0x38</size>
         <input_file_ref idref="fl-19"/>
      </object_component>
      <object_component id="oc-887">
         <name>.text:UARTMSP432_readCancel</name>
         <load_address>0x41f4</load_address>
         <run_address>0x41f4</run_address>
         <size>0x36</size>
         <input_file_ref idref="fl-17"/>
      </object_component>
      <object_component id="oc-60">
         <name>.text:faultISR</name>
         <load_address>0x422a</load_address>
         <run_address>0x422a</run_address>
         <size>0x2</size>
         <input_file_ref idref="fl-23"/>
      </object_component>
      <object_component id="oc-a8">
         <name>.text:_c_int00_noargs:_c_int00_noargs</name>
         <load_address>0x422c</load_address>
         <run_address>0x422c</run_address>
         <size>0x34</size>
         <input_file_ref idref="fl-f0"/>
      </object_component>
      <object_component id="oc-6ca">
         <name>.text:mapPin</name>
         <load_address>0x4260</load_address>
         <run_address>0x4260</run_address>
         <size>0x30</size>
         <input_file_ref idref="fl-14"/>
      </object_component>
      <object_component id="oc-902">
         <name>.text:mapPin</name>
         <load_address>0x4290</load_address>
         <run_address>0x4290</run_address>
         <size>0x30</size>
         <input_file_ref idref="fl-17"/>
      </object_component>
      <object_component id="oc-7cc">
         <name>.text</name>
         <load_address>0x42c0</load_address>
         <run_address>0x42c0</run_address>
         <size>0x2e</size>
         <input_file_ref idref="fl-e7"/>
      </object_component>
      <object_component id="oc-20d">
         <name>.text:Display_doPrintf</name>
         <load_address>0x42ee</load_address>
         <run_address>0x42ee</run_address>
         <size>0x2a</size>
         <input_file_ref idref="fl-10"/>
      </object_component>
      <object_component id="oc-254">
         <name>.text:HwiP_create</name>
         <load_address>0x4318</load_address>
         <run_address>0x4318</run_address>
         <size>0x2a</size>
         <input_file_ref idref="fl-22"/>
      </object_component>
      <object_component id="oc-5a">
         <name>.text:nmiISR</name>
         <load_address>0x4342</load_address>
         <run_address>0x4342</run_address>
         <size>0x2</size>
         <input_file_ref idref="fl-23"/>
      </object_component>
      <object_component id="oc-1a1">
         <name>.text:Display_doInit</name>
         <load_address>0x4344</load_address>
         <run_address>0x4344</run_address>
         <size>0x28</size>
         <input_file_ref idref="fl-10"/>
      </object_component>
      <object_component id="oc-6d6">
         <name>.text:Power_registerNotify</name>
         <load_address>0x436c</load_address>
         <run_address>0x436c</run_address>
         <size>0x28</size>
         <input_file_ref idref="fl-15"/>
      </object_component>
      <object_component id="oc-35a">
         <name>.text:disableFaultCounter</name>
         <load_address>0x4394</load_address>
         <run_address>0x4394</run_address>
         <size>0x28</size>
         <input_file_ref idref="fl-15"/>
      </object_component>
      <object_component id="oc-908">
         <name>.text:findBaudDividerIndex</name>
         <load_address>0x43bc</load_address>
         <run_address>0x43bc</run_address>
         <size>0x28</size>
         <input_file_ref idref="fl-17"/>
      </object_component>
      <object_component id="oc-4ad">
         <name>.text:free_list_insert</name>
         <load_address>0x43e4</load_address>
         <run_address>0x43e4</run_address>
         <size>0x28</size>
         <input_file_ref idref="fl-ee"/>
      </object_component>
      <object_component id="oc-799">
         <name>.text:List_put</name>
         <load_address>0x440c</load_address>
         <run_address>0x440c</run_address>
         <size>0x26</size>
         <input_file_ref idref="fl-1a"/>
      </object_component>
      <object_component id="oc-790">
         <name>.text:List_remove</name>
         <load_address>0x4432</load_address>
         <run_address>0x4432</run_address>
         <size>0x26</size>
         <input_file_ref idref="fl-1a"/>
      </object_component>
      <object_component id="oc-57c">
         <name>.text:ClockP_getTicks</name>
         <load_address>0x4458</load_address>
         <run_address>0x4458</run_address>
         <size>0x24</size>
         <input_file_ref idref="fl-20"/>
      </object_component>
      <object_component id="oc-576">
         <name>.text:ClockP_scheduleNextTick</name>
         <load_address>0x447c</load_address>
         <run_address>0x447c</run_address>
         <size>0x24</size>
         <input_file_ref idref="fl-20"/>
      </object_component>
      <object_component id="oc-49a">
         <name>.text:HwiP_dispatch</name>
         <load_address>0x44a0</load_address>
         <run_address>0x44a0</run_address>
         <size>0x24</size>
         <input_file_ref idref="fl-22"/>
      </object_component>
      <object_component id="oc-354">
         <name>.text:CS_setExternalClockSourceFrequency</name>
         <load_address>0x44c4</load_address>
         <run_address>0x44c4</run_address>
         <size>0x20</size>
         <input_file_ref idref="fl-26"/>
      </object_component>
      <object_component id="oc-3bf">
         <name>.text:ClockP_add</name>
         <load_address>0x44e4</load_address>
         <run_address>0x44e4</run_address>
         <size>0x20</size>
         <input_file_ref idref="fl-20"/>
      </object_component>
      <object_component id="oc-6c1">
         <name>.text:Power_unregisterNotify</name>
         <load_address>0x4504</load_address>
         <run_address>0x4504</run_address>
         <size>0x20</size>
         <input_file_ref idref="fl-15"/>
      </object_component>
      <object_component id="oc-565">
         <name>.text:QueueP_put</name>
         <load_address>0x4524</load_address>
         <run_address>0x4524</run_address>
         <size>0x20</size>
         <input_file_ref idref="fl-24"/>
      </object_component>
      <object_component id="oc-8fa">
         <name>.text:RingBuf_peek</name>
         <load_address>0x4544</load_address>
         <run_address>0x4544</run_address>
         <size>0x20</size>
         <input_file_ref idref="fl-1b"/>
      </object_component>
      <object_component id="oc-1fb">
         <name>.text:VL6180X_startRange</name>
         <load_address>0x4564</load_address>
         <run_address>0x4564</run_address>
         <size>0x1e</size>
         <input_file_ref idref="fl-3"/>
      </object_component>
      <object_component id="oc-77a">
         <name>.text</name>
         <load_address>0x4582</load_address>
         <run_address>0x4582</run_address>
         <size>0x2</size>
         <input_file_ref idref="fl-f1"/>
      </object_component>
      <object_component id="oc-72d">
         <name>.text:Interrupt_unregisterInterrupt</name>
         <load_address>0x4584</load_address>
         <run_address>0x4584</run_address>
         <size>0x1c</size>
         <input_file_ref idref="fl-28"/>
      </object_component>
      <object_component id="oc-4a7">
         <name>.text:free_list_remove</name>
         <load_address>0x45a0</load_address>
         <run_address>0x45a0</run_address>
         <size>0x1c</size>
         <input_file_ref idref="fl-ee"/>
      </object_component>
      <object_component id="oc-914">
         <name>.text:ClockP_create</name>
         <load_address>0x45bc</load_address>
         <run_address>0x45bc</run_address>
         <size>0x1a</size>
         <input_file_ref idref="fl-20"/>
      </object_component>
      <object_component id="oc-969">
         <name>.text:QueueP_get</name>
         <load_address>0x45d6</load_address>
         <run_address>0x45d6</run_address>
         <size>0x1a</size>
         <input_file_ref idref="fl-24"/>
      </object_component>
      <object_component id="oc-283">
         <name>.text:SemaphoreP_createBinary</name>
         <load_address>0x45f0</load_address>
         <run_address>0x45f0</run_address>
         <size>0x1a</size>
         <input_file_ref idref="fl-1d"/>
      </object_component>
      <object_component id="oc-3d7">
         <name>.text:ClockP_destruct</name>
         <load_address>0x460a</load_address>
         <run_address>0x460a</run_address>
         <size>0x18</size>
         <input_file_ref idref="fl-20"/>
      </object_component>
      <object_component id="oc-644">
         <name>.text:HwiP_delete</name>
         <load_address>0x4622</load_address>
         <run_address>0x4622</run_address>
         <size>0x18</size>
         <input_file_ref idref="fl-22"/>
      </object_component>
      <object_component id="oc-3ed">
         <name>.text:HwiP_inISR</name>
         <load_address>0x463c</load_address>
         <run_address>0x463c</run_address>
         <size>0x18</size>
         <input_file_ref idref="fl-22"/>
      </object_component>
      <object_component id="oc-425">
         <name>.text:I2C_transfer</name>
         <load_address>0x4654</load_address>
         <run_address>0x4654</run_address>
         <size>0x18</size>
         <input_file_ref idref="fl-13"/>
      </object_component>
      <object_component id="oc-44f">
         <name>.text:SysCtl_A_disableNMISource</name>
         <load_address>0x466c</load_address>
         <run_address>0x466c</run_address>
         <size>0x18</size>
         <input_file_ref idref="fl-2a"/>
      </object_component>
      <object_component id="oc-45b">
         <name>.text:SysCtl_A_enableNMISource</name>
         <load_address>0x4684</load_address>
         <run_address>0x4684</run_address>
         <size>0x18</size>
         <input_file_ref idref="fl-2a"/>
      </object_component>
      <object_component id="oc-60a">
         <name>.text:UART_Params_init</name>
         <load_address>0x469c</load_address>
         <run_address>0x469c</run_address>
         <size>0x18</size>
         <input_file_ref idref="fl-16"/>
      </object_component>
      <object_component id="oc-1f">
         <name>.text:resetISR</name>
         <load_address>0x46b4</load_address>
         <run_address>0x46b4</run_address>
         <size>0x18</size>
         <input_file_ref idref="fl-23"/>
      </object_component>
      <object_component id="oc-506">
         <name>.text:DisplayUartMin_close</name>
         <load_address>0x46cc</load_address>
         <run_address>0x46cc</run_address>
         <size>0x16</size>
         <input_file_ref idref="fl-11"/>
      </object_component>
      <object_component id="oc-3b6">
         <name>.text:SemaphoreP_create</name>
         <load_address>0x46e2</load_address>
         <run_address>0x46e2</run_address>
         <size>0x16</size>
         <input_file_ref idref="fl-1d"/>
      </object_component>
      <object_component id="oc-963">
         <name>.text:maxbit</name>
         <load_address>0x46f8</load_address>
         <run_address>0x46f8</run_address>
         <size>0x16</size>
         <input_file_ref idref="fl-25"/>
      </object_component>
      <object_component id="oc-7e6">
         <name>.text:putChar</name>
         <load_address>0x470e</load_address>
         <run_address>0x470e</run_address>
         <size>0x16</size>
         <input_file_ref idref="fl-1e"/>
      </object_component>
      <object_component id="oc-663">
         <name>.text:Power_idleFunc</name>
         <load_address>0x4724</load_address>
         <run_address>0x4724</run_address>
         <size>0x14</size>
         <input_file_ref idref="fl-15"/>
      </object_component>
      <object_component id="oc-813">
         <name>.text:SwiP_handleHwi</name>
         <load_address>0x4738</load_address>
         <run_address>0x4738</run_address>
         <size>0x14</size>
         <input_file_ref idref="fl-25"/>
      </object_component>
      <object_component id="oc-68c">
         <name>.text:TimerP_getCount</name>
         <load_address>0x474c</load_address>
         <run_address>0x474c</run_address>
         <size>0x14</size>
         <input_file_ref idref="fl-21"/>
      </object_component>
      <object_component id="oc-956">
         <name>.text:clearTXCPTIFG</name>
         <load_address>0x4760</load_address>
         <run_address>0x4760</run_address>
         <size>0x14</size>
         <input_file_ref idref="fl-17"/>
      </object_component>
      <object_component id="oc-62b">
         <name>.text:strlen</name>
         <load_address>0x4774</load_address>
         <run_address>0x4774</run_address>
         <size>0x14</size>
         <input_file_ref idref="fl-ef"/>
      </object_component>
      <object_component id="oc-24e">
         <name>.text:HwiP_Params_init</name>
         <load_address>0x4788</load_address>
         <run_address>0x4788</run_address>
         <size>0x12</size>
         <input_file_ref idref="fl-22"/>
      </object_component>
      <object_component id="oc-91a">
         <name>.text:RingBuf_construct</name>
         <load_address>0x479a</load_address>
         <run_address>0x479a</run_address>
         <size>0x12</size>
         <input_file_ref idref="fl-1b"/>
      </object_component>
      <object_component id="oc-207">
         <name>.text:VL6180X_readRangeStatus</name>
         <load_address>0x47ac</load_address>
         <run_address>0x47ac</run_address>
         <size>0x12</size>
         <input_file_ref idref="fl-3"/>
      </object_component>
      <object_component id="oc-f6">
         <name>.text:main</name>
         <load_address>0x47be</load_address>
         <run_address>0x47be</run_address>
         <size>0x12</size>
         <input_file_ref idref="fl-2"/>
      </object_component>
      <object_component id="oc-90e">
         <name>.text:ClockP_Params_init</name>
         <load_address>0x47d0</load_address>
         <run_address>0x47d0</run_address>
         <size>0x10</size>
         <input_file_ref idref="fl-20"/>
      </object_component>
      <object_component id="oc-8f3">
         <name>.text:ClockP_delete</name>
         <load_address>0x47e0</load_address>
         <run_address>0x47e0</run_address>
         <size>0x10</size>
         <input_file_ref idref="fl-20"/>
      </object_component>
      <object_component id="oc-270">
         <name>.text:HwiP_disable</name>
         <load_address>0x47f0</load_address>
         <run_address>0x47f0</run_address>
         <size>0x10</size>
         <input_file_ref idref="fl-22"/>
      </object_component>
      <object_component id="oc-1cb">
         <name>.text:I2C_Params_init</name>
         <load_address>0x4800</load_address>
         <run_address>0x4800</run_address>
         <size>0x10</size>
         <input_file_ref idref="fl-13"/>
      </object_component>
      <object_component id="oc-52">
         <name>.text:Interrupt_disableMaster</name>
         <load_address>0x4810</load_address>
         <run_address>0x4810</run_address>
         <size>0x10</size>
         <input_file_ref idref="fl-28"/>
      </object_component>
      <object_component id="oc-19a">
         <name>.text:Interrupt_enableMaster</name>
         <load_address>0x4820</load_address>
         <run_address>0x4820</run_address>
         <size>0x10</size>
         <input_file_ref idref="fl-28"/>
      </object_component>
      <object_component id="oc-6d0">
         <name>.text:PowerMSP432_getNumPerfLevels</name>
         <load_address>0x4830</load_address>
         <run_address>0x4830</run_address>
         <size>0x10</size>
         <input_file_ref idref="fl-15"/>
      </object_component>
      <object_component id="oc-3f3">
         <name>.text:Power_disablePolicy</name>
         <load_address>0x4840</load_address>
         <run_address>0x4840</run_address>
         <size>0x10</size>
         <input_file_ref idref="fl-15"/>
      </object_component>
      <object_component id="oc-3cb">
         <name>.text:Power_enablePolicy</name>
         <load_address>0x4850</load_address>
         <run_address>0x4850</run_address>
         <size>0x10</size>
         <input_file_ref idref="fl-15"/>
      </object_component>
      <object_component id="oc-3b0">
         <name>.text:SemaphoreP_Params_init</name>
         <load_address>0x4860</load_address>
         <run_address>0x4860</run_address>
         <size>0x10</size>
         <input_file_ref idref="fl-1d"/>
      </object_component>
      <object_component id="oc-73d">
         <name>.text:SwiP_Params_init</name>
         <load_address>0x4870</load_address>
         <run_address>0x4870</run_address>
         <size>0x10</size>
         <input_file_ref idref="fl-25"/>
      </object_component>
      <object_component id="oc-449">
         <name>.text:SysCtl_A_getNMISourceStatus</name>
         <load_address>0x4880</load_address>
         <run_address>0x4880</run_address>
         <size>0x10</size>
         <input_file_ref idref="fl-2a"/>
      </object_component>
      <object_component id="oc-749">
         <name>.text:TimerP_Params_init</name>
         <load_address>0x4890</load_address>
         <run_address>0x4890</run_address>
         <size>0x10</size>
         <input_file_ref idref="fl-21"/>
      </object_component>
      <object_component id="oc-51f">
         <name>.text:WatchdogMSP432_clear</name>
         <load_address>0x48a0</load_address>
         <run_address>0x48a0</run_address>
         <size>0x10</size>
         <input_file_ref idref="fl-19"/>
      </object_component>
      <object_component id="oc-1b9">
         <name>.text:Watchdog_Params_init</name>
         <load_address>0x48b0</load_address>
         <run_address>0x48b0</run_address>
         <size>0x10</size>
         <input_file_ref idref="fl-18"/>
      </object_component>
      <object_component id="oc-93e">
         <name>.text:readBlockingTimeout</name>
         <load_address>0x48c0</load_address>
         <run_address>0x48c0</run_address>
         <size>0x10</size>
         <input_file_ref idref="fl-17"/>
      </object_component>
      <object_component id="oc-96f">
         <name>.text:QueueP_empty</name>
         <load_address>0x48d0</load_address>
         <run_address>0x48d0</run_address>
         <size>0xe</size>
         <input_file_ref idref="fl-24"/>
      </object_component>
      <object_component id="oc-585">
         <name>.text:QueueP_remove</name>
         <load_address>0x48de</load_address>
         <run_address>0x48de</run_address>
         <size>0xe</size>
         <input_file_ref idref="fl-24"/>
      </object_component>
      <object_component id="oc-18">
         <name>.text:decompress:none:__TI_decompress_none</name>
         <load_address>0x48ec</load_address>
         <run_address>0x48ec</run_address>
         <size>0xe</size>
         <input_file_ref idref="fl-ec"/>
      </object_component>
      <object_component id="oc-110">
         <name>.text:Board_init</name>
         <load_address>0x48fa</load_address>
         <run_address>0x48fa</run_address>
         <size>0xc</size>
         <input_file_ref idref="fl-4"/>
      </object_component>
      <object_component id="oc-96">
         <name>.text:CPU_cpsid</name>
         <load_address>0x4906</load_address>
         <run_address>0x4906</run_address>
         <size>0xc</size>
         <input_file_ref idref="fl-2c"/>
      </object_component>
      <object_component id="oc-262">
         <name>.text:CPU_cpsie</name>
         <load_address>0x4912</load_address>
         <run_address>0x4912</run_address>
         <size>0xc</size>
         <input_file_ref idref="fl-2c"/>
      </object_component>
      <object_component id="oc-76a">
         <name>.text:ClockP_doTick</name>
         <load_address>0x4920</load_address>
         <run_address>0x4920</run_address>
         <size>0xc</size>
         <input_file_ref idref="fl-20"/>
      </object_component>
      <object_component id="oc-6ae">
         <name>.text:Power_getPerformanceLevel</name>
         <load_address>0x492c</load_address>
         <run_address>0x492c</run_address>
         <size>0xc</size>
         <input_file_ref idref="fl-15"/>
      </object_component>
      <object_component id="oc-75b">
         <name>.text:TimerP_getFreq</name>
         <load_address>0x4938</load_address>
         <run_address>0x4938</run_address>
         <size>0xc</size>
         <input_file_ref idref="fl-21"/>
      </object_component>
      <object_component id="oc-755">
         <name>.text:TimerP_getMaxTicks</name>
         <load_address>0x4944</load_address>
         <run_address>0x4944</run_address>
         <size>0xc</size>
         <input_file_ref idref="fl-21"/>
      </object_component>
      <object_component id="oc-4c">
         <name>.text:decompress:ZI:__TI_zero_init</name>
         <load_address>0x4950</load_address>
         <run_address>0x4950</run_address>
         <size>0xc</size>
         <input_file_ref idref="fl-eb"/>
      </object_component>
      <object_component id="oc-638">
         <name>.text:UART_close</name>
         <load_address>0x495c</load_address>
         <run_address>0x495c</run_address>
         <size>0xa</size>
         <input_file_ref idref="fl-16"/>
      </object_component>
      <object_component id="oc-61c">
         <name>.text:UART_control</name>
         <load_address>0x4966</load_address>
         <run_address>0x4966</run_address>
         <size>0xa</size>
         <input_file_ref idref="fl-16"/>
      </object_component>
      <object_component id="oc-631">
         <name>.text:UART_write</name>
         <load_address>0x4970</load_address>
         <run_address>0x4970</run_address>
         <size>0xa</size>
         <input_file_ref idref="fl-16"/>
      </object_component>
      <object_component id="oc-1e9">
         <name>.text:Watchdog_clear</name>
         <load_address>0x497a</load_address>
         <run_address>0x497a</run_address>
         <size>0xa</size>
         <input_file_ref idref="fl-18"/>
      </object_component>
      <object_component id="oc-276">
         <name>.text:HwiP_restore</name>
         <load_address>0x4984</load_address>
         <run_address>0x4984</run_address>
         <size>0x8</size>
         <input_file_ref idref="fl-22"/>
      </object_component>
      <object_component id="oc-531">
         <name>.text:WatchdogMSP432_init</name>
         <load_address>0x498c</load_address>
         <run_address>0x498c</run_address>
         <size>0x8</size>
         <input_file_ref idref="fl-19"/>
      </object_component>
      <object_component id="oc-6eb">
         <name>.text:blockingTransferCallback</name>
         <load_address>0x4994</load_address>
         <run_address>0x4994</run_address>
         <size>0x8</size>
         <input_file_ref idref="fl-14"/>
      </object_component>
      <object_component id="oc-37e">
         <name>.text:malloc</name>
         <load_address>0x499c</load_address>
         <run_address>0x499c</run_address>
         <size>0x8</size>
         <input_file_ref idref="fl-ee"/>
      </object_component>
      <object_component id="oc-938">
         <name>.text:readSemCallback</name>
         <load_address>0x49a4</load_address>
         <run_address>0x49a4</run_address>
         <size>0x8</size>
         <input_file_ref idref="fl-17"/>
      </object_component>
      <object_component id="oc-99e">
         <name>.text:txcptEnabledStatus</name>
         <load_address>0x49ac</load_address>
         <run_address>0x49ac</run_address>
         <size>0x8</size>
         <input_file_ref idref="fl-17"/>
      </object_component>
      <object_component id="oc-932">
         <name>.text:writeSemCallback</name>
         <load_address>0x49b4</load_address>
         <run_address>0x49b4</run_address>
         <size>0x8</size>
         <input_file_ref idref="fl-17"/>
      </object_component>
      <object_component id="oc-9f7">
         <name>.text:ClockP_stop</name>
         <load_address>0x49bc</load_address>
         <run_address>0x49bc</run_address>
         <size>0x6</size>
         <input_file_ref idref="fl-20"/>
      </object_component>
      <object_component id="oc-50c">
         <name>.text:DisplayUartMin_control</name>
         <load_address>0x49c2</load_address>
         <run_address>0x49c2</run_address>
         <size>0x6</size>
         <input_file_ref idref="fl-11"/>
      </object_component>
      <object_component id="oc-512">
         <name>.text:DisplayUartMin_getType</name>
         <load_address>0x49c8</load_address>
         <run_address>0x49c8</run_address>
         <size>0x6</size>
         <input_file_ref idref="fl-11"/>
      </object_component>
      <object_component id="oc-5a2">
         <name>.text:I2CMSP432_control</name>
         <load_address>0x49ce</load_address>
         <run_address>0x49ce</run_address>
         <size>0x6</size>
         <input_file_ref idref="fl-14"/>
      </object_component>
      <object_component id="oc-737">
         <name>.text:QueueP_init</name>
         <load_address>0x49d4</load_address>
         <run_address>0x49d4</run_address>
         <size>0x6</size>
         <input_file_ref idref="fl-24"/>
      </object_component>
      <object_component id="oc-52b">
         <name>.text:WatchdogMSP432_control</name>
         <load_address>0x49da</load_address>
         <run_address>0x49da</run_address>
         <size>0x6</size>
         <input_file_ref idref="fl-19"/>
      </object_component>
      <object_component id="oc-53d">
         <name>.text:WatchdogMSP432_setReload</name>
         <load_address>0x49e0</load_address>
         <run_address>0x49e0</run_address>
         <size>0x6</size>
         <input_file_ref idref="fl-19"/>
      </object_component>
      <object_component id="oc-3d1">
         <name>.text:ClockP_isActive</name>
         <load_address>0x49e6</load_address>
         <run_address>0x49e6</run_address>
         <size>0x4</size>
         <input_file_ref idref="fl-20"/>
      </object_component>
      <object_component id="oc-9f1">
         <name>.text:ClockP_setTimeout</name>
         <load_address>0x49ea</load_address>
         <run_address>0x49ea</run_address>
         <size>0x4</size>
         <input_file_ref idref="fl-20"/>
      </object_component>
      <object_component id="oc-116">
         <name>.text:HwiP_enable</name>
         <load_address>0x49ee</load_address>
         <run_address>0x49ee</run_address>
         <size>0x4</size>
         <input_file_ref idref="fl-22"/>
      </object_component>
      <object_component id="oc-8ea">
         <name>.text:HwiP_post</name>
         <load_address>0x49f2</load_address>
         <run_address>0x49f2</run_address>
         <size>0x4</size>
         <input_file_ref idref="fl-22"/>
      </object_component>
      <object_component id="oc-8dd">
         <name>.text:QueueP_head</name>
         <load_address>0x49f6</load_address>
         <run_address>0x49f6</run_address>
         <size>0x4</size>
         <input_file_ref idref="fl-24"/>
      </object_component>
      <object_component id="oc-8e3">
         <name>.text:QueueP_next</name>
         <load_address>0x49fa</load_address>
         <run_address>0x49fa</run_address>
         <size>0x4</size>
         <input_file_ref idref="fl-24"/>
      </object_component>
      <object_component id="oc-289">
         <name>.text:SemaphoreP_delete</name>
         <load_address>0x49fe</load_address>
         <run_address>0x49fe</run_address>
         <size>0x4</size>
         <input_file_ref idref="fl-1d"/>
      </object_component>
      <object_component id="oc-625">
         <name>.text:SystemP_vsnprintf</name>
         <load_address>0x4a02</load_address>
         <run_address>0x4a02</run_address>
         <size>0x4</size>
         <input_file_ref idref="fl-1e"/>
      </object_component>
      <object_component id="oc-824">
         <name>.text:TimerP_setPeriod</name>
         <load_address>0x4a06</load_address>
         <run_address>0x4a06</run_address>
         <size>0x4</size>
         <input_file_ref idref="fl-21"/>
      </object_component>
      <object_component id="oc-543">
         <name>.text:WatchdogMSP432_convertMsToTicks</name>
         <load_address>0x4a0a</load_address>
         <run_address>0x4a0a</run_address>
         <size>0x4</size>
         <input_file_ref idref="fl-19"/>
      </object_component>
      <object_component id="oc-f0">
         <name>.text:_system_pre_init</name>
         <load_address>0x4a0e</load_address>
         <run_address>0x4a0e</run_address>
         <size>0x4</size>
         <input_file_ref idref="fl-f4"/>
      </object_component>
      <object_component id="oc-123">
         <name>.text:abort:abort</name>
         <load_address>0x4a12</load_address>
         <run_address>0x4a12</run_address>
         <size>0x4</size>
         <input_file_ref idref="fl-f6"/>
      </object_component>
      <object_component id="oc-5e6">
         <name>.const:g_pulRegs</name>
         <load_address>0x4a18</load_address>
         <run_address>0x4a18</run_address>
         <size>0x50</size>
         <input_file_ref idref="fl-28"/>
      </object_component>
      <object_component id="oc-25d">
         <name>.const:PowerMSP432_config</name>
         <load_address>0x4a68</load_address>
         <run_address>0x4a68</run_address>
         <size>0x38</size>
         <input_file_ref idref="fl-4"/>
      </object_component>
      <object_component id="oc-7bd">
         <name>.const:uartMSP432HWAttrs</name>
         <load_address>0x4aa0</load_address>
         <run_address>0x4aa0</run_address>
         <size>0x2c</size>
         <input_file_ref idref="fl-4"/>
      </object_component>
      <object_component id="oc-7b9">
         <name>.const:UARTMSP432_fxnTable</name>
         <load_address>0x4acc</load_address>
         <run_address>0x4acc</run_address>
         <size>0x28</size>
         <input_file_ref idref="fl-17"/>
      </object_component>
      <object_component id="oc-40c">
         <name>.const:i2cMSP432HWAttrs</name>
         <load_address>0x4af4</load_address>
         <run_address>0x4af4</run_address>
         <size>0x28</size>
         <input_file_ref idref="fl-4"/>
      </object_component>
      <object_component id="oc-70d">
         <name>.const:UART_defaultParams</name>
         <load_address>0x4b1c</load_address>
         <run_address>0x4b1c</run_address>
         <size>0x24</size>
         <input_file_ref idref="fl-16"/>
      </object_component>
      <object_component id="oc-39a">
         <name>.const:DisplayUartMin_fxnTable</name>
         <load_address>0x4b40</load_address>
         <run_address>0x4b40</run_address>
         <size>0x20</size>
         <input_file_ref idref="fl-11"/>
      </object_component>
      <object_component id="oc-944">
         <name>.const:staticFxnTable</name>
         <load_address>0x4b60</load_address>
         <run_address>0x4b60</run_address>
         <size>0x20</size>
         <input_file_ref idref="fl-17"/>
      </object_component>
      <object_component id="oc-3a7">
         <name>.const:WatchdogMSP432_fxnTable</name>
         <load_address>0x4b80</load_address>
         <run_address>0x4b80</run_address>
         <size>0x1c</size>
         <input_file_ref idref="fl-19"/>
      </object_component>
      <object_component id="oc-408">
         <name>.const:I2CMSP432_fxnTable</name>
         <load_address>0x4b9c</load_address>
         <run_address>0x4b9c</run_address>
         <size>0x18</size>
         <input_file_ref idref="fl-14"/>
      </object_component>
      <object_component id="oc-2af">
         <name>.const:I2C_config</name>
         <load_address>0x4bb4</load_address>
         <run_address>0x4bb4</run_address>
         <size>0x18</size>
         <input_file_ref idref="fl-4"/>
      </object_component>
      <object_component id="oc-2a5">
         <name>.const:GPIOMSP432_config</name>
         <load_address>0x4bcc</load_address>
         <run_address>0x4bcc</run_address>
         <size>0x14</size>
         <input_file_ref idref="fl-4"/>
      </object_component>
      <object_component id="oc-39e">
         <name>.const:displayUartHWAttrs</name>
         <load_address>0x4be0</load_address>
         <run_address>0x4be0</run_address>
         <size>0x14</size>
         <input_file_ref idref="fl-4"/>
      </object_component>
      <object_component id="oc-2c2">
         <name>.const:I2C_defaultParams</name>
         <load_address>0x4bf4</load_address>
         <run_address>0x4bf4</run_address>
         <size>0x10</size>
         <input_file_ref idref="fl-13"/>
      </object_component>
      <object_component id="oc-802">
         <name>.const:SwiP_defaultParams</name>
         <load_address>0x4c04</load_address>
         <run_address>0x4c04</run_address>
         <size>0x10</size>
         <input_file_ref idref="fl-25"/>
      </object_component>
      <object_component id="oc-8a1">
         <name>.const:uartMSP432Baudrates</name>
         <load_address>0x4c14</load_address>
         <run_address>0x4c14</run_address>
         <size>0x10</size>
         <input_file_ref idref="fl-4"/>
      </object_component>
      <object_component id="oc-26c">
         <name>.const:Display_config</name>
         <load_address>0x4c24</load_address>
         <run_address>0x4c24</run_address>
         <size>0xc</size>
         <input_file_ref idref="fl-4"/>
      </object_component>
      <object_component id="oc-715">
         <name>.const:UART_config</name>
         <load_address>0x4c30</load_address>
         <run_address>0x4c30</run_address>
         <size>0xc</size>
         <input_file_ref idref="fl-4"/>
      </object_component>
      <object_component id="oc-27f">
         <name>.const:Watchdog_config</name>
         <load_address>0x4c3c</load_address>
         <run_address>0x4c3c</run_address>
         <size>0xc</size>
         <input_file_ref idref="fl-4"/>
      </object_component>
      <object_component id="oc-2b3">
         <name>.const:Watchdog_defaultParams</name>
         <load_address>0x4c48</load_address>
         <run_address>0x4c48</run_address>
         <size>0xc</size>
         <input_file_ref idref="fl-18"/>
      </object_component>
      <object_component id="oc-6dc">
         <name>.const:bitRates</name>
         <load_address>0x4c54</load_address>
         <run_address>0x4c54</run_address>
         <size>0xc</size>
         <input_file_ref idref="fl-14"/>
      </object_component>
      <object_component id="oc-7f6">
         <name>.const:g_pulDisRegs</name>
         <load_address>0x4c60</load_address>
         <run_address>0x4c60</run_address>
         <size>0x8</size>
         <input_file_ref idref="fl-28"/>
      </object_component>
      <object_component id="oc-5ea">
         <name>.const:g_pulEnRegs</name>
         <load_address>0x4c68</load_address>
         <run_address>0x4c68</run_address>
         <size>0x8</size>
         <input_file_ref idref="fl-28"/>
      </object_component>
      <object_component id="oc-9d9">
         <name>.const:g_pulPendRegs</name>
         <load_address>0x4c70</load_address>
         <run_address>0x4c70</run_address>
         <size>0x8</size>
[...]
         <value>0x46e3</value>
         <object_component_ref idref="oc-3b6"/>
      </symbol>
      <symbol id="sm-8cd">
         <name>SemaphoreP_post</name>
         <value>0x3cf1</value>
         <object_component_ref idref="oc-29b"/>
      </symbol>
      <symbol id="sm-8ce">
         <name>SemaphoreP_pend</name>
         <value>0x2759</value>
         <object_component_ref idref="oc-28f"/>
      </symbol>
      <symbol id="sm-8cf">
         <name>SemaphoreP_delete</name>
         <value>0x49ff</value>
         <object_component_ref idref="oc-289"/>
      </symbol>
      <symbol id="sm-8d0">
         <name>SemaphoreP_createBinary</name>
         <value>0x45f1</value>
         <object_component_ref idref="oc-283"/>
      </symbol>
      <symbol id="sm-8d1">
         <name>SemaphoreP_Params_init</name>
         <value>0x4861</value>
         <object_component_ref idref="oc-3b0"/>
      </symbol>
      <symbol id="sm-8d2">
         <name>clkFxn</name>
         <value>0x3b47</value>
         <object_component_ref idref="oc-3dd"/>
      </symbol>
      <symbol id="sm-92a">
         <name>SystemP_vsnprintf</name>
         <value>0x4a03</value>
         <object_component_ref idref="oc-625"/>
      </symbol>
      <symbol id="sm-93d">
         <name>PowerMSP432_updateFreqs</name>
         <value>0x3133</value>
         <object_component_ref idref="oc-36c"/>
      </symbol>
      <symbol id="sm-a1e">
         <name>ClockP_delete</name>
         <value>0x47e1</value>
         <object_component_ref idref="oc-8f3"/>
      </symbol>
      <symbol id="sm-a1f">
         <name>ClockP_doTick</name>
         <value>0x4921</value>
         <object_component_ref idref="oc-76a"/>
      </symbol>
      <symbol id="sm-a20">
         <name>ClockP_setTimeout</name>
         <value>0x49eb</value>
         <object_component_ref idref="oc-9f1"/>
      </symbol>
      <symbol id="sm-a21">
         <name>ClockP_startup</name>
         <value>0x2135</value>
         <object_component_ref idref="oc-66b"/>
      </symbol>
      <symbol id="sm-a22">
         <name>ClockP_stop</name>
         <value>0x49bd</value>
         <object_component_ref idref="oc-9f7"/>
      </symbol>
      <symbol id="sm-a23">
         <name>ClockP_construct</name>
         <value>0x3b49</value>
         <object_component_ref idref="oc-988"/>
      </symbol>
      <symbol id="sm-a24">
         <name>ClockP_scheduleNextTick</name>
         <value>0x447d</value>
         <object_component_ref idref="oc-576"/>
      </symbol>
      <symbol id="sm-a25">
         <name>ClockP_tickPeriod</name>
         <value>0x20008a04</value>
         <object_component_ref idref="oc-761"/>
      </symbol>
      <symbol id="sm-a26">
         <name>ClockP_create</name>
         <value>0x45bd</value>
         <object_component_ref idref="oc-914"/>
      </symbol>
      <symbol id="sm-a27">
         <name>ClockP_Params_init</name>
         <value>0x47d1</value>
         <object_component_ref idref="oc-90e"/>
      </symbol>
      <symbol id="sm-a28">
         <name>ClockP_workFuncDynamic</name>
         <value>0x2405</value>
         <object_component_ref idref="oc-764"/>
      </symbol>
      <symbol id="sm-a29">
         <name>ClockP_walkQueueDynamic</name>
         <value>0x3045</value>
         <object_component_ref idref="oc-844"/>
      </symbol>
      <symbol id="sm-a2a">
         <name>ClockP_destruct</name>
         <value>0x460b</value>
         <object_component_ref idref="oc-3d7"/>
      </symbol>
      <symbol id="sm-a2b">
         <name>ClockP_start</name>
         <value>0x2e49</value>
         <object_component_ref idref="oc-3c5"/>
      </symbol>
      <symbol id="sm-a2c">
         <name>ClockP_isActive</name>
         <value>0x49e7</value>
         <object_component_ref idref="oc-3d1"/>
      </symbol>
      <symbol id="sm-a2d">
         <name>ClockP_getTicks</name>
         <value>0x4459</value>
         <object_component_ref idref="oc-57c"/>
      </symbol>
      <symbol id="sm-a2e">
         <name>ClockP_add</name>
         <value>0x44e5</value>
         <object_component_ref idref="oc-3bf"/>
      </symbol>
      <symbol id="sm-ac4">
         <name>TimerP_setNextTick</name>
         <value>0x3f91</value>
         <object_component_ref idref="oc-699"/>
      </symbol>
      <symbol id="sm-ac5">
         <name>TimerP_getCurrentTick</name>
         <value>0x34b9</value>
         <object_component_ref idref="oc-570"/>
      </symbol>
      <symbol id="sm-ac6">
         <name>TimerP_setPeriod</name>
         <value>0x4a07</value>
         <object_component_ref idref="oc-824"/>
      </symbol>
      <symbol id="sm-ac7">
         <name>TimerP_dynamicStub</name>
         <value>0x3905</value>
         <object_component_ref idref="oc-836"/>
      </symbol>
      <symbol id="sm-ac8">
         <name>TimerP_getMaxTicks</name>
         <value>0x4945</value>
         <object_component_ref idref="oc-755"/>
      </symbol>
      <symbol id="sm-ac9">
         <name>TimerP_construct</name>
         <value>0x1b89</value>
         <object_component_ref idref="oc-74f"/>
      </symbol>
      <symbol id="sm-aca">
         <name>TimerP_getFreq</name>
         <value>0x4939</value>
         <object_component_ref idref="oc-75b"/>
      </symbol>
      <symbol id="sm-acb">
         <name>TimerP_initDevice</name>
         <value>0x4111</value>
         <object_component_ref idref="oc-81e"/>
      </symbol>
      <symbol id="sm-acc">
         <name>TimerP_start</name>
         <value>0x3d35</value>
         <object_component_ref idref="oc-82a"/>
      </symbol>
      <symbol id="sm-acd">
         <name>TimerP_Params_init</name>
         <value>0x4891</value>
         <object_component_ref idref="oc-749"/>
      </symbol>
      <symbol id="sm-b47">
         <name>HwiP_delete</name>
         <value>0x4623</value>
         <object_component_ref idref="oc-644"/>
      </symbol>
      <symbol id="sm-b48">
         <name>HwiP_construct</name>
         <value>0x321d</value>
         <object_component_ref idref="oc-384"/>
      </symbol>
      <symbol id="sm-b49">
         <name>HwiP_inISR</name>
         <value>0x463d</value>
         <object_component_ref idref="oc-3ed"/>
      </symbol>
      <symbol id="sm-b4a">
         <name>HwiP_dispatch</name>
         <value>0x44a1</value>
         <object_component_ref idref="oc-49a"/>
      </symbol>
      <symbol id="sm-b4b">
         <name>HwiP_swiPIntNum</name>
         <value>0x20008a0c</value>
         <object_component_ref idref="oc-4a0"/>
      </symbol>
      <symbol id="sm-b4c">
         <name>HwiP_Params_init</name>
         <value>0x4789</value>
         <object_component_ref idref="oc-24e"/>
      </symbol>
      <symbol id="sm-b4d">
         <name>HwiP_disable</name>
         <value>0x47f1</value>
         <object_component_ref idref="oc-270"/>
      </symbol>
      <symbol id="sm-b4e">
         <name>HwiP_key</name>
         <value>0x20008a08</value>
         <object_component_ref idref="oc-4a0"/>
      </symbol>
      <symbol id="sm-b4f">
         <name>HwiP_create</name>
         <value>0x4319</value>
         <object_component_ref idref="oc-254"/>
      </symbol>
      <symbol id="sm-b50">
         <name>HwiP_post</name>
         <value>0x49f3</value>
         <object_component_ref idref="oc-8ea"/>
      </symbol>
      <symbol id="sm-b51">
         <name>HwiP_enable</name>
         <value>0x49ef</value>
         <object_component_ref idref="oc-116"/>
      </symbol>
      <symbol id="sm-b52">
         <name>HwiP_restore</name>
         <value>0x4985</value>
         <object_component_ref idref="oc-276"/>
      </symbol>
      <symbol id="sm-b8f">
         <name>resetISR</name>
         <value>0x46b5</value>
         <object_component_ref idref="oc-1f"/>
      </symbol>
      <symbol id="sm-b90">
         <name>interruptVectors</name>
         <value>0x0</value>
         <object_component_ref idref="oc-26"/>
      </symbol>
      <symbol id="sm-bcd">
         <name>QueueP_next</name>
         <value>0x49fb</value>
         <object_component_ref idref="oc-8e3"/>
      </symbol>
      <symbol id="sm-bce">
         <name>QueueP_put</name>
         <value>0x4525</value>
         <object_component_ref idref="oc-565"/>
      </symbol>
      <symbol id="sm-bcf">
         <name>QueueP_remove</name>
         <value>0x48df</value>
         <object_component_ref idref="oc-585"/>
      </symbol>
      <symbol id="sm-bd0">
         <name>QueueP_head</name>
         <value>0x49f7</value>
         <object_component_ref idref="oc-8dd"/>
      </symbol>
      <symbol id="sm-bd1">
         <name>QueueP_init</name>
         <value>0x49d5</value>
         <object_component_ref idref="oc-737"/>
      </symbol>
      <symbol id="sm-bd2">
         <name>QueueP_empty</name>
         <value>0x48d1</value>
         <object_component_ref idref="oc-96f"/>
      </symbol>
      <symbol id="sm-bd3">
         <name>QueueP_get</name>
         <value>0x45d7</value>
         <object_component_ref idref="oc-969"/>
      </symbol>
      <symbol id="sm-c5a">
         <name>SwiP_construct</name>
         <value>0x1e21</value>
         <object_component_ref idref="oc-743"/>
      </symbol>
      <symbol id="sm-c5b">
         <name>SwiP_Params_init</name>
         <value>0x4871</value>
         <object_component_ref idref="oc-73d"/>
      </symbol>
      <symbol id="sm-c5c">
         <name>SwiP_post</name>
         <value>0x365d</value>
         <object_component_ref idref="oc-84b"/>
      </symbol>
      <symbol id="sm-c5d">
         <name>SwiP_dispatch</name>
         <value>0x2935</value>
         <object_component_ref idref="oc-8ca"/>
      </symbol>
      <symbol id="sm-cd6">
         <name>CS_setExternalClockSourceFrequency</name>
         <value>0x44c5</value>
         <object_component_ref idref="oc-354"/>
      </symbol>
      <symbol id="sm-cd7">
         <name>CS_startHFXTWithTimeout</name>
         <value>0x18e1</value>
         <object_component_ref idref="oc-360"/>
      </symbol>
      <symbol id="sm-cd8">
         <name>CS_startLFXTWithTimeout</name>
         <value>0x1aa9</value>
         <object_component_ref idref="oc-366"/>
      </symbol>
      <symbol id="sm-ced">
         <name>I2C_masterSendMultiByteFinish</name>
         <value>0x344d</value>
         <object_component_ref idref="oc-7a9"/>
      </symbol>
      <symbol id="sm-d83">
         <name>Interrupt_disableMaster</name>
         <value>0x4811</value>
         <object_component_ref idref="oc-52"/>
      </symbol>
      <symbol id="sm-d84">
         <name>Interrupt_disableInterrupt</name>
         <value>0x2ec9</value>
         <object_component_ref idref="oc-727"/>
      </symbol>
      <symbol id="sm-d85">
         <name>Interrupt_unregisterInterrupt</name>
         <value>0x4585</value>
         <object_component_ref idref="oc-72d"/>
      </symbol>
      <symbol id="sm-d86">
         <name>Interrupt_setPriority</name>
         <value>0x3a0d</value>
         <object_component_ref idref="oc-48e"/>
      </symbol>
      <symbol id="sm-d87">
         <name>Interrupt_enableMaster</name>
         <value>0x4821</value>
         <object_component_ref idref="oc-19a"/>
      </symbol>
      <symbol id="sm-d88">
         <name>Interrupt_enableInterrupt</name>
         <value>0x2f49</value>
         <object_component_ref idref="oc-494"/>
      </symbol>
      <symbol id="sm-d89">
         <name>Interrupt_registerInterrupt</name>
         <value>0x3851</value>
         <object_component_ref idref="oc-488"/>
      </symbol>
      <symbol id="sm-d8a">
         <name>g_pfnRAMVectors</name>
         <value>0x20008c00</value>
         <object_component_ref idref="oc-5e1"/>
      </symbol>
      <symbol id="sm-d8b">
         <name>Interrupt_pendInterrupt</name>
         <value>0x358d</value>
         <object_component_ref idref="oc-978"/>
      </symbol>
      <symbol id="sm-dac">
         <name>SysCtl_A_enableNMISource</name>
         <value>0x4685</value>
         <object_component_ref idref="oc-45b"/>
      </symbol>
      <symbol id="sm-dad">
         <name>SysCtl_A_getNMISourceStatus</name>
         <value>0x4881</value>
         <object_component_ref idref="oc-449"/>
      </symbol>
      <symbol id="sm-dae">
         <name>SysCtl_A_disableNMISource</name>
         <value>0x466d</value>
         <object_component_ref idref="oc-44f"/>
      </symbol>
      <symbol id="sm-dcc">
         <name>UART_initModule</name>
         <value>0x13bd</value>
         <object_component_ref idref="oc-990"/>
      </symbol>
      <symbol id="sm-dde">
         <name>CPU_cpsie</name>
         <value>0x4913</value>
         <object_component_ref idref="oc-262"/>
      </symbol>
      <symbol id="sm-ddf">
         <name>CPU_cpsid</name>
         <value>0x4907</value>
         <object_component_ref idref="oc-96"/>
      </symbol>
      <symbol id="sm-df6">
         <name>__aeabi_dsub</name>
         <value>0xda5</value>
         <object_component_ref idref="oc-7d1"/>
      </symbol>
      <symbol id="sm-df7">
         <name>__aeabi_dadd</name>
         <value>0xdaf</value>
         <object_component_ref idref="oc-7d1"/>
      </symbol>
      <symbol id="sm-e09">
         <name>__aeabi_cdcmpeq</name>
         <value>0x2d3d</value>
         <object_component_ref idref="oc-7c2"/>
      </symbol>
      <symbol id="sm-e0a">
         <name>__aeabi_cdcmple</name>
         <value>0x2d3d</value>
         <object_component_ref idref="oc-7c2"/>
      </symbol>
      <symbol id="sm-e15">
         <name>__aeabi_dmul</name>
         <value>0x16f5</value>
         <object_component_ref idref="oc-7d6"/>
      </symbol>
      <symbol id="sm-e1f">
         <name>__aeabi_d2iz</name>
         <value>0x3bd9</value>
         <object_component_ref idref="oc-7c7"/>
      </symbol>
      <symbol id="sm-e29">
         <name>__aeabi_d2uiz</name>
         <value>0x3e89</value>
         <object_component_ref idref="oc-7db"/>
      </symbol>
      <symbol id="sm-e33">
         <name>__aeabi_i2d</name>
         <value>0x42c1</value>
         <object_component_ref idref="oc-7cc"/>
      </symbol>
      <symbol id="sm-e4e">
         <name>memcpy</name>
         <value>0x29d1</value>
         <object_component_ref idref="oc-3a"/>
      </symbol>
      <symbol id="sm-e4f">
         <name>__aeabi_memcpy</name>
         <value>0x29d1</value>
         <object_component_ref idref="oc-3a"/>
      </symbol>
      <symbol id="sm-e50">
         <name>__aeabi_memcpy8</name>
         <value>0x29d1</value>
         <object_component_ref idref="oc-3a"/>
      </symbol>
      <symbol id="sm-e51">
         <name>__aeabi_memcpy4</name>
         <value>0x29d1</value>
         <object_component_ref idref="oc-3a"/>
      </symbol>
      <symbol id="sm-e5e">
         <name>__aeabi_uldivmod</name>
         <value>0x2a6d</value>
         <object_component_ref idref="oc-692"/>
      </symbol>
      <symbol id="sm-e6d">
         <name>__aeabi_uidivmod</name>
         <value>0x40d1</value>
         <object_component_ref idref="oc-8af"/>
      </symbol>
      <symbol id="sm-e6e">
         <name>__aeabi_uidiv</name>
         <value>0x40d1</value>
         <object_component_ref idref="oc-8af"/>
      </symbol>
      <symbol id="sm-e85">
         <name>__TI_zero_init</name>
         <value>0x4951</value>
         <object_component_ref idref="oc-4c"/>
      </symbol>
      <symbol id="sm-e9c">
         <name>__TI_decompress_none</name>
         <value>0x48ed</value>
         <object_component_ref idref="oc-18"/>
      </symbol>
      <symbol id="sm-ebf">
         <name>__TI_decompress_lzss</name>
         <value>0x36c5</value>
         <object_component_ref idref="oc-12"/>
      </symbol>
      <symbol id="sm-f48">
         <name>_sys_memory</name>
         <value>0x20000000</value>
         <object_component_ref idref="oc-29"/>
      </symbol>
      <symbol id="sm-f49">
         <name>free</name>
         <value>0x19c5</value>
         <object_component_ref idref="oc-38a"/>
      </symbol>
      <symbol id="sm-f4a">
         <name>memalign</name>
         <value>0x15f5</value>
         <object_component_ref idref="oc-481"/>
      </symbol>
      <symbol id="sm-f4b">
         <name>malloc</name>
         <value>0x499d</value>
         <object_component_ref idref="oc-37e"/>
      </symbol>
      <symbol id="sm-f4c">
         <name>aligned_alloc</name>
         <value>0x15f5</value>
         <object_component_ref idref="oc-481"/>
      </symbol>
      <symbol id="sm-f5a">
         <name>strlen</name>
         <value>0x4775</value>
         <object_component_ref idref="oc-62b"/>
      </symbol>
      <symbol id="sm-f6d">
         <name>__stack</name>
         <value>0x2000f000</value>
         <object_component_ref idref="oc-2c"/>
      </symbol>
      <symbol id="sm-f6e">
         <name>_c_int00_noargs</name>
         <value>0x422d</value>
         <object_component_ref idref="oc-a8"/>
      </symbol>
      <symbol id="sm-f78">
         <name>__aeabi_idiv0</name>
         <value>0x4583</value>
         <object_component_ref idref="oc-77a"/>
      </symbol>
      <symbol id="sm-f79">
         <name>__aeabi_ldiv0</name>
         <value>0x4583</value>
         <object_component_ref idref="oc-77a"/>
      </symbol>
      <symbol id="sm-f88">
         <name>__aeabi_memset</name>
         <value>0x2fcb</value>
         <object_component_ref idref="oc-90"/>
      </symbol>
      <symbol id="sm-f89">
         <name>memset</name>
         <value>0x2fd1</value>
         <object_component_ref idref="oc-90"/>
      </symbol>
      <symbol id="sm-f8a">
         <name>__aeabi_memset8</name>
         <value>0x2fcb</value>
         <object_component_ref idref="oc-90"/>
      </symbol>
      <symbol id="sm-f8b">
         <name>__aeabi_memset4</name>
         <value>0x2fcb</value>
         <object_component_ref idref="oc-90"/>
      </symbol>
      <symbol id="sm-f8c">
         <name>__aeabi_memclr8</name>
         <value>0x2fc9</value>
         <object_component_ref idref="oc-90"/>
      </symbol>
      <symbol id="sm-f8d">
         <name>__aeabi_memclr4</name>
         <value>0x2fc9</value>
         <object_component_ref idref="oc-90"/>
      </symbol>
      <symbol id="sm-f8e">
         <name>__aeabi_memclr</name>
         <value>0x2fc9</value>
         <object_component_ref idref="oc-90"/>
      </symbol>
      <symbol id="sm-fb6">
         <name>__TI_auto_init_nobinit_nopinit</name>
         <value>0x3e01</value>
         <object_component_ref idref="oc-12f"/>
      </symbol>
      <symbol id="sm-fc0">
         <name>_system_pre_init</name>
         <value>0x4a0f</value>
         <object_component_ref idref="oc-f0"/>
      </symbol>
      <symbol id="sm-fcc">
         <name>C$$EXIT</name>
         <value>0x4a13</value>
         <object_component_ref idref="oc-123"/>
      </symbol>
      <symbol id="sm-fcd">
         <name>abort</name>
         <value>0x4a13</value>
         <object_component_ref idref="oc-123"/>
      </symbol>
      <symbol id="sm-fe2">
         <name>_nop</name>
         <value>0x344b</value>
         <object_component_ref idref="oc-324"/>
      </symbol>
      <symbol id="sm-fe3">
         <name>_lock</name>
         <value>0x200089e8</value>
         <object_component_ref idref="oc-22b"/>
      </symbol>
      <symbol id="sm-fe4">
         <name>_unlock</name>
         <value>0x200089ec</value>
         <object_component_ref idref="oc-22b"/>
      </symbol>
      <symbol id="sm-fe6">
         <name>__TI_static_base__</name>
         <value>0x4ca0</value>
      </symbol>
      <symbol id="sm-fe9">
         <name>__mpu_init</name>
         <value>0x0</value>
      </symbol>
      <symbol id="sm-fea">
         <name>_system_post_cinit</name>
         <value>0x0</value>
      </symbol>
      <symbol id="sm-feb">
         <name>NoRTOS_start</name>
         <value>0x49ef</value>
      </symbol>
   </symbol_table>
   <title>Link successful</title>
</link_info>
