<?xml version="1.0" encoding="ISO-8859-1" ?>
<link_info>
   <banner>TI ARM Linker Unix v20.2.2.LTS</banner>
   <copyright>Copyright (c) 1996-2018 Texas Instruments Incorporated</copyright>
   <link_time>0x6040567e</link_time>
   <link_errors>0x0</link_errors>
   <output_file>vl6180x_MSP_EXP432P401R_nortos_ccs.out</output_file>
   <entry_point>
      <name>resetISR</name>
      <address>0x47d5</address>
   </entry_point>
   <input_file_list>
      <input_file id="fl-2">
         <path>./</path>
         <kind>object</kind>
         <file>main_nortos.obj</file>
         <name>main_nortos.obj</name>
      </input_file>
      <input_file id="fl-3">
         <path>./</path>
         <kind>object</kind>
         <file>vl6180x.obj</file>
         <name>vl6180x.obj</name>
      </input_file>
      <input_file id="fl-4">
         <path>./syscfg/</path>
         <kind>object</kind>
         <file>ti_drivers_config.obj</file>
         <name>ti_drivers_config.obj</name>
      </input_file>
      <input_file id="fl-f">
         <kind>object</kind>
         <file>&lt;internal&gt;</file>
         <name>&lt;internal&gt;</name>
      </input_file>
      <input_file id="fl-10">
         <path>/home/ebad/ti/simplelink_msp432p4_sdk_3_40_01_02/source/ti/display/lib/</path>
         <kind>archive</kind>
         <file>display.aem4f</file>
         <name>Display.oem4f</name>
      </input_file>
      <input_file id="fl-11">
         <path>/home/ebad/ti/simplelink_msp432p4_sdk_3_40_01_02/source/ti/display/lib/</path>
         <kind>archive</kind>
         <file>display.aem4f</file>
         <name>DisplayUart.oem4f</name>
      </input_file>
      <input_file id="fl-12">
         <path>/home/ebad/ti/simplelink_msp432p4_sdk_3_40_01_02/source/ti/drivers/lib/</path>
         <kind>archive</kind>
         <file>drivers_msp432p401x.aem4f</file>
         <name>GPIOMSP432.oem4f</name>
      </input_file>
      <input_file id="fl-13">
         <path>/home/ebad/ti/simplelink_msp432p4_sdk_3_40_01_02/source/ti/drivers/lib/</path>
         <kind>archive</kind>
         <file>drivers_msp432p401x.aem4f</file>
         <name>I2C.oem4f</name>
      </input_file>
      <input_file id="fl-14">
         <path>/home/ebad/ti/simplelink_msp432p4_sdk_3_40_01_02/source/ti/drivers/lib/</path>
         <kind>archive</kind>
         <file>drivers_msp432p401x.aem4f</file>
         <name>I2CMSP432.oem4f</name>
      </input_file>
      <input_file id="fl-15">
         <path>/home/ebad/ti/simplelink_msp432p4_sdk_3_40_01_02/source/ti/drivers/lib/</path>
         <kind>archive</kind>
         <file>drivers_msp432p401x.aem4f</file>
         <name>PowerMSP432.oem4f</name>
      </input_file>
      <input_file id="fl-16">
         <path>/home/ebad/ti/simplelink_msp432p4_sdk_3_40_01_02/source/ti/drivers/lib/</path>
         <kind>archive</kind>
         <file>drivers_msp432p401x.aem4f</file>
         <name>UART.oem4f</name>
      </input_file>
      <input_file id="fl-17">
         <path>/home/ebad/ti/simplelink_msp432p4_sdk_3_40_01_02/source/ti/drivers/lib/</path>
         <kind>archive</kind>
         <file>drivers_msp432p401x.aem4f</file>
         <name>UARTMSP432.oem4f</name>
      </input_file>
      <input_file id="fl-18">
         <path>/home/ebad/ti/simplelink_msp432p4_sdk_3_40_01_02/source/ti/drivers/lib/</path>
         <kind>archive</kind>
         <file>drivers_msp432p401x.aem4f</file>
         <name>Watchdog.oem4f</name>
      </input_file>
      <input_file id="fl-19">
         <path>/home/ebad/ti/simplelink_msp432p4_sdk_3_40_01_02/source/ti/drivers/lib/</path>
         <kind>archive</kind>
         <file>drivers_msp432p401x.aem4f</file>
         <name>WatchdogMSP432.oem4f</name>
      </input_file>
      <input_file id="fl-1a">
         <path>/home/ebad/ti/simplelink_msp432p4_sdk_3_40_01_02/source/ti/drivers/lib/</path>
         <kind>archive</kind>
         <file>drivers_msp432p401x.aem4f</file>
         <name>List.oem4f</name>
      </input_file>
      <input_file id="fl-1b">
         <path>/home/ebad/ti/simplelink_msp432p4_sdk_3_40_01_02/source/ti/drivers/lib/</path>
         <kind>archive</kind>
         <file>drivers_msp432p401x.aem4f</file>
         <name>RingBuf.oem4f</name>
      </input_file>
      <input_file id="fl-1c">
         <path>/home/ebad/ti/simplelink_msp432p4_sdk_3_40_01_02/kernel/nortos/lib/</path>
         <kind>archive</kind>
         <file>nortos_msp432p401x.aem4f</file>
         <name>NoRTOS.oem4f</name>
      </input_file>
      <input_file id="fl-1d">
         <path>/home/ebad/ti/simplelink_msp432p4_sdk_3_40_01_02/kernel/nortos/lib/</path>
         <kind>archive</kind>
         <file>nortos_msp432p401x.aem4f</file>
         <name>SemaphoreP_nortos.oem4f</name>
      </input_file>
      <input_file id="fl-1e">
         <path>/home/ebad/ti/simplelink_msp432p4_sdk_3_40_01_02/kernel/nortos/lib/</path>
         <kind>archive</kind>
         <file>nortos_msp432p401x.aem4f</file>
         <name>SystemP_nortos.oem4f</name>
      </input_file>
      <input_file id="fl-1f">
         <path>/home/ebad/ti/simplelink_msp432p4_sdk_3_40_01_02/kernel/nortos/lib/</path>
         <kind>archive</kind>
         <file>nortos_msp432p401x.aem4f</file>
         <name>PowerMSP432_nortos.oem4f</name>
      </input_file>
      <input_file id="fl-20">
         <path>/home/ebad/ti/simplelink_msp432p4_sdk_3_40_01_02/kernel/nortos/lib/</path>
         <kind>archive</kind>
         <file>nortos_msp432p401x.aem4f</file>
         <name>ClockPTimer_nortos.oem4f</name>
      </input_file>
      <input_file id="fl-21">
         <path>/home/ebad/ti/simplelink_msp432p4_sdk_3_40_01_02/kernel/nortos/lib/</path>
         <kind>archive</kind>
         <file>nortos_msp432p401x.aem4f</file>
         <name>TimerPMSP432_nortos.oem4f</name>
      </input_file>
      <input_file id="fl-22">
         <path>/home/ebad/ti/simplelink_msp432p4_sdk_3_40_01_02/kernel/nortos/lib/</path>
         <kind>archive</kind>
         <file>nortos_msp432p401x.aem4f</file>
         <name>HwiPMSP432_nortos.oem4f</name>
      </input_file>
      <input_file id="fl-23">
         <path>/home/ebad/ti/simplelink_msp432p4_sdk_3_40_01_02/kernel/nortos/lib/</path>
         <kind>archive</kind>
         <file>nortos_msp432p401x.aem4f</file>
         <name>startup_msp432_ccs.oem4f</name>
      </input_file>
      <input_file id="fl-24">
         <path>/home/ebad/ti/simplelink_msp432p4_sdk_3_40_01_02/kernel/nortos/lib/</path>
         <kind>archive</kind>
         <file>nortos_msp432p401x.aem4f</file>
         <name>QueueP_nortos.oem4f</name>
      </input_file>
      <input_file id="fl-25">
         <path>/home/ebad/ti/simplelink_msp432p4_sdk_3_40_01_02/kernel/nortos/lib/</path>
         <kind>archive</kind>
         <file>nortos_msp432p401x.aem4f</file>
         <name>SwiP_nortos.oem4f</name>
      </input_file>
      <input_file id="fl-26">
         <path>/home/ebad/ti/simplelink_msp432p4_sdk_3_40_01_02/source/ti/devices/msp432p4xx/driverlib/ccs/</path>
         <kind>archive</kind>
         <file>msp432p4xx_driverlib.lib</file>
         <name>cs.o</name>
      </input_file>
      <input_file id="fl-27">
         <path>/home/ebad/ti/simplelink_msp432p4_sdk_3_40_01_02/source/ti/devices/msp432p4xx/driverlib/ccs/</path>
         <kind>archive</kind>
         <file>msp432p4xx_driverlib.lib</file>
         <name>i2c.o</name>
      </input_file>
      <input_file id="fl-28">
         <path>/home/ebad/ti/simplelink_msp432p4_sdk_3_40_01_02/source/ti/devices/msp432p4xx/driverlib/ccs/</path>
         <kind>archive</kind>
         <file>msp432p4xx_driverlib.lib</file>
         <name>interrupt.o</name>
      </input_file>
      <input_file id="fl-29">
         <path>/home/ebad/ti/simplelink_msp432p4_sdk_3_40_01_02/source/ti/devices/msp432p4xx/driverlib/ccs/</path>
         <kind>archive</kind>
         <file>msp432p4xx_driverlib.lib</file>
         <name>sysctl.o</name>
      </input_file>
      <input_file id="fl-2a">
         <path>/home/ebad/ti/simplelink_msp432p4_sdk_3_40_01_02/source/ti/devices/msp432p4xx/driverlib/ccs/</path>
         <kind>archive</kind>
         <file>msp432p4xx_driverlib.lib</file>
         <name>sysctl_a.o</name>
      </input_file>
      <input_file id="fl-2b">
         <path>/home/ebad/ti/simplelink_msp432p4_sdk_3_40_01_02/source/ti/devices/msp432p4xx/driverlib/ccs/</path>
         <kind>archive</kind>
         <file>msp432p4xx_driverlib.lib</file>
         <name>uart.o</name>
      </input_file>
      <input_file id="fl-2c">
         <path>/home/ebad/ti/simplelink_msp432p4_sdk_3_40_01_02/source/ti/devices/msp432p4xx/driverlib/ccs/</path>
         <kind>archive</kind>
         <file>msp432p4xx_driverlib.lib</file>
         <name>cpu.o</name>
      </input_file>
      <input_file id="fl-e2">
         <path>/home/ebad/ti/ccs1020/ccs/tools/compiler/ti-cgt-arm_20.2.2.LTS/lib/</path>
         <kind>archive</kind>
         <file>rtsv7M4_T_le_v4SPD16_eabi.lib</file>
         <name>fd_add_t2.asm.obj</name>
      </input_file>
      <input_file id="fl-e3">
         <path>/home/ebad/ti/ccs1020/ccs/tools/compiler/ti-cgt-arm_20.2.2.LTS/lib/</path>
         <kind>archive</kind>
         <file>rtsv7M4_T_le_v4SPD16_eabi.lib</file>
         <name>fd_cmp_t2.asm.obj</name>
      </input_file>
      <input_file id="fl-e4">
         <path>/home/ebad/ti/ccs1020/ccs/tools/compiler/ti-cgt-arm_20.2.2.LTS/lib/</path>
         <kind>archive</kind>
         <file>rtsv7M4_T_le_v4SPD16_eabi.lib</file>
         <name>fd_mul_t2.asm.obj</name>
      </input_file>
      <input_file id="fl-e5">
         <path>/home/ebad/ti/ccs1020/ccs/tools/compiler/ti-cgt-arm_20.2.2.LTS/lib/</path>
         <kind>archive</kind>
         <file>rtsv7M4_T_le_v4SPD16_eabi.lib</file>
         <name>fd_toi_t2.asm.obj</name>
      </input_file>
      <input_file id="fl-e6">
         <path>/home/ebad/ti/ccs1020/ccs/tools/compiler/ti-cgt-arm_20.2.2.LTS/lib/</path>
         <kind>archive</kind>
         <file>rtsv7M4_T_le_v4SPD16_eabi.lib</file>
         <name>fd_tou_t2.asm.obj</name>
      </input_file>
      <input_file id="fl-e7">
         <path>/home/ebad/ti/ccs1020/ccs/tools/compiler/ti-cgt-arm_20.2.2.LTS/lib/</path>
         <kind>archive</kind>
         <file>rtsv7M4_T_le_v4SPD16_eabi.lib</file>
         <name>i_tofd_t2.asm.obj</name>
      </input_file>
      <input_file id="fl-e8">
         <path>/home/ebad/ti/ccs1020/ccs/tools/compiler/ti-cgt-arm_20.2.2.LTS/lib/</path>
         <kind>archive</kind>
         <file>rtsv7M4_T_le_v4SPD16_eabi.lib</file>
         <name>memcpy_t2.asm.obj</name>
      </input_file>
      <input_file id="fl-e9">
         <path>/home/ebad/ti/ccs1020/ccs/tools/compiler/ti-cgt-arm_20.2.2.LTS/lib/</path>
         <kind>archive</kind>
         <file>rtsv7M4_T_le_v4SPD16_eabi.lib</file>
         <name>ull_div_t2.asm.obj</name>
      </input_file>
      <input_file id="fl-ea">
         <path>/home/ebad/ti/ccs1020/ccs/tools/compiler/ti-cgt-arm_20.2.2.LTS/lib/</path>
         <kind>archive</kind>
         <file>rtsv7M4_T_le_v4SPD16_eabi.lib</file>
         <name>u_divt2.asm.obj</name>
      </input_file>
      <input_file id="fl-eb">
         <path>/home/ebad/ti/ccs1020/ccs/tools/compiler/ti-cgt-arm_20.2.2.LTS/lib/</path>
         <kind>archive</kind>
         <file>rtsv7M4_T_le_v4SPD16_eabi.lib</file>
         <name>copy_zero_init.c.obj</name>
      </input_file>
      <input_file id="fl-ec">
         <path>/home/ebad/ti/ccs1020/ccs/tools/compiler/ti-cgt-arm_20.2.2.LTS/lib/</path>
         <kind>archive</kind>
         <file>rtsv7M4_T_le_v4SPD16_eabi.lib</file>
         <name>copy_decompress_none.c.obj</name>
      </input_file>
      <input_file id="fl-ed">
         <path>/home/ebad/ti/ccs1020/ccs/tools/compiler/ti-cgt-arm_20.2.2.LTS/lib/</path>
         <kind>archive</kind>
         <file>rtsv7M4_T_le_v4SPD16_eabi.lib</file>
         <name>copy_decompress_lzss.c.obj</name>
      </input_file>
      <input_file id="fl-ee">
         <path>/home/ebad/ti/ccs1020/ccs/tools/compiler/ti-cgt-arm_20.2.2.LTS/lib/</path>
         <kind>archive</kind>
         <file>rtsv7M4_T_le_v4SPD16_eabi.lib</file>
         <name>memory.c.obj</name>
      </input_file>
      <input_file id="fl-ef">
         <path>/home/ebad/ti/ccs1020/ccs/tools/compiler/ti-cgt-arm_20.2.2.LTS/lib/</path>
         <kind>archive</kind>
         <file>rtsv7M4_T_le_v4SPD16_eabi.lib</file>
         <name>strlen.c.obj</name>
      </input_file>
      <input_file id="fl-f0">
         <path>/home/ebad/ti/ccs1020/ccs/tools/compiler/ti-cgt-arm_20.2.2.LTS/lib/</path>
         <kind>archive</kind>
         <file>rtsv7M4_T_le_v4SPD16_eabi.lib</file>
         <name>boot_cortex_m.c.obj</name>
      </input_file>
      <input_file id="fl-f1">
         <path>/home/ebad/ti/ccs1020/ccs/tools/compiler/ti-cgt-arm_20.2.2.LTS/lib/</path>
         <kind>archive</kind>
         <file>rtsv7M4_T_le_v4SPD16_eabi.lib</file>
         <name>div0.asm.obj</name>
      </input_file>
      <input_file id="fl-f2">
         <path>/home/ebad/ti/ccs1020/ccs/tools/compiler/ti-cgt-arm_20.2.2.LTS/lib/</path>
         <kind>archive</kind>
         <file>rtsv7M4_T_le_v4SPD16_eabi.lib</file>
         <name>memset_t2.asm.obj</name>
      </input_file>
      <input_file id="fl-f3">
         <path>/home/ebad/ti/ccs1020/ccs/tools/compiler/ti-cgt-arm_20.2.2.LTS/lib/</path>
         <kind>archive</kind>
         <file>rtsv7M4_T_le_v4SPD16_eabi.lib</file>
         <name>autoinit.c.obj</name>
      </input_file>
      <input_file id="fl-f4">
         <path>/home/ebad/ti/ccs1020/ccs/tools/compiler/ti-cgt-arm_20.2.2.LTS/lib/</path>
         <kind>archive</kind>
         <file>rtsv7M4_T_le_v4SPD16_eabi.lib</file>
         <name>pre_init.c.obj</name>
      </input_file>
      <input_file id="fl-f5">
         <path>/home/ebad/ti/ccs1020/ccs/tools/compiler/ti-cgt-arm_20.2.2.LTS/lib/</path>
         <kind>archive</kind>
         <file>rtsv7M4_T_le_v4SPD16_eabi.lib</file>
         <name>cpy_tbl.c.obj</name>
      </input_file>
      <input_file id="fl-f6">
         <path>/home/ebad/ti/ccs1020/ccs/tools/compiler/ti-cgt-arm_20.2.2.LTS/lib/</path>
         <kind>archive</kind>
         <file>rtsv7M4_T_le_v4SPD16_eabi.lib</file>
         <name>exit.c.obj</name>
      </input_file>
      <input_file id="fl-f7">
         <path>/home/ebad/ti/ccs1020/ccs/tools/compiler/ti-cgt-arm_20.2.2.LTS/lib/</path>
         <kind>archive</kind>
         <file>rtsv7M4_T_le_v4SPD16_eabi.lib</file>
         <name>_lock.c.obj</name>
      </input_file>
      <input_file id="fl-f8">
         <path>/home/ebad/ti/ccs1020/ccs/tools/compiler/ti-cgt-arm_20.2.2.LTS/lib/</path>
         <kind>archive</kind>
         <file>rtsv7M4_T_le_v4SPD16_eabi.lib</file>
         <name>args_main.c.obj</name>
      </input_file>
   </input_file_list>
   <object_component_list>
      <object_component id="oc-11c">
         <name>.text:mainThread</name>
         <load_address>0x144</load_address>
         <run_address>0x144</run_address>
         <size>0x358</size>
         <input_file_ref idref="fl-3"/>
      </object_component>
      <object_component id="oc-730">
         <name>.text:doPrint</name>
         <load_address>0x49c</load_address>
         <run_address>0x49c</run_address>
         <size>0x2d8</size>
         <input_file_ref idref="fl-1e"/>
      </object_component>
      <object_component id="oc-88a">
         <name>.text:UARTMSP432_open</name>
         <load_address>0x774</load_address>
         <run_address>0x774</run_address>
         <size>0x2d0</size>
         <input_file_ref idref="fl-17"/>
      </object_component>
      <object_component id="oc-25a">
         <name>.text:initPerfControl</name>
         <load_address>0xa44</load_address>
         <run_address>0xa44</run_address>
         <size>0x288</size>
         <input_file_ref idref="fl-15"/>
      </object_component>
      <object_component id="oc-5c3">
         <name>.text:I2CMSP432_open</name>
         <load_address>0xccc</load_address>
         <run_address>0xccc</run_address>
         <size>0x1f8</size>
         <input_file_ref idref="fl-14"/>
      </object_component>
      <object_component id="oc-7e6">
         <name>.text</name>
         <load_address>0xec4</load_address>
         <run_address>0xec4</run_address>
         <size>0x1b6</size>
         <input_file_ref idref="fl-e2"/>
      </object_component>
      <object_component id="oc-6fa">
         <name>.text:I2CMSP432_hwiIntFxn</name>
         <load_address>0x107a</load_address>
         <run_address>0x107a</run_address>
         <size>0x184</size>
         <input_file_ref idref="fl-14"/>
      </object_component>
      <object_component id="oc-193">
         <name>.text:Board_initHook</name>
         <load_address>0x11fe</load_address>
         <run_address>0x11fe</run_address>
         <size>0x2</size>
         <input_file_ref idref="fl-4"/>
      </object_component>
      <object_component id="oc-1e9">
         <name>.text:GPIO_setConfig</name>
         <load_address>0x1200</load_address>
         <run_address>0x1200</run_address>
         <size>0x170</size>
         <input_file_ref idref="fl-12"/>
      </object_component>
      <object_component id="oc-201">
         <name>.text:VL6180X_init</name>
         <load_address>0x1370</load_address>
         <run_address>0x1370</run_address>
         <size>0x16c</size>
         <input_file_ref idref="fl-3"/>
      </object_component>
      <object_component id="oc-9a5">
         <name>.text:UART_initModule</name>
         <load_address>0x14dc</load_address>
         <run_address>0x14dc</run_address>
         <size>0x11c</size>
         <input_file_ref idref="fl-2b"/>
      </object_component>
      <object_component id="oc-70b">
         <name>.text:primeTransfer</name>
         <load_address>0x15f8</load_address>
         <run_address>0x15f8</run_address>
         <size>0x11c</size>
         <input_file_ref idref="fl-14"/>
      </object_component>
      <object_component id="oc-496">
         <name>.text:aligned_alloc</name>
         <load_address>0x1714</load_address>
         <run_address>0x1714</run_address>
         <size>0x100</size>
         <input_file_ref idref="fl-ee"/>
      </object_component>
      <object_component id="oc-7eb">
         <name>.text</name>
         <load_address>0x1814</load_address>
         <run_address>0x1814</run_address>
         <size>0xfc</size>
         <input_file_ref idref="fl-e4"/>
      </object_component>
      <object_component id="oc-5c9">
         <name>.text:I2CMSP432_transfer</name>
         <load_address>0x1910</load_address>
         <run_address>0x1910</run_address>
         <size>0xf0</size>
         <input_file_ref idref="fl-14"/>
      </object_component>
      <object_component id="oc-375">
         <name>.text:CS_startHFXTWithTimeout</name>
         <load_address>0x1a00</load_address>
         <run_address>0x1a00</run_address>
         <size>0xe4</size>
         <input_file_ref idref="fl-26"/>
      </object_component>
      <object_component id="oc-39f">
         <name>.text:free</name>
         <load_address>0x1ae4</load_address>
         <run_address>0x1ae4</run_address>
         <size>0xe4</size>
         <input_file_ref idref="fl-ee"/>
      </object_component>
      <object_component id="oc-37b">
         <name>.text:CS_startLFXTWithTimeout</name>
         <load_address>0x1bc8</load_address>
         <run_address>0x1bc8</run_address>
         <size>0xe0</size>
         <input_file_ref idref="fl-26"/>
      </object_component>
      <object_component id="oc-764">
         <name>.text:TimerP_construct</name>
         <load_address>0x1ca8</load_address>
         <run_address>0x1ca8</run_address>
         <size>0xe0</size>
         <input_file_ref idref="fl-21"/>
      </object_component>
      <object_component id="oc-896">
         <name>.text:UARTMSP432_readPolling</name>
         <load_address>0x1d88</load_address>
         <run_address>0x1d88</run_address>
         <size>0xdc</size>
         <input_file_ref idref="fl-17"/>
      </object_component>
      <object_component id="oc-46a">
         <name>.text:_CSGetHFXTFrequency</name>
         <load_address>0x1e64</load_address>
         <run_address>0x1e64</run_address>
         <size>0xdc</size>
         <input_file_ref idref="fl-26"/>
      </object_component>
      <object_component id="oc-758">
         <name>.text:SwiP_construct</name>
         <load_address>0x1f40</load_address>
         <run_address>0x1f40</run_address>
         <size>0xd8</size>
         <input_file_ref idref="fl-25"/>
      </object_component>
      <object_component id="oc-941">
         <name>.text:UARTMSP432_hwiIntFxn</name>
         <load_address>0x2018</load_address>
         <run_address>0x2018</run_address>
         <size>0xca</size>
         <input_file_ref idref="fl-17"/>
      </object_component>
      <object_component id="oc-509">
         <name>.text:DisplayUartMin_clear</name>
         <load_address>0x20e2</load_address>
         <run_address>0x20e2</run_address>
         <size>0x2</size>
         <input_file_ref idref="fl-11"/>
      </object_component>
      <object_component id="oc-935">
         <name>.text:initHw</name>
         <load_address>0x20e4</load_address>
         <run_address>0x20e4</run_address>
         <size>0xb8</size>
         <input_file_ref idref="fl-17"/>
      </object_component>
      <object_component id="oc-9db">
         <name>.text:readTaskCallback</name>
         <load_address>0x219c</load_address>
         <run_address>0x219c</run_address>
         <size>0xb8</size>
         <input_file_ref idref="fl-17"/>
      </object_component>
      <object_component id="oc-680">
         <name>.text:ClockP_startup</name>
         <load_address>0x2254</load_address>
         <run_address>0x2254</run_address>
         <size>0xb4</size>
         <input_file_ref idref="fl-20"/>
      </object_component>
      <object_component id="oc-87e">
         <name>.text:UARTMSP432_control</name>
         <load_address>0x2308</load_address>
         <run_address>0x2308</run_address>
         <size>0xb4</size>
         <input_file_ref idref="fl-17"/>
      </object_component>
      <object_component id="oc-8a8">
         <name>.text:UARTMSP432_writePolling</name>
         <load_address>0x23bc</load_address>
         <run_address>0x23bc</run_address>
         <size>0xb4</size>
         <input_file_ref idref="fl-17"/>
      </object_component>
      <object_component id="oc-54c">
         <name>.text:WatchdogMSP432_open</name>
         <load_address>0x2470</load_address>
         <run_address>0x2470</run_address>
         <size>0xb2</size>
         <input_file_ref idref="fl-19"/>
      </object_component>
      <object_component id="oc-50f">
         <name>.text:DisplayUartMin_clearLines</name>
         <load_address>0x2522</load_address>
         <run_address>0x2522</run_address>
         <size>0x2</size>
         <input_file_ref idref="fl-11"/>
      </object_component>
      <object_component id="oc-779">
         <name>.text:ClockP_workFuncDynamic</name>
         <load_address>0x2524</load_address>
         <run_address>0x2524</run_address>
         <size>0xac</size>
         <input_file_ref idref="fl-20"/>
      </object_component>
      <object_component id="oc-1ad">
         <name>.text:GPIO_init</name>
         <load_address>0x25d0</load_address>
         <run_address>0x25d0</run_address>
         <size>0xac</size>
         <input_file_ref idref="fl-12"/>
      </object_component>
      <object_component id="oc-5ab">
         <name>.text:I2CMSP432_cancel</name>
         <load_address>0x267c</load_address>
         <run_address>0x267c</run_address>
         <size>0xac</size>
         <input_file_ref idref="fl-14"/>
      </object_component>
      <object_component id="oc-8a2">
         <name>.text:UARTMSP432_write</name>
         <load_address>0x2728</load_address>
         <run_address>0x2728</run_address>
         <size>0xa8</size>
         <input_file_ref idref="fl-17"/>
      </object_component>
      <object_component id="oc-9c9">
         <name>.text:readTaskBlocking</name>
         <load_address>0x27d0</load_address>
         <run_address>0x27d0</run_address>
         <size>0xa8</size>
         <input_file_ref idref="fl-17"/>
      </object_component>
      <object_component id="oc-2a1">
         <name>.text:SemaphoreP_pend</name>
         <load_address>0x2878</load_address>
         <run_address>0x2878</run_address>
         <size>0xa0</size>
         <input_file_ref idref="fl-1d"/>
      </object_component>
      <object_component id="oc-9e1">
         <name>.text:readIsrTextCallback</name>
         <load_address>0x2918</load_address>
         <run_address>0x2918</run_address>
         <size>0xa0</size>
         <input_file_ref idref="fl-17"/>
      </object_component>
      <object_component id="oc-18d">
         <name>.text:Power_init</name>
         <load_address>0x29b8</load_address>
         <run_address>0x29b8</run_address>
         <size>0x9c</size>
         <input_file_ref idref="fl-15"/>
      </object_component>
      <object_component id="oc-8df">
         <name>.text:SwiP_dispatch</name>
         <load_address>0x2a54</load_address>
         <run_address>0x2a54</run_address>
         <size>0x9c</size>
         <input_file_ref idref="fl-25"/>
      </object_component>
      <object_component id="oc-3a">
         <name>.text</name>
         <load_address>0x2af0</load_address>
         <run_address>0x2af0</run_address>
         <size>0x9c</size>
         <input_file_ref idref="fl-e8"/>
      </object_component>
      <object_component id="oc-6a7">
         <name>.text</name>
         <load_address>0x2b8c</load_address>
         <run_address>0x2b8c</run_address>
         <size>0x96</size>
         <input_file_ref idref="fl-e9"/>
      </object_component>
      <object_component id="oc-878">
         <name>.text:UARTMSP432_close</name>
         <load_address>0x2c22</load_address>
         <run_address>0x2c22</run_address>
         <size>0x92</size>
         <input_file_ref idref="fl-17"/>
      </object_component>
      <object_component id="oc-9b9">
         <name>.text:writeData</name>
         <load_address>0x2cb4</load_address>
         <run_address>0x2cb4</run_address>
         <size>0x92</size>
         <input_file_ref idref="fl-17"/>
      </object_component>
      <object_component id="oc-9cf">
         <name>.text:readIsrTextBlocking</name>
         <load_address>0x2d46</load_address>
         <run_address>0x2d46</run_address>
         <size>0x8c</size>
         <input_file_ref idref="fl-17"/>
      </object_component>
      <object_component id="oc-4fd">
         <name>.text:DisplayUartMin_init</name>
         <load_address>0x2dd2</load_address>
         <run_address>0x2dd2</run_address>
         <size>0x2</size>
         <input_file_ref idref="fl-11"/>
      </object_component>
      <object_component id="oc-2fe">
         <name>.text:readReg16Bit</name>
         <load_address>0x2dd4</load_address>
         <run_address>0x2dd4</run_address>
         <size>0x88</size>
         <input_file_ref idref="fl-3"/>
      </object_component>
      <object_component id="oc-7d7">
         <name>.text:__aeabi_cdcmple</name>
         <load_address>0x2e5c</load_address>
         <run_address>0x2e5c</run_address>
         <size>0x86</size>
         <input_file_ref idref="fl-e3"/>
      </object_component>
      <object_component id="oc-5bd">
         <name>.text:I2CMSP432_init</name>
         <load_address>0x2ee2</load_address>
         <run_address>0x2ee2</run_address>
         <size>0x2</size>
         <input_file_ref idref="fl-14"/>
      </object_component>
      <object_component id="oc-30a">
         <name>.text:writeReg16Bit</name>
         <load_address>0x2ee4</load_address>
         <run_address>0x2ee4</run_address>
         <size>0x84</size>
         <input_file_ref idref="fl-3"/>
      </object_component>
      <object_component id="oc-3da">
         <name>.text:ClockP_start</name>
         <load_address>0x2f68</load_address>
         <run_address>0x2f68</run_address>
         <size>0x80</size>
         <input_file_ref idref="fl-20"/>
      </object_component>
      <object_component id="oc-73c">
         <name>.text:Interrupt_disableInterrupt</name>
         <load_address>0x2fe8</load_address>
         <run_address>0x2fe8</run_address>
         <size>0x80</size>
         <input_file_ref idref="fl-28"/>
      </object_component>
      <object_component id="oc-4a9">
         <name>.text:Interrupt_enableInterrupt</name>
         <load_address>0x3068</load_address>
         <run_address>0x3068</run_address>
         <size>0x80</size>
         <input_file_ref idref="fl-28"/>
      </object_component>
      <object_component id="oc-90">
         <name>.text</name>
         <load_address>0x30e8</load_address>
         <run_address>0x30e8</run_address>
         <size>0x7a</size>
         <input_file_ref idref="fl-f2"/>
      </object_component>
      <object_component id="oc-80f">
         <name>.text:IntDefaultHandler</name>
         <load_address>0x3162</load_address>
         <run_address>0x3162</run_address>
         <size>0x2</size>
         <input_file_ref idref="fl-28"/>
      </object_component>
      <object_component id="oc-859">
         <name>.text:ClockP_walkQueueDynamic</name>
         <load_address>0x3164</load_address>
         <run_address>0x3164</run_address>
         <size>0x78</size>
         <input_file_ref idref="fl-20"/>
      </object_component>
      <object_component id="oc-5b1">
         <name>.text:I2CMSP432_close</name>
         <load_address>0x31dc</load_address>
         <run_address>0x31dc</run_address>
         <size>0x76</size>
         <input_file_ref idref="fl-14"/>
      </object_component>
      <object_component id="oc-381">
         <name>.text:PowerMSP432_updateFreqs</name>
         <load_address>0x3252</load_address>
         <run_address>0x3252</run_address>
         <size>0x2</size>
         <input_file_ref idref="fl-1f"/>
      </object_component>
      <object_component id="oc-2f2">
         <name>.text:readReg</name>
         <load_address>0x3254</load_address>
         <run_address>0x3254</run_address>
         <size>0x74</size>
         <input_file_ref idref="fl-3"/>
      </object_component>
      <object_component id="oc-2f8">
         <name>.text:writeReg</name>
         <load_address>0x32c8</load_address>
         <run_address>0x32c8</run_address>
         <size>0x74</size>
         <input_file_ref idref="fl-3"/>
      </object_component>
      <object_component id="oc-399">
         <name>.text:HwiP_construct</name>
         <load_address>0x333c</load_address>
         <run_address>0x333c</run_address>
         <size>0x70</size>
         <input_file_ref idref="fl-22"/>
      </object_component>
      <object_component id="oc-8ae">
         <name>.text:UARTMSP432_writeCancel</name>
         <load_address>0x33ac</load_address>
         <run_address>0x33ac</run_address>
         <size>0x70</size>
         <input_file_ref idref="fl-17"/>
      </object_component>
      <object_component id="oc-5ec">
         <name>.text:split</name>
         <load_address>0x341c</load_address>
         <run_address>0x341c</run_address>
         <size>0x70</size>
         <input_file_ref idref="fl-ee"/>
      </object_component>
      <object_component id="oc-207">
         <name>.text:VL6180X_configureDefault</name>
         <load_address>0x348c</load_address>
         <run_address>0x348c</run_address>
         <size>0x6e</size>
         <input_file_ref idref="fl-3"/>
      </object_component>
      <object_component id="oc-884">
         <name>.text:UARTMSP432_init</name>
         <load_address>0x34fa</load_address>
         <run_address>0x34fa</run_address>
         <size>0x2</size>
         <input_file_ref idref="fl-17"/>
      </object_component>
      <object_component id="oc-7f5">
         <name>.text:formatNum</name>
         <load_address>0x34fc</load_address>
         <run_address>0x34fc</run_address>
         <size>0x6d</size>
         <input_file_ref idref="fl-1e"/>
      </object_component>
      <object_component id="oc-339">
         <name>.text:_nop</name>
         <load_address>0x356a</load_address>
         <run_address>0x356a</run_address>
         <size>0x2</size>
         <input_file_ref idref="fl-f7"/>
      </object_component>
      <object_component id="oc-7be">
         <name>.text:I2C_masterSendMultiByteFinish</name>
         <load_address>0x356c</load_address>
         <run_address>0x356c</run_address>
         <size>0x6c</size>
         <input_file_ref idref="fl-27"/>
      </object_component>
      <object_component id="oc-585">
         <name>.text:TimerP_getCurrentTick</name>
         <load_address>0x35d8</load_address>
         <run_address>0x35d8</run_address>
         <size>0x6c</size>
         <input_file_ref idref="fl-21"/>
      </object_component>
      <object_component id="oc-2e5">
         <name>.text:GPIO_hwiIntFxn</name>
         <load_address>0x3644</load_address>
         <run_address>0x3644</run_address>
         <size>0x68</size>
         <input_file_ref idref="fl-12"/>
      </object_component>
      <object_component id="oc-98d">
         <name>.text:Interrupt_pendInterrupt</name>
         <load_address>0x36ac</load_address>
         <run_address>0x36ac</run_address>
         <size>0x68</size>
         <input_file_ref idref="fl-28"/>
      </object_component>
      <object_component id="oc-6c9">
         <name>.text:PowerMSP432_getFreqs</name>
         <load_address>0x3714</load_address>
         <run_address>0x3714</run_address>
         <size>0x68</size>
         <input_file_ref idref="fl-15"/>
      </object_component>
      <object_component id="oc-860">
         <name>.text:SwiP_post</name>
         <load_address>0x377c</load_address>
         <run_address>0x377c</run_address>
         <size>0x68</size>
         <input_file_ref idref="fl-25"/>
      </object_component>
      <object_component id="oc-12">
         <name>.text:decompress:lzss:__TI_decompress_lzss</name>
         <load_address>0x37e4</load_address>
         <run_address>0x37e4</run_address>
         <size>0x68</size>
         <input_file_ref idref="fl-ed"/>
      </object_component>
      <object_component id="oc-6cf">
         <name>.text:initHw</name>
         <load_address>0x384c</load_address>
         <run_address>0x384c</run_address>
         <size>0x68</size>
         <input_file_ref idref="fl-14"/>
      </object_component>
      <object_component id="oc-2a7">
         <name>.text:GPIO_setCallback</name>
         <load_address>0x38b4</load_address>
         <run_address>0x38b4</run_address>
         <size>0x60</size>
         <input_file_ref idref="fl-12"/>
      </object_component>
      <object_component id="oc-1c5">
         <name>.text:Display_doOpen</name>
         <load_address>0x3914</load_address>
         <run_address>0x3914</run_address>
         <size>0x5c</size>
         <input_file_ref idref="fl-10"/>
      </object_component>
      <object_component id="oc-49d">
         <name>.text:Interrupt_registerInterrupt</name>
         <load_address>0x3970</load_address>
         <run_address>0x3970</run_address>
         <size>0x5c</size>
         <input_file_ref idref="fl-28"/>
      </object_component>
      <object_component id="oc-1ef">
         <name>.text:GPIO_write</name>
         <load_address>0x39cc</load_address>
         <run_address>0x39cc</run_address>
         <size>0x58</size>
         <input_file_ref idref="fl-12"/>
      </object_component>
      <object_component id="oc-84b">
         <name>.text:TimerP_dynamicStub</name>
         <load_address>0x3a24</load_address>
         <run_address>0x3a24</run_address>
         <size>0x58</size>
         <input_file_ref idref="fl-21"/>
      </object_component>
      <object_component id="oc-9c3">
         <name>.text:readIsrBinaryBlocking</name>
         <load_address>0x3a7c</load_address>
         <run_address>0x3a7c</run_address>
         <size>0x58</size>
         <input_file_ref idref="fl-17"/>
      </object_component>
      <object_component id="oc-7b8">
         <name>.text:completeTransfer</name>
         <load_address>0x3ad4</load_address>
         <run_address>0x3ad4</run_address>
         <size>0x56</size>
         <input_file_ref idref="fl-14"/>
      </object_component>
      <object_component id="oc-6c">
         <name>.text:busFaultISR</name>
         <load_address>0x3b2a</load_address>
         <run_address>0x3b2a</run_address>
         <size>0x2</size>
         <input_file_ref idref="fl-23"/>
      </object_component>
      <object_component id="oc-4a3">
         <name>.text:Interrupt_setPriority</name>
         <load_address>0x3b2c</load_address>
         <run_address>0x3b2c</run_address>
         <size>0x54</size>
         <input_file_ref idref="fl-28"/>
      </object_component>
      <object_component id="oc-567">
         <name>.text:SemaphoreP_construct</name>
         <load_address>0x3b80</load_address>
         <run_address>0x3b80</run_address>
         <size>0x50</size>
         <input_file_ref idref="fl-1d"/>
      </object_component>
      <object_component id="oc-9d5">
         <name>.text:readIsrBinaryCallback</name>
         <load_address>0x3bd0</load_address>
         <run_address>0x3bd0</run_address>
         <size>0x4c</size>
         <input_file_ref idref="fl-17"/>
      </object_component>
      <object_component id="oc-503">
         <name>.text:DisplayUartMin_open</name>
         <load_address>0x3c1c</load_address>
         <run_address>0x3c1c</run_address>
         <size>0x4a</size>
         <input_file_ref idref="fl-11"/>
      </object_component>
      <object_component id="oc-3f2">
         <name>.text:clkFxn</name>
         <load_address>0x3c66</load_address>
         <run_address>0x3c66</run_address>
         <size>0x2</size>
         <input_file_ref idref="fl-1d"/>
      </object_component>
      <object_component id="oc-99d">
         <name>.text:ClockP_construct</name>
         <load_address>0x3c68</load_address>
         <run_address>0x3c68</run_address>
         <size>0x48</size>
         <input_file_ref idref="fl-20"/>
      </object_component>
      <object_component id="oc-65f">
         <name>.text:Power_releaseConstraint</name>
         <load_address>0x3cb0</load_address>
         <run_address>0x3cb0</run_address>
         <size>0x48</size>
         <input_file_ref idref="fl-15"/>
      </object_component>
      <object_component id="oc-7dc">
         <name>.text</name>
         <load_address>0x3cf8</load_address>
         <run_address>0x3cf8</run_address>
         <size>0x48</size>
         <input_file_ref idref="fl-e5"/>
      </object_component>
      <object_component id="oc-515">
         <name>.text:DisplayUartMin_vprintf</name>
         <load_address>0x3d40</load_address>
         <run_address>0x3d40</run_address>
         <size>0x46</size>
         <input_file_ref idref="fl-11"/>
      </object_component>
      <object_component id="oc-9ff">
         <name>.text:RingBuf_put</name>
         <load_address>0x3d86</load_address>
         <run_address>0x3d86</run_address>
         <size>0x46</size>
         <input_file_ref idref="fl-1b"/>
      </object_component>
      <object_component id="oc-1b3">
         <name>.text:I2C_init</name>
         <load_address>0x3dcc</load_address>
         <run_address>0x3dcc</run_address>
         <size>0x44</size>
         <input_file_ref idref="fl-13"/>
      </object_component>
      <object_component id="oc-2ad">
         <name>.text:SemaphoreP_post</name>
         <load_address>0x3e10</load_address>
         <run_address>0x3e10</run_address>
         <size>0x44</size>
         <input_file_ref idref="fl-1d"/>
      </object_component>
      <object_component id="oc-83f">
         <name>.text:TimerP_start</name>
         <load_address>0x3e54</load_address>
         <run_address>0x3e54</run_address>
         <size>0x44</size>
         <input_file_ref idref="fl-21"/>
      </object_component>
      <object_component id="oc-625">
         <name>.text:UART_init</name>
         <load_address>0x3e98</load_address>
         <run_address>0x3e98</run_address>
         <size>0x44</size>
         <input_file_ref idref="fl-16"/>
      </object_component>
      <object_component id="oc-1a7">
         <name>.text:Watchdog_init</name>
         <load_address>0x3edc</load_address>
         <run_address>0x3edc</run_address>
         <size>0x44</size>
         <input_file_ref idref="fl-18"/>
      </object_component>
      <object_component id="oc-12f">
         <name>.text:__TI_auto_init_nobinit_nopinit:__TI_auto_init_nobinit_nopinit</name>
         <load_address>0x3f20</load_address>
         <run_address>0x3f20</run_address>
         <size>0x44</size>
         <input_file_ref idref="fl-f3"/>
      </object_component>
      <object_component id="oc-6f4">
         <name>.text:perfChangeNotifyFxn</name>
         <load_address>0x3f64</load_address>
         <run_address>0x3f64</run_address>
         <size>0x44</size>
         <input_file_ref idref="fl-14"/>
      </object_component>
      <object_component id="oc-7f0">
         <name>.text</name>
         <load_address>0x3fa8</load_address>
         <run_address>0x3fa8</run_address>
         <size>0x44</size>
         <input_file_ref idref="fl-e6"/>
      </object_component>
      <object_component id="oc-213">
         <name>.text:VL6180X_readRange</name>
         <load_address>0x3fec</load_address>
         <run_address>0x3fec</run_address>
         <size>0x42</size>
         <input_file_ref idref="fl-3"/>
      </object_component>
      <object_component id="oc-66">
         <name>.text:defaultISR</name>
         <load_address>0x402e</load_address>
         <run_address>0x402e</run_address>
         <size>0x2</size>
         <input_file_ref idref="fl-23"/>
      </object_component>
      <object_component id="oc-1d1">
         <name>.text:I2C_open</name>
         <load_address>0x4030</load_address>
         <run_address>0x4030</run_address>
         <size>0x40</size>
         <input_file_ref idref="fl-13"/>
      </object_component>
      <object_component id="oc-962">
         <name>.text:RingBuf_get</name>
         <load_address>0x4070</load_address>
         <run_address>0x4070</run_address>
         <size>0x40</size>
         <input_file_ref idref="fl-1b"/>
      </object_component>
      <object_component id="oc-6ae">
         <name>.text:TimerP_setNextTick</name>
         <load_address>0x40b0</load_address>
         <run_address>0x40b0</run_address>
         <size>0x40</size>
         <input_file_ref idref="fl-21"/>
      </object_component>
      <object_component id="oc-890">
         <name>.text:UARTMSP432_read</name>
         <load_address>0x40f0</load_address>
         <run_address>0x40f0</run_address>
         <size>0x40</size>
         <input_file_ref idref="fl-17"/>
      </object_component>
      <object_component id="oc-62b">
         <name>.text:UART_open</name>
         <load_address>0x4130</load_address>
         <run_address>0x4130</run_address>
         <size>0x40</size>
         <input_file_ref idref="fl-16"/>
      </object_component>
      <object_component id="oc-1bf">
         <name>.text:Watchdog_open</name>
         <load_address>0x4170</load_address>
         <run_address>0x4170</run_address>
         <size>0x40</size>
         <input_file_ref idref="fl-18"/>
      </object_component>
      <object_component id="oc-93b">
         <name>.text:perfChangeNotifyFxn</name>
         <load_address>0x41b0</load_address>
         <run_address>0x41b0</run_address>
         <size>0x40</size>
         <input_file_ref idref="fl-17"/>
      </object_component>
      <object_component id="oc-8c4">
         <name>.text</name>
         <load_address>0x41f0</load_address>
         <run_address>0x41f0</run_address>
         <size>0x40</size>
         <input_file_ref idref="fl-ea"/>
      </object_component>
      <object_component id="oc-833">
         <name>.text:TimerP_initDevice</name>
         <load_address>0x4230</load_address>
         <run_address>0x4230</run_address>
         <size>0x3c</size>
         <input_file_ref idref="fl-21"/>
      </object_component>
      <object_component id="oc-1f5">
         <name>.text:GPIO_toggle</name>
         <load_address>0x426c</load_address>
         <run_address>0x426c</run_address>
         <size>0x38</size>
         <input_file_ref idref="fl-12"/>
      </object_component>
      <object_component id="oc-668">
         <name>.text:Power_setConstraint</name>
         <load_address>0x42a4</load_address>
         <run_address>0x42a4</run_address>
         <size>0x38</size>
         <input_file_ref idref="fl-15"/>
      </object_component>
      <object_component id="oc-53a">
         <name>.text:WatchdogMSP432_close</name>
         <load_address>0x42dc</load_address>
         <run_address>0x42dc</run_address>
         <size>0x38</size>
         <input_file_ref idref="fl-19"/>
      </object_component>
      <object_component id="oc-89c">
         <name>.text:UARTMSP432_readCancel</name>
         <load_address>0x4314</load_address>
         <run_address>0x4314</run_address>
         <size>0x36</size>
         <input_file_ref idref="fl-17"/>
      </object_component>
      <object_component id="oc-60">
         <name>.text:faultISR</name>
         <load_address>0x434a</load_address>
         <run_address>0x434a</run_address>
         <size>0x2</size>
         <input_file_ref idref="fl-23"/>
      </object_component>
      <object_component id="oc-a8">
         <name>.text:_c_int00_noargs:_c_int00_noargs</name>
         <load_address>0x434c</load_address>
         <run_address>0x434c</run_address>
         <size>0x34</size>
         <input_file_ref idref="fl-f0"/>
      </object_component>
      <object_component id="oc-6df">
         <name>.text:mapPin</name>
         <load_address>0x4380</load_address>
         <run_address>0x4380</run_address>
         <size>0x30</size>
         <input_file_ref idref="fl-14"/>
      </object_component>
      <object_component id="oc-917">
         <name>.text:mapPin</name>
         <load_address>0x43b0</load_address>
         <run_address>0x43b0</run_address>
         <size>0x30</size>
         <input_file_ref idref="fl-17"/>
      </object_component>
      <object_component id="oc-7e1">
         <name>.text</name>
         <load_address>0x43e0</load_address>
         <run_address>0x43e0</run_address>
         <size>0x2e</size>
         <input_file_ref idref="fl-e7"/>
      </object_component>
      <object_component id="oc-1d7">
         <name>.text:Display_doPrintf</name>
         <load_address>0x440e</load_address>
         <run_address>0x440e</run_address>
         <size>0x2a</size>
         <input_file_ref idref="fl-10"/>
      </object_component>
      <object_component id="oc-266">
         <name>.text:HwiP_create</name>
         <load_address>0x4438</load_address>
         <run_address>0x4438</run_address>
         <size>0x2a</size>
         <input_file_ref idref="fl-22"/>
      </object_component>
      <object_component id="oc-5a">
         <name>.text:nmiISR</name>
         <load_address>0x4462</load_address>
         <run_address>0x4462</run_address>
         <size>0x2</size>
         <input_file_ref idref="fl-23"/>
      </object_component>
      <object_component id="oc-1a1">
         <name>.text:Display_doInit</name>
         <load_address>0x4464</load_address>
         <run_address>0x4464</run_address>
         <size>0x28</size>
         <input_file_ref idref="fl-10"/>
      </object_component>
      <object_component id="oc-6eb">
         <name>.text:Power_registerNotify</name>
         <load_address>0x448c</load_address>
         <run_address>0x448c</run_address>
         <size>0x28</size>
         <input_file_ref idref="fl-15"/>
      </object_component>
      <object_component id="oc-36f">
         <name>.text:disableFaultCounter</name>
         <load_address>0x44b4</load_address>
         <run_address>0x44b4</run_address>
         <size>0x28</size>
         <input_file_ref idref="fl-15"/>
      </object_component>
      <object_component id="oc-91d">
         <name>.text:findBaudDividerIndex</name>
         <load_address>0x44dc</load_address>
         <run_address>0x44dc</run_address>
         <size>0x28</size>
         <input_file_ref idref="fl-17"/>
      </object_component>
      <object_component id="oc-4c2">
         <name>.text:free_list_insert</name>
         <load_address>0x4504</load_address>
         <run_address>0x4504</run_address>
         <size>0x28</size>
         <input_file_ref idref="fl-ee"/>
      </object_component>
      <object_component id="oc-7ae">
         <name>.text:List_put</name>
         <load_address>0x452c</load_address>
         <run_address>0x452c</run_address>
         <size>0x26</size>
         <input_file_ref idref="fl-1a"/>
      </object_component>
      <object_component id="oc-7a5">
         <name>.text:List_remove</name>
         <load_address>0x4552</load_address>
         <run_address>0x4552</run_address>
         <size>0x26</size>
         <input_file_ref idref="fl-1a"/>
      </object_component>
      <object_component id="oc-591">
         <name>.text:ClockP_getTicks</name>
         <load_address>0x4578</load_address>
         <run_address>0x4578</run_address>
         <size>0x24</size>
         <input_file_ref idref="fl-20"/>
      </object_component>
      <object_component id="oc-58b">
         <name>.text:ClockP_scheduleNextTick</name>
         <load_address>0x459c</load_address>
         <run_address>0x459c</run_address>
         <size>0x24</size>
         <input_file_ref idref="fl-20"/>
      </object_component>
      <object_component id="oc-4af">
         <name>.text:HwiP_dispatch</name>
         <load_address>0x45c0</load_address>
         <run_address>0x45c0</run_address>
         <size>0x24</size>
         <input_file_ref idref="fl-22"/>
      </object_component>
      <object_component id="oc-369">
         <name>.text:CS_setExternalClockSourceFrequency</name>
         <load_address>0x45e4</load_address>
         <run_address>0x45e4</run_address>
         <size>0x20</size>
         <input_file_ref idref="fl-26"/>
      </object_component>
      <object_component id="oc-3d4">
         <name>.text:ClockP_add</name>
         <load_address>0x4604</load_address>
         <run_address>0x4604</run_address>
         <size>0x20</size>
         <input_file_ref idref="fl-20"/>
      </object_component>
      <object_component id="oc-6d6">
         <name>.text:Power_unregisterNotify</name>
         <load_address>0x4624</load_address>
         <run_address>0x4624</run_address>
         <size>0x20</size>
         <input_file_ref idref="fl-15"/>
      </object_component>
      <object_component id="oc-57a">
         <name>.text:QueueP_put</name>
         <load_address>0x4644</load_address>
         <run_address>0x4644</run_address>
         <size>0x20</size>
         <input_file_ref idref="fl-24"/>
      </object_component>
      <object_component id="oc-90f">
         <name>.text:RingBuf_peek</name>
         <load_address>0x4664</load_address>
         <run_address>0x4664</run_address>
         <size>0x20</size>
         <input_file_ref idref="fl-1b"/>
      </object_component>
      <object_component id="oc-20d">
         <name>.text:VL6180X_startRange</name>
         <load_address>0x4684</load_address>
         <run_address>0x4684</run_address>
         <size>0x1e</size>
         <input_file_ref idref="fl-3"/>
      </object_component>
      <object_component id="oc-78f">
         <name>.text</name>
         <load_address>0x46a2</load_address>
         <run_address>0x46a2</run_address>
         <size>0x2</size>
         <input_file_ref idref="fl-f1"/>
      </object_component>
      <object_component id="oc-742">
         <name>.text:Interrupt_unregisterInterrupt</name>
         <load_address>0x46a4</load_address>
         <run_address>0x46a4</run_address>
         <size>0x1c</size>
         <input_file_ref idref="fl-28"/>
      </object_component>
      <object_component id="oc-4bc">
         <name>.text:free_list_remove</name>
         <load_address>0x46c0</load_address>
         <run_address>0x46c0</run_address>
         <size>0x1c</size>
         <input_file_ref idref="fl-ee"/>
      </object_component>
      <object_component id="oc-929">
         <name>.text:ClockP_create</name>
         <load_address>0x46dc</load_address>
         <run_address>0x46dc</run_address>
         <size>0x1a</size>
         <input_file_ref idref="fl-20"/>
      </object_component>
      <object_component id="oc-97e">
         <name>.text:QueueP_get</name>
         <load_address>0x46f6</load_address>
         <run_address>0x46f6</run_address>
         <size>0x1a</size>
         <input_file_ref idref="fl-24"/>
      </object_component>
      <object_component id="oc-295">
         <name>.text:SemaphoreP_createBinary</name>
         <load_address>0x4710</load_address>
         <run_address>0x4710</run_address>
         <size>0x1a</size>
         <input_file_ref idref="fl-1d"/>
      </object_component>
      <object_component id="oc-3ec">
         <name>.text:ClockP_destruct</name>
         <load_address>0x472a</load_address>
         <run_address>0x472a</run_address>
         <size>0x18</size>
         <input_file_ref idref="fl-20"/>
      </object_component>
      <object_component id="oc-659">
         <name>.text:HwiP_delete</name>
         <load_address>0x4742</load_address>
         <run_address>0x4742</run_address>
         <size>0x18</size>
         <input_file_ref idref="fl-22"/>
      </object_component>
      <object_component id="oc-402">
         <name>.text:HwiP_inISR</name>
         <load_address>0x475c</load_address>
         <run_address>0x475c</run_address>
         <size>0x18</size>
         <input_file_ref idref="fl-22"/>
      </object_component>
      <object_component id="oc-43a">
         <name>.text:I2C_transfer</name>
         <load_address>0x4774</load_address>
         <run_address>0x4774</run_address>
         <size>0x18</size>
         <input_file_ref idref="fl-13"/>
      </object_component>
      <object_component id="oc-464">
         <name>.text:SysCtl_A_disableNMISource</name>
         <load_address>0x478c</load_address>
         <run_address>0x478c</run_address>
         <size>0x18</size>
         <input_file_ref idref="fl-2a"/>
      </object_component>
      <object_component id="oc-470">
         <name>.text:SysCtl_A_enableNMISource</name>
         <load_address>0x47a4</load_address>
         <run_address>0x47a4</run_address>
         <size>0x18</size>
         <input_file_ref idref="fl-2a"/>
      </object_component>
      <object_component id="oc-61f">
         <name>.text:UART_Params_init</name>
         <load_address>0x47bc</load_address>
         <run_address>0x47bc</run_address>
         <size>0x18</size>
         <input_file_ref idref="fl-16"/>
      </object_component>
      <object_component id="oc-1f">
         <name>.text:resetISR</name>
         <load_address>0x47d4</load_address>
         <run_address>0x47d4</run_address>
         <size>0x18</size>
         <input_file_ref idref="fl-23"/>
      </object_component>
      <object_component id="oc-51b">
         <name>.text:DisplayUartMin_close</name>
         <load_address>0x47ec</load_address>
         <run_address>0x47ec</run_address>
         <size>0x16</size>
         <input_file_ref idref="fl-11"/>
      </object_component>
      <object_component id="oc-3cb">
         <name>.text:SemaphoreP_create</name>
         <load_address>0x4802</load_address>
         <run_address>0x4802</run_address>
         <size>0x16</size>
         <input_file_ref idref="fl-1d"/>
      </object_component>
      <object_component id="oc-978">
         <name>.text:maxbit</name>
         <load_address>0x4818</load_address>
         <run_address>0x4818</run_address>
         <size>0x16</size>
         <input_file_ref idref="fl-25"/>
      </object_component>
      <object_component id="oc-7fb">
         <name>.text:putChar</name>
         <load_address>0x482e</load_address>
         <run_address>0x482e</run_address>
         <size>0x16</size>
         <input_file_ref idref="fl-1e"/>
      </object_component>
      <object_component id="oc-678">
         <name>.text:Power_idleFunc</name>
         <load_address>0x4844</load_address>
         <run_address>0x4844</run_address>
         <size>0x14</size>
         <input_file_ref idref="fl-15"/>
      </object_component>
      <object_component id="oc-828">
         <name>.text:SwiP_handleHwi</name>
         <load_address>0x4858</load_address>
         <run_address>0x4858</run_address>
         <size>0x14</size>
         <input_file_ref idref="fl-25"/>
      </object_component>
      <object_component id="oc-6a1">
         <name>.text:TimerP_getCount</name>
         <load_address>0x486c</load_address>
         <run_address>0x486c</run_address>
         <size>0x14</size>
         <input_file_ref idref="fl-21"/>
      </object_component>
      <object_component id="oc-96b">
         <name>.text:clearTXCPTIFG</name>
         <load_address>0x4880</load_address>
         <run_address>0x4880</run_address>
         <size>0x14</size>
         <input_file_ref idref="fl-17"/>
      </object_component>
      <object_component id="oc-640">
         <name>.text:strlen</name>
         <load_address>0x4894</load_address>
         <run_address>0x4894</run_address>
         <size>0x14</size>
         <input_file_ref idref="fl-ef"/>
      </object_component>
      <object_component id="oc-260">
         <name>.text:HwiP_Params_init</name>
         <load_address>0x48a8</load_address>
         <run_address>0x48a8</run_address>
         <size>0x12</size>
         <input_file_ref idref="fl-22"/>
      </object_component>
      <object_component id="oc-92f">
         <name>.text:RingBuf_construct</name>
         <load_address>0x48ba</load_address>
         <run_address>0x48ba</run_address>
         <size>0x12</size>
         <input_file_ref idref="fl-1b"/>
      </object_component>
      <object_component id="oc-219">
         <name>.text:VL6180X_readRangeStatus</name>
         <load_address>0x48cc</load_address>
         <run_address>0x48cc</run_address>
         <size>0x12</size>
         <input_file_ref idref="fl-3"/>
      </object_component>
      <object_component id="oc-f6">
         <name>.text:main</name>
         <load_address>0x48de</load_address>
         <run_address>0x48de</run_address>
         <size>0x12</size>
         <input_file_ref idref="fl-2"/>
      </object_component>
      <object_component id="oc-923">
         <name>.text:ClockP_Params_init</name>
         <load_address>0x48f0</load_address>
         <run_address>0x48f0</run_address>
         <size>0x10</size>
         <input_file_ref idref="fl-20"/>
      </object_component>
      <object_component id="oc-908">
         <name>.text:ClockP_delete</name>
         <load_address>0x4900</load_address>
         <run_address>0x4900</run_address>
         <size>0x10</size>
         <input_file_ref idref="fl-20"/>
      </object_component>
      <object_component id="oc-282">
         <name>.text:HwiP_disable</name>
         <load_address>0x4910</load_address>
         <run_address>0x4910</run_address>
         <size>0x10</size>
         <input_file_ref idref="fl-22"/>
      </object_component>
      <object_component id="oc-1cb">
         <name>.text:I2C_Params_init</name>
         <load_address>0x4920</load_address>
         <run_address>0x4920</run_address>
         <size>0x10</size>
         <input_file_ref idref="fl-13"/>
      </object_component>
      <object_component id="oc-52">
         <name>.text:Interrupt_disableMaster</name>
         <load_address>0x4930</load_address>
         <run_address>0x4930</run_address>
         <size>0x10</size>
         <input_file_ref idref="fl-28"/>
      </object_component>
      <object_component id="oc-19a">
         <name>.text:Interrupt_enableMaster</name>
         <load_address>0x4940</load_address>
         <run_address>0x4940</run_address>
         <size>0x10</size>
         <input_file_ref idref="fl-28"/>
      </object_component>
      <object_component id="oc-6e5">
         <name>.text:PowerMSP432_getNumPerfLevels</name>
         <load_address>0x4950</load_address>
         <run_address>0x4950</run_address>
         <size>0x10</size>
         <input_file_ref idref="fl-15"/>
      </object_component>
      <object_component id="oc-408">
         <name>.text:Power_disablePolicy</name>
         <load_address>0x4960</load_address>
         <run_address>0x4960</run_address>
         <size>0x10</size>
         <input_file_ref idref="fl-15"/>
      </object_component>
      <object_component id="oc-3e0">
         <name>.text:Power_enablePolicy</name>
         <load_address>0x4970</load_address>
         <run_address>0x4970</run_address>
         <size>0x10</size>
         <input_file_ref idref="fl-15"/>
      </object_component>
      <object_component id="oc-3c5">
         <name>.text:SemaphoreP_Params_init</name>
         <load_address>0x4980</load_address>
         <run_address>0x4980</run_address>
         <size>0x10</size>
         <input_file_ref idref="fl-1d"/>
      </object_component>
      <object_component id="oc-752">
         <name>.text:SwiP_Params_init</name>
         <load_address>0x4990</load_address>
         <run_address>0x4990</run_address>
         <size>0x10</size>
         <input_file_ref idref="fl-25"/>
      </object_component>
      <object_component id="oc-45e">
         <name>.text:SysCtl_A_getNMISourceStatus</name>
         <load_address>0x49a0</load_address>
         <run_address>0x49a0</run_address>
         <size>0x10</size>
         <input_file_ref idref="fl-2a"/>
      </object_component>
      <object_component id="oc-75e">
         <name>.text:TimerP_Params_init</name>
         <load_address>0x49b0</load_address>
         <run_address>0x49b0</run_address>
         <size>0x10</size>
         <input_file_ref idref="fl-21"/>
      </object_component>
      <object_component id="oc-534">
         <name>.text:WatchdogMSP432_clear</name>
         <load_address>0x49c0</load_address>
         <run_address>0x49c0</run_address>
         <size>0x10</size>
         <input_file_ref idref="fl-19"/>
      </object_component>
      <object_component id="oc-1b9">
         <name>.text:Watchdog_Params_init</name>
         <load_address>0x49d0</load_address>
         <run_address>0x49d0</run_address>
         <size>0x10</size>
         <input_file_ref idref="fl-18"/>
      </object_component>
      <object_component id="oc-953">
         <name>.text:readBlockingTimeout</name>
         <load_address>0x49e0</load_address>
         <run_address>0x49e0</run_address>
         <size>0x10</size>
         <input_file_ref idref="fl-17"/>
      </object_component>
      <object_component id="oc-984">
         <name>.text:QueueP_empty</name>
         <load_address>0x49f0</load_address>
         <run_address>0x49f0</run_address>
         <size>0xe</size>
         <input_file_ref idref="fl-24"/>
      </object_component>
      <object_component id="oc-59a">
         <name>.text:QueueP_remove</name>
         <load_address>0x49fe</load_address>
         <run_address>0x49fe</run_address>
         <size>0xe</size>
         <input_file_ref idref="fl-24"/>
      </object_component>
      <object_component id="oc-18">
         <name>.text:decompress:none:__TI_decompress_none</name>
         <load_address>0x4a0c</load_address>
         <run_address>0x4a0c</run_address>
         <size>0xe</size>
         <input_file_ref idref="fl-ec"/>
      </object_component>
      <object_component id="oc-110">
         <name>.text:Board_init</name>
         <load_address>0x4a1a</load_address>
         <run_address>0x4a1a</run_address>
         <size>0xc</size>
         <input_file_ref idref="fl-4"/>
      </object_component>
      <object_component id="oc-96">
         <name>.text:CPU_cpsid</name>
         <load_address>0x4a26</load_address>
         <run_address>0x4a26</run_address>
         <size>0xc</size>
         <input_file_ref idref="fl-2c"/>
      </object_component>
      <object_component id="oc-274">
         <name>.text:CPU_cpsie</name>
         <load_address>0x4a32</load_address>
         <run_address>0x4a32</run_address>
         <size>0xc</size>
         <input_file_ref idref="fl-2c"/>
      </object_component>
      <object_component id="oc-77f">
         <name>.text:ClockP_doTick</name>
         <load_address>0x4a40</load_address>
         <run_address>0x4a40</run_address>
         <size>0xc</size>
         <input_file_ref idref="fl-20"/>
      </object_component>
      <object_component id="oc-6c3">
         <name>.text:Power_getPerformanceLevel</name>
         <load_address>0x4a4c</load_address>
         <run_address>0x4a4c</run_address>
         <size>0xc</size>
         <input_file_ref idref="fl-15"/>
      </object_component>
      <object_component id="oc-770">
         <name>.text:TimerP_getFreq</name>
         <load_address>0x4a58</load_address>
         <run_address>0x4a58</run_address>
         <size>0xc</size>
         <input_file_ref idref="fl-21"/>
      </object_component>
      <object_component id="oc-76a">
         <name>.text:TimerP_getMaxTicks</name>
         <load_address>0x4a64</load_address>
         <run_address>0x4a64</run_address>
         <size>0xc</size>
         <input_file_ref idref="fl-21"/>
      </object_component>
      <object_component id="oc-4c">
         <name>.text:decompress:ZI:__TI_zero_init</name>
         <load_address>0x4a70</load_address>
         <run_address>0x4a70</run_address>
         <size>0xc</size>
         <input_file_ref idref="fl-eb"/>
      </object_component>
      <object_component id="oc-64d">
         <name>.text:UART_close</name>
         <load_address>0x4a7c</load_address>
         <run_address>0x4a7c</run_address>
         <size>0xa</size>
         <input_file_ref idref="fl-16"/>
      </object_component>
      <object_component id="oc-631">
         <name>.text:UART_control</name>
         <load_address>0x4a86</load_address>
         <run_address>0x4a86</run_address>
         <size>0xa</size>
         <input_file_ref idref="fl-16"/>
      </object_component>
      <object_component id="oc-646">
         <name>.text:UART_write</name>
         <load_address>0x4a90</load_address>
         <run_address>0x4a90</run_address>
         <size>0xa</size>
         <input_file_ref idref="fl-16"/>
      </object_component>
      <object_component id="oc-1fb">
         <name>.text:Watchdog_clear</name>
         <load_address>0x4a9a</load_address>
         <run_address>0x4a9a</run_address>
         <size>0xa</size>
         <input_file_ref idref="fl-18"/>
      </object_component>
      <object_component id="oc-1dd">
         <name>.text:Watchdog_convertMsToTicks</name>
         <load_address>0x4aa4</load_address>
         <run_address>0x4aa4</run_address>
         <size>0xa</size>
         <input_file_ref idref="fl-18"/>
      </object_component>
      <object_component id="oc-1e3">
         <name>.text:Watchdog_setReload</name>
         <load_address>0x4aae</load_address>
         <run_address>0x4aae</run_address>
         <size>0xa</size>
         <input_file_ref idref="fl-18"/>
      </object_component>
      <object_component id="oc-288">
         <name>.text:HwiP_restore</name>
         <load_address>0x4ab8</load_address>
         <run_address>0x4ab8</run_address>
         <size>0x8</size>
         <input_file_ref idref="fl-22"/>
      </object_component>
      <object_component id="oc-546">
         <name>.text:WatchdogMSP432_init</name>
         <load_address>0x4ac0</load_address>
         <run_address>0x4ac0</run_address>
         <size>0x8</size>
         <input_file_ref idref="fl-19"/>
      </object_component>
      <object_component id="oc-700">
         <name>.text:blockingTransferCallback</name>
         <load_address>0x4ac8</load_address>
         <run_address>0x4ac8</run_address>
         <size>0x8</size>
         <input_file_ref idref="fl-14"/>
      </object_component>
      <object_component id="oc-393">
         <name>.text:malloc</name>
         <load_address>0x4ad0</load_address>
         <run_address>0x4ad0</run_address>
         <size>0x8</size>
         <input_file_ref idref="fl-ee"/>
      </object_component>
      <object_component id="oc-94d">
         <name>.text:readSemCallback</name>
         <load_address>0x4ad8</load_address>
         <run_address>0x4ad8</run_address>
         <size>0x8</size>
         <input_file_ref idref="fl-17"/>
      </object_component>
      <object_component id="oc-9b3">
         <name>.text:txcptEnabledStatus</name>
         <load_address>0x4ae0</load_address>
         <run_address>0x4ae0</run_address>
         <size>0x8</size>
         <input_file_ref idref="fl-17"/>
      </object_component>
      <object_component id="oc-222">
         <name>.text:watchdogCallback</name>
         <load_address>0x4ae8</load_address>
         <run_address>0x4ae8</run_address>
         <size>0x8</size>
         <input_file_ref idref="fl-3"/>
      </object_component>
      <object_component id="oc-947">
         <name>.text:writeSemCallback</name>
         <load_address>0x4af0</load_address>
         <run_address>0x4af0</run_address>
         <size>0x8</size>
         <input_file_ref idref="fl-17"/>
      </object_component>
      <object_component id="oc-a0c">
         <name>.text:ClockP_stop</name>
         <load_address>0x4af8</load_address>
         <run_address>0x4af8</run_address>
         <size>0x6</size>
         <input_file_ref idref="fl-20"/>
      </object_component>
      <object_component id="oc-521">
         <name>.text:DisplayUartMin_control</name>
         <load_address>0x4afe</load_address>
         <run_address>0x4afe</run_address>
         <size>0x6</size>
         <input_file_ref idref="fl-11"/>
      </object_component>
      <object_component id="oc-527">
         <name>.text:DisplayUartMin_getType</name>
         <load_address>0x4b04</load_address>
         <run_address>0x4b04</run_address>
         <size>0x6</size>
         <input_file_ref idref="fl-11"/>
      </object_component>
      <object_component id="oc-5b7">
         <name>.text:I2CMSP432_control</name>
         <load_address>0x4b0a</load_address>
         <run_address>0x4b0a</run_address>
         <size>0x6</size>
         <input_file_ref idref="fl-14"/>
      </object_component>
      <object_component id="oc-74c">
         <name>.text:QueueP_init</name>
         <load_address>0x4b10</load_address>
         <run_address>0x4b10</run_address>
         <size>0x6</size>
         <input_file_ref idref="fl-24"/>
      </object_component>
      <object_component id="oc-540">
         <name>.text:WatchdogMSP432_control</name>
         <load_address>0x4b16</load_address>
         <run_address>0x4b16</run_address>
         <size>0x6</size>
         <input_file_ref idref="fl-19"/>
      </object_component>
      <object_component id="oc-552">
         <name>.text:WatchdogMSP432_setReload</name>
         <load_address>0x4b1c</load_address>
         <run_address>0x4b1c</run_address>
         <size>0x6</size>
         <input_file_ref idref="fl-19"/>
      </object_component>
      <object_component id="oc-3e6">
         <name>.text:ClockP_isActive</name>
         <load_address>0x4b22</load_address>
         <run_address>0x4b22</run_address>
         <size>0x4</size>
         <input_file_ref idref="fl-20"/>
      </object_component>
      <object_component id="oc-a06">
         <name>.text:ClockP_setTimeout</name>
         <load_address>0x4b26</load_address>
         <run_address>0x4b26</run_address>
         <size>0x4</size>
         <input_file_ref idref="fl-20"/>
      </object_component>
      <object_component id="oc-116">
         <name>.text:HwiP_enable</name>
         <load_address>0x4b2a</load_address>
         <run_address>0x4b2a</run_address>
         <size>0x4</size>
         <input_file_ref idref="fl-22"/>
      </object_component>
      <object_component id="oc-8ff">
         <name>.text:HwiP_post</name>
         <load_address>0x4b2e</load_address>
         <run_address>0x4b2e</run_address>
         <size>0x4</size>
         <input_file_ref idref="fl-22"/>
      </object_component>
      <object_component id="oc-8f2">
         <name>.text:QueueP_head</name>
         <load_address>0x4b32</load_address>
         <run_address>0x4b32</run_address>
         <size>0x4</size>
         <input_file_ref idref="fl-24"/>
      </object_component>
      <object_component id="oc-8f8">
         <name>.text:QueueP_next</name>
         <load_address>0x4b36</load_address>
         <run_address>0x4b36</run_address>
         <size>0x4</size>
         <input_file_ref idref="fl-24"/>
      </object_component>
      <object_component id="oc-29b">
         <name>.text:SemaphoreP_delete</name>
         <load_address>0x4b3a</load_address>
         <run_address>0x4b3a</run_address>
         <size>0x4</size>
         <input_file_ref idref="fl-1d"/>
      </object_component>
      <object_component id="oc-63a">
         <name>.text:SystemP_vsnprintf</name>
         <load_address>0x4b3e</load_address>
         <run_address>0x4b3e</run_address>
         <size>0x4</size>
         <input_file_ref idref="fl-1e"/>
      </object_component>
      <object_component id="oc-839">
         <name>.text:TimerP_setPeriod</name>
         <load_address>0x4b42</load_address>
         <run_address>0x4b42</run_address>
         <size>0x4</size>
         <input_file_ref idref="fl-21"/>
      </object_component>
      <object_component id="oc-558">
         <name>.text:WatchdogMSP432_convertMsToTicks</name>
         <load_address>0x4b46</load_address>
         <run_address>0x4b46</run_address>
         <size>0x4</size>
         <input_file_ref idref="fl-19"/>
      </object_component>
      <object_component id="oc-f0">
         <name>.text:_system_pre_init</name>
         <load_address>0x4b4a</load_address>
         <run_address>0x4b4a</run_address>
         <size>0x4</size>
         <input_file_ref idref="fl-f4"/>
      </object_component>
      <object_component id="oc-123">
         <name>.text:abort:abort</name>
         <load_address>0x4b4e</load_address>
         <run_address>0x4b4e</run_address>
         <size>0x4</size>
         <input_file_ref idref="fl-f6"/>
      </object_component>
      <object_component id="oc-5fb">
         <name>.const:g_pulRegs</name>
         <load_address>0x4b54</load_address>
         <run_address>0x4b54</run_address>
         <size>0x50</size>
         <input_file_ref idref="fl-28"/>
      </object_component>
      <object_component id="oc-26f">
         <name>.const:PowerMSP432_config</name>
         <load_address>0x4ba4</load_address>
         <run_address>0x4ba4</run_address>
         <size>0x38</size>
         <input_file_ref idref="fl-4"/>
      </object_component>
      <object_component id="oc-7d2">
         <name>.const:uartMSP432HWAttrs</name>
         <load_address>0x4bdc</load_address>
         <run_address>0x4bdc</run_address>
         <size>0x2c</size>
         <input_file_ref idref="fl-4"/>
      </object_component>
      <object_component id="oc-7ce">
         <name>.const:UARTMSP432_fxnTable</name>
         <load_address>0x4c08</load_address>
         <run_address>0x4c08</run_address>
         <size>0x28</size>
         <input_file_ref idref="fl-17"/>
      </object_component>
      <object_component id="oc-421">
         <name>.const:i2cMSP432HWAttrs</name>
         <load_address>0x4c30</load_address>
         <run_address>0x4c30</run_address>
         <size>0x28</size>
         <input_file_ref idref="fl-4"/>
      </object_component>
      <object_component id="oc-722">
         <name>.const:UART_defaultParams</name>
         <load_address>0x4c58</load_address>
         <run_address>0x4c58</run_address>
         <size>0x24</size>
         <input_file_ref idref="fl-16"/>
      </object_component>
      <object_component id="oc-3af">
         <name>.const:DisplayUartMin_fxnTable</name>
         <load_address>0x4c7c</load_address>
         <run_address>0x4c7c</run_address>
         <size>0x20</size>
         <input_file_ref idref="fl-11"/>
      </object_component>
      <object_component id="oc-959">
         <name>.const:staticFxnTable</name>
         <load_address>0x4c9c</load_address>
         <run_address>0x4c9c</run_address>
         <size>0x20</size>
         <input_file_ref idref="fl-17"/>
      </object_component>
      <object_component id="oc-3bc">
         <name>.const:WatchdogMSP432_fxnTable</name>
         <load_address>0x4cbc</load_address>
         <run_address>0x4cbc</run_address>
         <size>0x1c</size>
         <input_file_ref idref="fl-19"/>
      </object_component>
      <object_component id="oc-41d">
         <name>.const:I2CMSP432_fxnTable</name>
         <load_address>0x4cd8</load_address>
         <run_address>0x4cd8</run_address>
         <size>0x18</size>
         <input_file_ref idref="fl-14"/>
      </object_component>
      <object_component id="oc-2c1">
         <name>.const:I2C_config</name>
         <load_address>0x4cf0</load_address>
         <run_address>0x4cf0</run_address>
         <size>0x18</size>
         <input_file_ref idref="fl-4"/>
      </object_component>
      <object_component id="oc-2b7">
         <name>.const:GPIOMSP432_config</name>
         <load_address>0x4d08</load_address>
         <run_address>0x4d08</run_address>
         <size>0x14</size>
         <input_file_ref idref="fl-4"/>
      </object_component>
      <object_component id="oc-3b3">
         <name>.const:displayUartHWAttrs</name>
         <load_address>0x4d1c</load_address>
         <run_address>0x4d1c</run_address>
         <size>0x14</size>
         <input_file_ref idref="fl-4"/>
      </object_component>
      <object_component id="oc-2d4">
         <name>.const:I2C_defaultParams</name>
         <load_address>0x4d30</load_address>
         <run_address>0x4d30</run_address>
         <size>0x10</size>
         <input_file_ref idref="fl-13"/>
      </object_component>
      <object_component id="oc-817">
         <name>.const:SwiP_defaultParams</name>
         <load_address>0x4d40</load_address>
         <run_address>0x4d40</run_address>
         <size>0x10</size>
         <input_file_ref idref="fl-25"/>
      </object_component>
      <object_component id="oc-8b6">
         <name>.const:uartMSP432Baudrates</name>
         <load_address>0x4d50</load_address>
         <run_address>0x4d50</run_address>
         <size>0x10</size>
         <input_file_ref idref="fl-4"/>
      </object_component>
      <object_component id="oc-27e">
         <name>.const:Display_config</name>
         <load_address>0x4d60</load_address>
         <run_address>0x4d60</run_address>
         <size>0xc</size>
         <input_file_ref idref="fl-4"/>
      </object_component>
      <object_component id="oc-72a">
         <name>.const:UART_config</name>
         <load_address>0x4d6c</load_address>
         <run_address>0x4d6c</run_address>
         <size>0xc</size>
         <input_file_ref idref="fl-4"/>
      </object_component>
      <object_component id="oc-291">
         <name>.const:Watchdog_config</name>
         <load_address>0x4d78</load_address>
         <run_address>0x4d78</run_address>
         <size>0xc</size>
         <input_file_ref idref="fl-4"/>
      </object_component>
      <object_component id="oc-2c5">
         <name>.const:Watchdog_defaultParams</name>
         <load_address>0x4d84</load_address>
         <run_address>0x4d84</run_address>
         <size>0xc</size>
         <input_file_ref idref="fl-18"/>
      </object_component>
      <object_component id="oc-6f1">
         <name>.const:bitRates</name>
         <load_address>0x4d90</load_address>
         <run_address>0x4d90</run_address>
[...]
         <value>0x4803</value>
         <object_component_ref idref="oc-3cb"/>
      </symbol>
      <symbol id="sm-8f1">
         <name>SemaphoreP_post</name>
         <value>0x3e11</value>
         <object_component_ref idref="oc-2ad"/>
      </symbol>
      <symbol id="sm-8f2">
         <name>SemaphoreP_pend</name>
         <value>0x2879</value>
         <object_component_ref idref="oc-2a1"/>
      </symbol>
      <symbol id="sm-8f3">
         <name>SemaphoreP_delete</name>
         <value>0x4b3b</value>
         <object_component_ref idref="oc-29b"/>
      </symbol>
      <symbol id="sm-8f4">
         <name>SemaphoreP_createBinary</name>
         <value>0x4711</value>
         <object_component_ref idref="oc-295"/>
      </symbol>
      <symbol id="sm-8f5">
         <name>SemaphoreP_Params_init</name>
         <value>0x4981</value>
         <object_component_ref idref="oc-3c5"/>
      </symbol>
      <symbol id="sm-8f6">
         <name>clkFxn</name>
         <value>0x3c67</value>
         <object_component_ref idref="oc-3f2"/>
      </symbol>
      <symbol id="sm-94e">
         <name>SystemP_vsnprintf</name>
         <value>0x4b3f</value>
         <object_component_ref idref="oc-63a"/>
      </symbol>
      <symbol id="sm-961">
         <name>PowerMSP432_updateFreqs</name>
         <value>0x3253</value>
         <object_component_ref idref="oc-381"/>
      </symbol>
      <symbol id="sm-a42">
         <name>ClockP_delete</name>
         <value>0x4901</value>
         <object_component_ref idref="oc-908"/>
      </symbol>
      <symbol id="sm-a43">
         <name>ClockP_doTick</name>
         <value>0x4a41</value>
         <object_component_ref idref="oc-77f"/>
      </symbol>
      <symbol id="sm-a44">
         <name>ClockP_setTimeout</name>
         <value>0x4b27</value>
         <object_component_ref idref="oc-a06"/>
      </symbol>
      <symbol id="sm-a45">
         <name>ClockP_startup</name>
         <value>0x2255</value>
         <object_component_ref idref="oc-680"/>
      </symbol>
      <symbol id="sm-a46">
         <name>ClockP_stop</name>
         <value>0x4af9</value>
         <object_component_ref idref="oc-a0c"/>
      </symbol>
      <symbol id="sm-a47">
         <name>ClockP_construct</name>
         <value>0x3c69</value>
         <object_component_ref idref="oc-99d"/>
      </symbol>
      <symbol id="sm-a48">
         <name>ClockP_scheduleNextTick</name>
         <value>0x459d</value>
         <object_component_ref idref="oc-58b"/>
      </symbol>
      <symbol id="sm-a49">
         <name>ClockP_tickPeriod</name>
         <value>0x20008a04</value>
         <object_component_ref idref="oc-776"/>
      </symbol>
      <symbol id="sm-a4a">
         <name>ClockP_create</name>
         <value>0x46dd</value>
         <object_component_ref idref="oc-929"/>
      </symbol>
      <symbol id="sm-a4b">
         <name>ClockP_Params_init</name>
         <value>0x48f1</value>
         <object_component_ref idref="oc-923"/>
      </symbol>
      <symbol id="sm-a4c">
         <name>ClockP_workFuncDynamic</name>
         <value>0x2525</value>
         <object_component_ref idref="oc-779"/>
      </symbol>
      <symbol id="sm-a4d">
         <name>ClockP_walkQueueDynamic</name>
         <value>0x3165</value>
         <object_component_ref idref="oc-859"/>
      </symbol>
      <symbol id="sm-a4e">
         <name>ClockP_destruct</name>
         <value>0x472b</value>
         <object_component_ref idref="oc-3ec"/>
      </symbol>
      <symbol id="sm-a4f">
         <name>ClockP_start</name>
         <value>0x2f69</value>
         <object_component_ref idref="oc-3da"/>
      </symbol>
      <symbol id="sm-a50">
         <name>ClockP_isActive</name>
         <value>0x4b23</value>
         <object_component_ref idref="oc-3e6"/>
      </symbol>
      <symbol id="sm-a51">
         <name>ClockP_getTicks</name>
         <value>0x4579</value>
         <object_component_ref idref="oc-591"/>
      </symbol>
      <symbol id="sm-a52">
         <name>ClockP_add</name>
         <value>0x4605</value>
         <object_component_ref idref="oc-3d4"/>
      </symbol>
      <symbol id="sm-ae8">
         <name>TimerP_setNextTick</name>
         <value>0x40b1</value>
         <object_component_ref idref="oc-6ae"/>
      </symbol>
      <symbol id="sm-ae9">
         <name>TimerP_getCurrentTick</name>
         <value>0x35d9</value>
         <object_component_ref idref="oc-585"/>
      </symbol>
      <symbol id="sm-aea">
         <name>TimerP_setPeriod</name>
         <value>0x4b43</value>
         <object_component_ref idref="oc-839"/>
      </symbol>
      <symbol id="sm-aeb">
         <name>TimerP_dynamicStub</name>
         <value>0x3a25</value>
         <object_component_ref idref="oc-84b"/>
      </symbol>
      <symbol id="sm-aec">
         <name>TimerP_getMaxTicks</name>
         <value>0x4a65</value>
         <object_component_ref idref="oc-76a"/>
      </symbol>
      <symbol id="sm-aed">
         <name>TimerP_construct</name>
         <value>0x1ca9</value>
         <object_component_ref idref="oc-764"/>
      </symbol>
      <symbol id="sm-aee">
         <name>TimerP_getFreq</name>
         <value>0x4a59</value>
         <object_component_ref idref="oc-770"/>
      </symbol>
      <symbol id="sm-aef">
         <name>TimerP_initDevice</name>
         <value>0x4231</value>
         <object_component_ref idref="oc-833"/>
      </symbol>
      <symbol id="sm-af0">
         <name>TimerP_start</name>
         <value>0x3e55</value>
         <object_component_ref idref="oc-83f"/>
      </symbol>
      <symbol id="sm-af1">
         <name>TimerP_Params_init</name>
         <value>0x49b1</value>
         <object_component_ref idref="oc-75e"/>
      </symbol>
      <symbol id="sm-b6b">
         <name>HwiP_delete</name>
         <value>0x4743</value>
         <object_component_ref idref="oc-659"/>
      </symbol>
      <symbol id="sm-b6c">
         <name>HwiP_construct</name>
         <value>0x333d</value>
         <object_component_ref idref="oc-399"/>
      </symbol>
      <symbol id="sm-b6d">
         <name>HwiP_inISR</name>
         <value>0x475d</value>
         <object_component_ref idref="oc-402"/>
      </symbol>
      <symbol id="sm-b6e">
         <name>HwiP_dispatch</name>
         <value>0x45c1</value>
         <object_component_ref idref="oc-4af"/>
      </symbol>
      <symbol id="sm-b6f">
         <name>HwiP_swiPIntNum</name>
         <value>0x20008a0c</value>
         <object_component_ref idref="oc-4b5"/>
      </symbol>
      <symbol id="sm-b70">
         <name>HwiP_Params_init</name>
         <value>0x48a9</value>
         <object_component_ref idref="oc-260"/>
      </symbol>
      <symbol id="sm-b71">
         <name>HwiP_disable</name>
         <value>0x4911</value>
         <object_component_ref idref="oc-282"/>
      </symbol>
      <symbol id="sm-b72">
         <name>HwiP_key</name>
         <value>0x20008a08</value>
         <object_component_ref idref="oc-4b5"/>
      </symbol>
      <symbol id="sm-b73">
         <name>HwiP_create</name>
         <value>0x4439</value>
         <object_component_ref idref="oc-266"/>
      </symbol>
      <symbol id="sm-b74">
         <name>HwiP_post</name>
         <value>0x4b2f</value>
         <object_component_ref idref="oc-8ff"/>
      </symbol>
      <symbol id="sm-b75">
         <name>HwiP_enable</name>
         <value>0x4b2b</value>
         <object_component_ref idref="oc-116"/>
      </symbol>
      <symbol id="sm-b76">
         <name>HwiP_restore</name>
         <value>0x4ab9</value>
         <object_component_ref idref="oc-288"/>
      </symbol>
      <symbol id="sm-bb3">
         <name>resetISR</name>
         <value>0x47d5</value>
         <object_component_ref idref="oc-1f"/>
      </symbol>
      <symbol id="sm-bb4">
         <name>interruptVectors</name>
         <value>0x0</value>
         <object_component_ref idref="oc-26"/>
      </symbol>
      <symbol id="sm-bf1">
         <name>QueueP_next</name>
         <value>0x4b37</value>
         <object_component_ref idref="oc-8f8"/>
      </symbol>
      <symbol id="sm-bf2">
         <name>QueueP_put</name>
         <value>0x4645</value>
         <object_component_ref idref="oc-57a"/>
      </symbol>
      <symbol id="sm-bf3">
         <name>QueueP_remove</name>
         <value>0x49ff</value>
         <object_component_ref idref="oc-59a"/>
      </symbol>
      <symbol id="sm-bf4">
         <name>QueueP_head</name>
         <value>0x4b33</value>
         <object_component_ref idref="oc-8f2"/>
      </symbol>
      <symbol id="sm-bf5">
         <name>QueueP_init</name>
         <value>0x4b11</value>
         <object_component_ref idref="oc-74c"/>
      </symbol>
      <symbol id="sm-bf6">
         <name>QueueP_empty</name>
         <value>0x49f1</value>
         <object_component_ref idref="oc-984"/>
      </symbol>
      <symbol id="sm-bf7">
         <name>QueueP_get</name>
         <value>0x46f7</value>
         <object_component_ref idref="oc-97e"/>
      </symbol>
      <symbol id="sm-c7e">
         <name>SwiP_construct</name>
         <value>0x1f41</value>
         <object_component_ref idref="oc-758"/>
      </symbol>
      <symbol id="sm-c7f">
         <name>SwiP_Params_init</name>
         <value>0x4991</value>
         <object_component_ref idref="oc-752"/>
      </symbol>
      <symbol id="sm-c80">
         <name>SwiP_post</name>
         <value>0x377d</value>
         <object_component_ref idref="oc-860"/>
      </symbol>
      <symbol id="sm-c81">
         <name>SwiP_dispatch</name>
         <value>0x2a55</value>
         <object_component_ref idref="oc-8df"/>
      </symbol>
      <symbol id="sm-cfa">
         <name>CS_setExternalClockSourceFrequency</name>
         <value>0x45e5</value>
         <object_component_ref idref="oc-369"/>
      </symbol>
      <symbol id="sm-cfb">
         <name>CS_startHFXTWithTimeout</name>
         <value>0x1a01</value>
         <object_component_ref idref="oc-375"/>
      </symbol>
      <symbol id="sm-cfc">
         <name>CS_startLFXTWithTimeout</name>
         <value>0x1bc9</value>
         <object_component_ref idref="oc-37b"/>
      </symbol>
      <symbol id="sm-d11">
         <name>I2C_masterSendMultiByteFinish</name>
         <value>0x356d</value>
         <object_component_ref idref="oc-7be"/>
      </symbol>
      <symbol id="sm-da7">
         <name>Interrupt_disableMaster</name>
         <value>0x4931</value>
         <object_component_ref idref="oc-52"/>
      </symbol>
      <symbol id="sm-da8">
         <name>Interrupt_disableInterrupt</name>
         <value>0x2fe9</value>
         <object_component_ref idref="oc-73c"/>
      </symbol>
      <symbol id="sm-da9">
         <name>Interrupt_unregisterInterrupt</name>
         <value>0x46a5</value>
         <object_component_ref idref="oc-742"/>
      </symbol>
      <symbol id="sm-daa">
         <name>Interrupt_setPriority</name>
         <value>0x3b2d</value>
         <object_component_ref idref="oc-4a3"/>
      </symbol>
      <symbol id="sm-dab">
         <name>Interrupt_enableMaster</name>
         <value>0x4941</value>
         <object_component_ref idref="oc-19a"/>
      </symbol>
      <symbol id="sm-dac">
         <name>Interrupt_enableInterrupt</name>
         <value>0x3069</value>
         <object_component_ref idref="oc-4a9"/>
      </symbol>
      <symbol id="sm-dad">
         <name>Interrupt_registerInterrupt</name>
         <value>0x3971</value>
         <object_component_ref idref="oc-49d"/>
      </symbol>
      <symbol id="sm-dae">
         <name>g_pfnRAMVectors</name>
         <value>0x20008c00</value>
         <object_component_ref idref="oc-5f6"/>
      </symbol>
      <symbol id="sm-daf">
         <name>Interrupt_pendInterrupt</name>
         <value>0x36ad</value>
         <object_component_ref idref="oc-98d"/>
      </symbol>
      <symbol id="sm-dd0">
         <name>SysCtl_A_enableNMISource</name>
         <value>0x47a5</value>
         <object_component_ref idref="oc-470"/>
      </symbol>
      <symbol id="sm-dd1">
         <name>SysCtl_A_getNMISourceStatus</name>
         <value>0x49a1</value>
         <object_component_ref idref="oc-45e"/>
      </symbol>
      <symbol id="sm-dd2">
         <name>SysCtl_A_disableNMISource</name>
         <value>0x478d</value>
         <object_component_ref idref="oc-464"/>
      </symbol>
      <symbol id="sm-df0">
         <name>UART_initModule</name>
         <value>0x14dd</value>
         <object_component_ref idref="oc-9a5"/>
      </symbol>
      <symbol id="sm-e02">
         <name>CPU_cpsie</name>
         <value>0x4a33</value>
         <object_component_ref idref="oc-274"/>
      </symbol>
      <symbol id="sm-e03">
         <name>CPU_cpsid</name>
         <value>0x4a27</value>
         <object_component_ref idref="oc-96"/>
      </symbol>
      <symbol id="sm-e1a">
         <name>__aeabi_dsub</name>
         <value>0xec5</value>
         <object_component_ref idref="oc-7e6"/>
      </symbol>
      <symbol id="sm-e1b">
         <name>__aeabi_dadd</name>
         <value>0xecf</value>
         <object_component_ref idref="oc-7e6"/>
      </symbol>
      <symbol id="sm-e2d">
         <name>__aeabi_cdcmpeq</name>
         <value>0x2e5d</value>
         <object_component_ref idref="oc-7d7"/>
      </symbol>
      <symbol id="sm-e2e">
         <name>__aeabi_cdcmple</name>
         <value>0x2e5d</value>
         <object_component_ref idref="oc-7d7"/>
      </symbol>
      <symbol id="sm-e39">
         <name>__aeabi_dmul</name>
         <value>0x1815</value>
         <object_component_ref idref="oc-7eb"/>
      </symbol>
      <symbol id="sm-e43">
         <name>__aeabi_d2iz</name>
         <value>0x3cf9</value>
         <object_component_ref idref="oc-7dc"/>
      </symbol>
      <symbol id="sm-e4d">
         <name>__aeabi_d2uiz</name>
         <value>0x3fa9</value>
         <object_component_ref idref="oc-7f0"/>
      </symbol>
      <symbol id="sm-e57">
         <name>__aeabi_i2d</name>
         <value>0x43e1</value>
         <object_component_ref idref="oc-7e1"/>
      </symbol>
      <symbol id="sm-e72">
         <name>memcpy</name>
         <value>0x2af1</value>
         <object_component_ref idref="oc-3a"/>
      </symbol>
      <symbol id="sm-e73">
         <name>__aeabi_memcpy</name>
         <value>0x2af1</value>
         <object_component_ref idref="oc-3a"/>
      </symbol>
      <symbol id="sm-e74">
         <name>__aeabi_memcpy8</name>
         <value>0x2af1</value>
         <object_component_ref idref="oc-3a"/>
      </symbol>
      <symbol id="sm-e75">
         <name>__aeabi_memcpy4</name>
         <value>0x2af1</value>
         <object_component_ref idref="oc-3a"/>
      </symbol>
      <symbol id="sm-e82">
         <name>__aeabi_uldivmod</name>
         <value>0x2b8d</value>
         <object_component_ref idref="oc-6a7"/>
      </symbol>
      <symbol id="sm-e91">
         <name>__aeabi_uidivmod</name>
         <value>0x41f1</value>
         <object_component_ref idref="oc-8c4"/>
      </symbol>
      <symbol id="sm-e92">
         <name>__aeabi_uidiv</name>
         <value>0x41f1</value>
         <object_component_ref idref="oc-8c4"/>
      </symbol>
      <symbol id="sm-ea9">
         <name>__TI_zero_init</name>
         <value>0x4a71</value>
         <object_component_ref idref="oc-4c"/>
      </symbol>
      <symbol id="sm-ec0">
         <name>__TI_decompress_none</name>
         <value>0x4a0d</value>
         <object_component_ref idref="oc-18"/>
      </symbol>
      <symbol id="sm-ee3">
         <name>__TI_decompress_lzss</name>
         <value>0x37e5</value>
         <object_component_ref idref="oc-12"/>
      </symbol>
      <symbol id="sm-f6c">
         <name>_sys_memory</name>
         <value>0x20000000</value>
         <object_component_ref idref="oc-29"/>
      </symbol>
      <symbol id="sm-f6d">
         <name>free</name>
         <value>0x1ae5</value>
         <object_component_ref idref="oc-39f"/>
      </symbol>
      <symbol id="sm-f6e">
         <name>memalign</name>
         <value>0x1715</value>
         <object_component_ref idref="oc-496"/>
      </symbol>
      <symbol id="sm-f6f">
         <name>malloc</name>
         <value>0x4ad1</value>
         <object_component_ref idref="oc-393"/>
      </symbol>
      <symbol id="sm-f70">
         <name>aligned_alloc</name>
         <value>0x1715</value>
         <object_component_ref idref="oc-496"/>
      </symbol>
      <symbol id="sm-f7e">
         <name>strlen</name>
         <value>0x4895</value>
         <object_component_ref idref="oc-640"/>
      </symbol>
      <symbol id="sm-f91">
         <name>__stack</name>
         <value>0x2000f000</value>
         <object_component_ref idref="oc-2c"/>
      </symbol>
      <symbol id="sm-f92">
         <name>_c_int00_noargs</name>
         <value>0x434d</value>
         <object_component_ref idref="oc-a8"/>
      </symbol>
      <symbol id="sm-f9c">
         <name>__aeabi_idiv0</name>
         <value>0x46a3</value>
         <object_component_ref idref="oc-78f"/>
      </symbol>
      <symbol id="sm-f9d">
         <name>__aeabi_ldiv0</name>
         <value>0x46a3</value>
         <object_component_ref idref="oc-78f"/>
      </symbol>
      <symbol id="sm-fac">
         <name>__aeabi_memset</name>
         <value>0x30eb</value>
         <object_component_ref idref="oc-90"/>
      </symbol>
      <symbol id="sm-fad">
         <name>memset</name>
         <value>0x30f1</value>
         <object_component_ref idref="oc-90"/>
      </symbol>
      <symbol id="sm-fae">
         <name>__aeabi_memset8</name>
         <value>0x30eb</value>
         <object_component_ref idref="oc-90"/>
      </symbol>
      <symbol id="sm-faf">
         <name>__aeabi_memset4</name>
         <value>0x30eb</value>
         <object_component_ref idref="oc-90"/>
      </symbol>
      <symbol id="sm-fb0">
         <name>__aeabi_memclr8</name>
         <value>0x30e9</value>
         <object_component_ref idref="oc-90"/>
      </symbol>
      <symbol id="sm-fb1">
         <name>__aeabi_memclr4</name>
         <value>0x30e9</value>
         <object_component_ref idref="oc-90"/>
      </symbol>
      <symbol id="sm-fb2">
         <name>__aeabi_memclr</name>
         <value>0x30e9</value>
         <object_component_ref idref="oc-90"/>
      </symbol>
      <symbol id="sm-fda">
         <name>__TI_auto_init_nobinit_nopinit</name>
         <value>0x3f21</value>
         <object_component_ref idref="oc-12f"/>
      </symbol>
      <symbol id="sm-fe4">
         <name>_system_pre_init</name>
         <value>0x4b4b</value>
         <object_component_ref idref="oc-f0"/>
      </symbol>
      <symbol id="sm-ff0">
         <name>C$$EXIT</name>
         <value>0x4b4f</value>
         <object_component_ref idref="oc-123"/>
      </symbol>
      <symbol id="sm-ff1">
         <name>abort</name>
         <value>0x4b4f</value>
         <object_component_ref idref="oc-123"/>
      </symbol>
      <symbol id="sm-1006">
         <name>_nop</name>
         <value>0x356b</value>
         <object_component_ref idref="oc-339"/>
      </symbol>
      <symbol id="sm-1007">
         <name>_lock</name>
         <value>0x200089e8</value>
         <object_component_ref idref="oc-23d"/>
      </symbol>
      <symbol id="sm-1008">
         <name>_unlock</name>
         <value>0x200089ec</value>
         <object_component_ref idref="oc-23d"/>
      </symbol>
      <symbol id="sm-100a">
         <name>__TI_static_base__</name>
         <value>0x4dd8</value>
      </symbol>
      <symbol id="sm-100d">
         <name>__mpu_init</name>
         <value>0x0</value>
      </symbol>
      <symbol id="sm-100e">
         <name>_system_post_cinit</name>
         <value>0x0</value>
      </symbol>
      <symbol id="sm-100f">
         <name>NoRTOS_start</name>
         <value>0x4b2b</value>
      </symbol>
   </symbol_table>
   <title>Link successful</title>
</link_info>
