******************************************************************************
                  TI ARM Linker PC v20.2.2                     
******************************************************************************
>> Linked Wed Feb 17 17:00:36 2021

OUTPUT FILE NAME:   <vl6180x_MSP_EXP432P401R_nortos_ccs.out>
ENTRY POINT SYMBOL: "resetISR"  address: 00004639


MEMORY CONFIGURATION

         name            origin    length      used     unused   attr    fill
----------------------  --------  ---------  --------  --------  ----  --------
  MAIN                  00000000   00040000  00004c6d  0003b393  R  X
  INFO                  00200000   00004000  00000000  00004000  R  X
  SRAM_CODE             01000000   00010000  00009af6  0000650a  RW X
  SRAM_DATA             20000000   00010000  00009af6  0000650a  RW  


SEGMENT ALLOCATION MAP

run origin  load origin   length   init length attrs members
----------  ----------- ---------- ----------- ----- -------
00000000    00000000    00004c70   00004c70    r-x
  00000000    00000000    00000144   00000144    r-- .intvecs
  00000144    00000144    00004814   00004814    r-x .text
  00004958    00004958    00000245   00000245    r-- .const
  00004ba0    00004ba0    000000d0   000000d0    r-- .cinit
20000000    20000000    00008a0e   00000000    rw-
  20000000    20000000    00008000   00000000    rw- .sysmem
  20008000    20008000    000006f0   00000000    rw- .bss
  200086f0    200086f0    0000031e   00000000    rw- .data
20008c00    20008c00    000000e8   00000000    rw-
  20008c00    20008c00    000000e8   00000000    rw- .vtable
2000f000    2000f000    00001000   00000000    rw-
  2000f000    2000f000    00001000   00000000    rw- .stack


SECTION ALLOCATION MAP

 output                                  attributes/
section   page    origin      length       input sections
--------  ----  ----------  ----------   ----------------
.text      0    00000144    00004814     
                  00000144    0000032c     vl6180x.obj (.text:mainThread)
                  00000470    000002d8     nortos_msp432p401x.aem4f : SystemP_nortos.oem4f (.text:doPrint)
                  00000748    000002d0     drivers_msp432p401x.aem4f : UARTMSP432.oem4f (.text:UARTMSP432_open)
                  00000a18    00000288                               : PowerMSP432.oem4f (.text:initPerfControl)
                  00000ca0    000001f8                               : I2CMSP432.oem4f (.text:I2CMSP432_open)
                  00000e98    000001b6     rtsv7M4_T_le_v4SPD16_eabi.lib : fd_add_t2.asm.obj (.text)
                  0000104e    00000184     drivers_msp432p401x.aem4f : I2CMSP432.oem4f (.text:I2CMSP432_hwiIntFxn)
                  000011d2    00000002     ti_drivers_config.obj (.text:Board_initHook)
                  000011d4    00000170     drivers_msp432p401x.aem4f : GPIOMSP432.oem4f (.text:GPIO_setConfig)
                  00001344    0000016c     vl6180x.obj (.text:VL6180X_init)
                  000014b0    0000011c     msp432p4xx_driverlib.lib : uart.o (.text:UART_initModule)
                  000015cc    0000011c     drivers_msp432p401x.aem4f : I2CMSP432.oem4f (.text:primeTransfer)
                  000016e8    00000100     rtsv7M4_T_le_v4SPD16_eabi.lib : memory.c.obj (.text:aligned_alloc)
                  000017e8    000000fc                                   : fd_mul_t2.asm.obj (.text)
                  000018e4    000000f0     drivers_msp432p401x.aem4f : I2CMSP432.oem4f (.text:I2CMSP432_transfer)
                  000019d4    000000e4     msp432p4xx_driverlib.lib : cs.o (.text:CS_startHFXTWithTimeout)
                  00001ab8    000000e4     rtsv7M4_T_le_v4SPD16_eabi.lib : memory.c.obj (.text:free)
                  00001b9c    000000e0     msp432p4xx_driverlib.lib : cs.o (.text:CS_startLFXTWithTimeout)
                  00001c7c    000000e0     nortos_msp432p401x.aem4f : TimerPMSP432_nortos.oem4f (.text:TimerP_construct)
                  00001d5c    000000dc     drivers_msp432p401x.aem4f : UARTMSP432.oem4f (.text:UARTMSP432_readPolling)
                  00001e38    000000dc     msp432p4xx_driverlib.lib : cs.o (.text:_CSGetHFXTFrequency)
                  00001f14    000000d8     nortos_msp432p401x.aem4f : SwiP_nortos.oem4f (.text:SwiP_construct)
                  00001fec    000000ca     drivers_msp432p401x.aem4f : UARTMSP432.oem4f (.text:UARTMSP432_hwiIntFxn)
                  000020b6    00000002     display.aem4f : DisplayUart.oem4f (.text:DisplayUartMin_clear)
                  000020b8    000000b8     drivers_msp432p401x.aem4f : UARTMSP432.oem4f (.text:initHw)
                  00002170    000000b8                               : UARTMSP432.oem4f (.text:readTaskCallback)
                  00002228    000000b4     nortos_msp432p401x.aem4f : ClockPTimer_nortos.oem4f (.text:ClockP_startup)
                  000022dc    000000b4     drivers_msp432p401x.aem4f : UARTMSP432.oem4f (.text:UARTMSP432_control)
                  00002390    000000b4                               : UARTMSP432.oem4f (.text:UARTMSP432_writePolling)
                  00002444    000000ac     nortos_msp432p401x.aem4f : ClockPTimer_nortos.oem4f (.text:ClockP_workFuncDynamic)
                  000024f0    000000ac     drivers_msp432p401x.aem4f : GPIOMSP432.oem4f (.text:GPIO_init)
                  0000259c    000000ac                               : I2CMSP432.oem4f (.text:I2CMSP432_cancel)
                  00002648    000000a8                               : UARTMSP432.oem4f (.text:UARTMSP432_write)
                  000026f0    000000a8                               : UARTMSP432.oem4f (.text:readTaskBlocking)
                  00002798    000000a0     nortos_msp432p401x.aem4f : SemaphoreP_nortos.oem4f (.text:SemaphoreP_pend)
                  00002838    000000a0     drivers_msp432p401x.aem4f : UARTMSP432.oem4f (.text:readIsrTextCallback)
                  000028d8    0000009c                               : PowerMSP432.oem4f (.text:Power_init)
                  00002974    0000009c     nortos_msp432p401x.aem4f : SwiP_nortos.oem4f (.text:SwiP_dispatch)
                  00002a10    0000009c     rtsv7M4_T_le_v4SPD16_eabi.lib : memcpy_t2.asm.obj (.text)
                  00002aac    00000096                                   : ull_div_t2.asm.obj (.text)
                  00002b42    00000092     drivers_msp432p401x.aem4f : UARTMSP432.oem4f (.text:UARTMSP432_close)
                  00002bd4    00000092                               : UARTMSP432.oem4f (.text:writeData)
                  00002c66    0000008c                               : UARTMSP432.oem4f (.text:readIsrTextBlocking)
                  00002cf2    00000002     display.aem4f : DisplayUart.oem4f (.text:DisplayUartMin_clearLines)
                  00002cf4    00000088     vl6180x.obj (.text:readReg16Bit)
                  00002d7c    00000086     rtsv7M4_T_le_v4SPD16_eabi.lib : fd_cmp_t2.asm.obj (.text:__aeabi_cdcmple)
                  00002e02    00000002     display.aem4f : DisplayUart.oem4f (.text:DisplayUartMin_init)
                  00002e04    00000084     vl6180x.obj (.text:writeReg16Bit)
                  00002e88    00000080     nortos_msp432p401x.aem4f : ClockPTimer_nortos.oem4f (.text:ClockP_start)
                  00002f08    00000080     msp432p4xx_driverlib.lib : interrupt.o (.text:Interrupt_disableInterrupt)
                  00002f88    00000080                              : interrupt.o (.text:Interrupt_enableInterrupt)
                  00003008    0000007a     rtsv7M4_T_le_v4SPD16_eabi.lib : memset_t2.asm.obj (.text)
                  00003082    00000002     drivers_msp432p401x.aem4f : I2CMSP432.oem4f (.text:I2CMSP432_init)
                  00003084    00000078     nortos_msp432p401x.aem4f : ClockPTimer_nortos.oem4f (.text:ClockP_walkQueueDynamic)
                  000030fc    00000076     drivers_msp432p401x.aem4f : I2CMSP432.oem4f (.text:I2CMSP432_close)
                  00003172    00000002     msp432p4xx_driverlib.lib : interrupt.o (.text:IntDefaultHandler)
                  00003174    00000074     vl6180x.obj (.text:readReg)
                  000031e8    00000074     vl6180x.obj (.text:writeReg)
                  0000325c    00000070     nortos_msp432p401x.aem4f : HwiPMSP432_nortos.oem4f (.text:HwiP_construct)
                  000032cc    00000070     drivers_msp432p401x.aem4f : UARTMSP432.oem4f (.text:UARTMSP432_writeCancel)
                  0000333c    00000070     rtsv7M4_T_le_v4SPD16_eabi.lib : memory.c.obj (.text:split)
                  000033ac    0000006e     vl6180x.obj (.text:VL6180X_configureDefault)
                  0000341a    00000002     nortos_msp432p401x.aem4f : PowerMSP432_nortos.oem4f (.text:PowerMSP432_updateFreqs)
                  0000341c    0000006d                              : SystemP_nortos.oem4f (.text:formatNum)
                  00003489    00000001     --HOLE-- [fill = 0]
                  0000348a    00000002     drivers_msp432p401x.aem4f : UARTMSP432.oem4f (.text:UARTMSP432_init)
                  0000348c    0000006c     msp432p4xx_driverlib.lib : i2c.o (.text:I2C_masterSendMultiByteFinish)
                  000034f8    0000006c     nortos_msp432p401x.aem4f : TimerPMSP432_nortos.oem4f (.text:TimerP_getCurrentTick)
                  00003564    00000068     drivers_msp432p401x.aem4f : GPIOMSP432.oem4f (.text:GPIO_hwiIntFxn)
                  000035cc    00000068     msp432p4xx_driverlib.lib : interrupt.o (.text:Interrupt_pendInterrupt)
                  00003634    00000068     drivers_msp432p401x.aem4f : PowerMSP432.oem4f (.text:PowerMSP432_getFreqs)
                  0000369c    00000068     nortos_msp432p401x.aem4f : SwiP_nortos.oem4f (.text:SwiP_post)
                  00003704    00000068     rtsv7M4_T_le_v4SPD16_eabi.lib : copy_decompress_lzss.c.obj (.text:decompress:lzss:__TI_decompress_lzss)
                  0000376c    00000068     drivers_msp432p401x.aem4f : I2CMSP432.oem4f (.text:initHw)
                  000037d4    00000060                               : GPIOMSP432.oem4f (.text:GPIO_setCallback)
                  00003834    0000005c     display.aem4f : Display.oem4f (.text:Display_doOpen)
                  00003890    0000005c     msp432p4xx_driverlib.lib : interrupt.o (.text:Interrupt_registerInterrupt)
                  000038ec    00000058     drivers_msp432p401x.aem4f : GPIOMSP432.oem4f (.text:GPIO_write)
                  00003944    00000058     nortos_msp432p401x.aem4f : TimerPMSP432_nortos.oem4f (.text:TimerP_dynamicStub)
                  0000399c    00000058     drivers_msp432p401x.aem4f : UARTMSP432.oem4f (.text:readIsrBinaryBlocking)
                  000039f4    00000056                               : I2CMSP432.oem4f (.text:completeTransfer)
                  00003a4a    00000002     rtsv7M4_T_le_v4SPD16_eabi.lib : _lock.c.obj (.text:_nop)
                  00003a4c    00000054     msp432p4xx_driverlib.lib : interrupt.o (.text:Interrupt_setPriority)
                  00003aa0    00000050     nortos_msp432p401x.aem4f : SemaphoreP_nortos.oem4f (.text:SemaphoreP_construct)
                  00003af0    0000004c     drivers_msp432p401x.aem4f : UARTMSP432.oem4f (.text:readIsrBinaryCallback)
                  00003b3c    0000004a     display.aem4f : DisplayUart.oem4f (.text:DisplayUartMin_open)
                  00003b86    00000002     nortos_msp432p401x.aem4f : startup_msp432_ccs.oem4f (.text:busFaultISR)
                  00003b88    00000048                              : ClockPTimer_nortos.oem4f (.text:ClockP_construct)
                  00003bd0    00000048     drivers_msp432p401x.aem4f : PowerMSP432.oem4f (.text:Power_releaseConstraint)
                  00003c18    00000048     rtsv7M4_T_le_v4SPD16_eabi.lib : fd_toi_t2.asm.obj (.text)
                  00003c60    00000046     display.aem4f : DisplayUart.oem4f (.text:DisplayUartMin_vprintf)
                  00003ca6    00000046     drivers_msp432p401x.aem4f : RingBuf.oem4f (.text:RingBuf_put)
                  00003cec    00000044                               : I2C.oem4f (.text:I2C_init)
                  00003d30    00000044     nortos_msp432p401x.aem4f : SemaphoreP_nortos.oem4f (.text:SemaphoreP_post)
                  00003d74    00000044                              : TimerPMSP432_nortos.oem4f (.text:TimerP_start)
                  00003db8    00000044     drivers_msp432p401x.aem4f : UART.oem4f (.text:UART_init)
                  00003dfc    00000044     rtsv7M4_T_le_v4SPD16_eabi.lib : autoinit.c.obj (.text:__TI_auto_init_nobinit_nopinit:__TI_auto_init_nobinit_nopinit)
                  00003e40    00000044     drivers_msp432p401x.aem4f : I2CMSP432.oem4f (.text:perfChangeNotifyFxn)
                  00003e84    00000044     rtsv7M4_T_le_v4SPD16_eabi.lib : fd_tou_t2.asm.obj (.text)
                  00003ec8    00000042     vl6180x.obj (.text:VL6180X_readRange)
                  00003f0a    00000002     nortos_msp432p401x.aem4f : SemaphoreP_nortos.oem4f (.text:clkFxn)
                  00003f0c    00000040     drivers_msp432p401x.aem4f : I2C.oem4f (.text:I2C_open)
                  00003f4c    00000040                               : RingBuf.oem4f (.text:RingBuf_get)
                  00003f8c    00000040     nortos_msp432p401x.aem4f : TimerPMSP432_nortos.oem4f (.text:TimerP_setNextTick)
                  00003fcc    00000040     drivers_msp432p401x.aem4f : UARTMSP432.oem4f (.text:UARTMSP432_read)
                  0000400c    00000040                               : UART.oem4f (.text:UART_open)
                  0000404c    00000040                               : UARTMSP432.oem4f (.text:perfChangeNotifyFxn)
                  0000408c    00000040     rtsv7M4_T_le_v4SPD16_eabi.lib : u_divt2.asm.obj (.text)
                  000040cc    0000003c     nortos_msp432p401x.aem4f : TimerPMSP432_nortos.oem4f (.text:TimerP_initDevice)
                  00004108    00000038     drivers_msp432p401x.aem4f : GPIOMSP432.oem4f (.text:GPIO_toggle)
                  00004140    00000038                               : PowerMSP432.oem4f (.text:Power_setConstraint)
                  00004178    00000036                               : UARTMSP432.oem4f (.text:UARTMSP432_readCancel)
                  000041ae    00000002     nortos_msp432p401x.aem4f : startup_msp432_ccs.oem4f (.text:defaultISR)
                  000041b0    00000034     rtsv7M4_T_le_v4SPD16_eabi.lib : boot_cortex_m.c.obj (.text:_c_int00_noargs:_c_int00_noargs)
                  000041e4    00000030     drivers_msp432p401x.aem4f : I2CMSP432.oem4f (.text:mapPin)
                  00004214    00000030                               : UARTMSP432.oem4f (.text:mapPin)
                  00004244    0000002e     rtsv7M4_T_le_v4SPD16_eabi.lib : i_tofd_t2.asm.obj (.text)
                  00004272    0000002a     display.aem4f : Display.oem4f (.text:Display_doPrintf)
                  0000429c    0000002a     nortos_msp432p401x.aem4f : HwiPMSP432_nortos.oem4f (.text:HwiP_create)
                  000042c6    00000002                              : startup_msp432_ccs.oem4f (.text:faultISR)
                  000042c8    00000028     display.aem4f : Display.oem4f (.text:Display_doInit)
                  000042f0    00000028     drivers_msp432p401x.aem4f : PowerMSP432.oem4f (.text:Power_registerNotify)
                  00004318    00000028                               : PowerMSP432.oem4f (.text:disableFaultCounter)
                  00004340    00000028                               : UARTMSP432.oem4f (.text:findBaudDividerIndex)
                  00004368    00000028     rtsv7M4_T_le_v4SPD16_eabi.lib : memory.c.obj (.text:free_list_insert)
                  00004390    00000026     drivers_msp432p401x.aem4f : List.oem4f (.text:List_put)
                  000043b6    00000026                               : List.oem4f (.text:List_remove)
                  000043dc    00000024     nortos_msp432p401x.aem4f : ClockPTimer_nortos.oem4f (.text:ClockP_getTicks)
                  00004400    00000024                              : ClockPTimer_nortos.oem4f (.text:ClockP_scheduleNextTick)
                  00004424    00000024                              : HwiPMSP432_nortos.oem4f (.text:HwiP_dispatch)
                  00004448    00000020     msp432p4xx_driverlib.lib : cs.o (.text:CS_setExternalClockSourceFrequency)
                  00004468    00000020     nortos_msp432p401x.aem4f : ClockPTimer_nortos.oem4f (.text:ClockP_add)
                  00004488    00000020     drivers_msp432p401x.aem4f : PowerMSP432.oem4f (.text:Power_unregisterNotify)
                  000044a8    00000020     nortos_msp432p401x.aem4f : QueueP_nortos.oem4f (.text:QueueP_put)
                  000044c8    00000020     drivers_msp432p401x.aem4f : RingBuf.oem4f (.text:RingBuf_peek)
                  000044e8    0000001e     vl6180x.obj (.text:VL6180X_startRange)
                  00004506    00000002     nortos_msp432p401x.aem4f : startup_msp432_ccs.oem4f (.text:nmiISR)
                  00004508    0000001c     msp432p4xx_driverlib.lib : interrupt.o (.text:Interrupt_unregisterInterrupt)
                  00004524    0000001c     rtsv7M4_T_le_v4SPD16_eabi.lib : memory.c.obj (.text:free_list_remove)
                  00004540    0000001a     nortos_msp432p401x.aem4f : ClockPTimer_nortos.oem4f (.text:ClockP_create)
                  0000455a    0000001a                              : QueueP_nortos.oem4f (.text:QueueP_get)
                  00004574    0000001a                              : SemaphoreP_nortos.oem4f (.text:SemaphoreP_createBinary)
                  0000458e    00000018                              : ClockPTimer_nortos.oem4f (.text:ClockP_destruct)
                  000045a6    00000018                              : HwiPMSP432_nortos.oem4f (.text:HwiP_delete)
                  000045be    00000002     rtsv7M4_T_le_v4SPD16_eabi.lib : div0.asm.obj (.text)
                  000045c0    00000018     nortos_msp432p401x.aem4f : HwiPMSP432_nortos.oem4f (.text:HwiP_inISR)
                  000045d8    00000018     drivers_msp432p401x.aem4f : I2C.oem4f (.text:I2C_transfer)
                  000045f0    00000018     msp432p4xx_driverlib.lib : sysctl_a.o (.text:SysCtl_A_disableNMISource)
                  00004608    00000018                              : sysctl_a.o (.text:SysCtl_A_enableNMISource)
                  00004620    00000018     drivers_msp432p401x.aem4f : UART.oem4f (.text:UART_Params_init)
                  00004638    00000018     nortos_msp432p401x.aem4f : startup_msp432_ccs.oem4f (.text:resetISR)
                  00004650    00000016     display.aem4f : DisplayUart.oem4f (.text:DisplayUartMin_close)
                  00004666    00000016     nortos_msp432p401x.aem4f : SemaphoreP_nortos.oem4f (.text:SemaphoreP_create)
                  0000467c    00000016                              : SwiP_nortos.oem4f (.text:maxbit)
                  00004692    00000016                              : SystemP_nortos.oem4f (.text:putChar)
                  000046a8    00000014     drivers_msp432p401x.aem4f : PowerMSP432.oem4f (.text:Power_idleFunc)
                  000046bc    00000014     nortos_msp432p401x.aem4f : SwiP_nortos.oem4f (.text:SwiP_handleHwi)
                  000046d0    00000014                              : TimerPMSP432_nortos.oem4f (.text:TimerP_getCount)
                  000046e4    00000014     drivers_msp432p401x.aem4f : UARTMSP432.oem4f (.text:clearTXCPTIFG)
                  000046f8    00000014     rtsv7M4_T_le_v4SPD16_eabi.lib : strlen.c.obj (.text:strlen)
                  0000470c    00000012     nortos_msp432p401x.aem4f : HwiPMSP432_nortos.oem4f (.text:HwiP_Params_init)
                  0000471e    00000012     drivers_msp432p401x.aem4f : RingBuf.oem4f (.text:RingBuf_construct)
                  00004730    00000012     vl6180x.obj (.text:VL6180X_readRangeStatus)
                  00004742    00000012     main_nortos.obj (.text:main)
                  00004754    00000010     nortos_msp432p401x.aem4f : ClockPTimer_nortos.oem4f (.text:ClockP_Params_init)
                  00004764    00000010                              : ClockPTimer_nortos.oem4f (.text:ClockP_delete)
                  00004774    00000010                              : HwiPMSP432_nortos.oem4f (.text:HwiP_disable)
                  00004784    00000010     drivers_msp432p401x.aem4f : I2C.oem4f (.text:I2C_Params_init)
                  00004794    00000010     msp432p4xx_driverlib.lib : interrupt.o (.text:Interrupt_disableMaster)
                  000047a4    00000010                              : interrupt.o (.text:Interrupt_enableMaster)
                  000047b4    00000010     drivers_msp432p401x.aem4f : PowerMSP432.oem4f (.text:PowerMSP432_getNumPerfLevels)
                  000047c4    00000010                               : PowerMSP432.oem4f (.text:Power_disablePolicy)
                  000047d4    00000010                               : PowerMSP432.oem4f (.text:Power_enablePolicy)
                  000047e4    00000010     nortos_msp432p401x.aem4f : SemaphoreP_nortos.oem4f (.text:SemaphoreP_Params_init)
                  000047f4    00000010                              : SwiP_nortos.oem4f (.text:SwiP_Params_init)
                  00004804    00000010     msp432p4xx_driverlib.lib : sysctl_a.o (.text:SysCtl_A_getNMISourceStatus)
                  00004814    00000010     nortos_msp432p401x.aem4f : TimerPMSP432_nortos.oem4f (.text:TimerP_Params_init)
                  00004824    00000010     drivers_msp432p401x.aem4f : UARTMSP432.oem4f (.text:readBlockingTimeout)
                  00004834    0000000e     nortos_msp432p401x.aem4f : QueueP_nortos.oem4f (.text:QueueP_empty)
                  00004842    0000000e                              : QueueP_nortos.oem4f (.text:QueueP_remove)
                  00004850    0000000e     rtsv7M4_T_le_v4SPD16_eabi.lib : copy_decompress_none.c.obj (.text:decompress:none:__TI_decompress_none)
                  0000485e    0000000c     ti_drivers_config.obj (.text:Board_init)
                  0000486a    0000000c     msp432p4xx_driverlib.lib : cpu.o (.text:CPU_cpsid)
                  00004876    0000000c                              : cpu.o (.text:CPU_cpsie)
                  00004882    00000002     --HOLE-- [fill = 0]
                  00004884    0000000c     nortos_msp432p401x.aem4f : ClockPTimer_nortos.oem4f (.text:ClockP_doTick)
                  00004890    0000000c     drivers_msp432p401x.aem4f : PowerMSP432.oem4f (.text:Power_getPerformanceLevel)
                  0000489c    0000000c     nortos_msp432p401x.aem4f : TimerPMSP432_nortos.oem4f (.text:TimerP_getFreq)
                  000048a8    0000000c                              : TimerPMSP432_nortos.oem4f (.text:TimerP_getMaxTicks)
                  000048b4    0000000c     rtsv7M4_T_le_v4SPD16_eabi.lib : copy_zero_init.c.obj (.text:decompress:ZI:__TI_zero_init)
                  000048c0    0000000a     drivers_msp432p401x.aem4f : UART.oem4f (.text:UART_close)
                  000048ca    0000000a                               : UART.oem4f (.text:UART_control)
                  000048d4    0000000a                               : UART.oem4f (.text:UART_write)
                  000048de    00000008     nortos_msp432p401x.aem4f : HwiPMSP432_nortos.oem4f (.text:HwiP_restore)
                  000048e6    00000008     drivers_msp432p401x.aem4f : I2CMSP432.oem4f (.text:blockingTransferCallback)
                  000048ee    00000008     rtsv7M4_T_le_v4SPD16_eabi.lib : memory.c.obj (.text:malloc)
                  000048f6    00000008     drivers_msp432p401x.aem4f : UARTMSP432.oem4f (.text:readSemCallback)
                  000048fe    00000008                               : UARTMSP432.oem4f (.text:txcptEnabledStatus)
                  00004906    00000008                               : UARTMSP432.oem4f (.text:writeSemCallback)
                  0000490e    00000006     nortos_msp432p401x.aem4f : ClockPTimer_nortos.oem4f (.text:ClockP_stop)
                  00004914    00000006     display.aem4f : DisplayUart.oem4f (.text:DisplayUartMin_control)
                  0000491a    00000006                   : DisplayUart.oem4f (.text:DisplayUartMin_getType)
                  00004920    00000006     drivers_msp432p401x.aem4f : I2CMSP432.oem4f (.text:I2CMSP432_control)
                  00004926    00000006     nortos_msp432p401x.aem4f : QueueP_nortos.oem4f (.text:QueueP_init)
                  0000492c    00000004                              : ClockPTimer_nortos.oem4f (.text:ClockP_isActive)
                  00004930    00000004                              : ClockPTimer_nortos.oem4f (.text:ClockP_setTimeout)
                  00004934    00000004                              : HwiPMSP432_nortos.oem4f (.text:HwiP_enable)
                  00004938    00000004                              : HwiPMSP432_nortos.oem4f (.text:HwiP_post)
                  0000493c    00000004                              : QueueP_nortos.oem4f (.text:QueueP_head)
                  00004940    00000004                              : QueueP_nortos.oem4f (.text:QueueP_next)
                  00004944    00000004                              : SemaphoreP_nortos.oem4f (.text:SemaphoreP_delete)
                  00004948    00000004                              : SystemP_nortos.oem4f (.text:SystemP_vsnprintf)
                  0000494c    00000004                              : TimerPMSP432_nortos.oem4f (.text:TimerP_setPeriod)
                  00004950    00000004     rtsv7M4_T_le_v4SPD16_eabi.lib : pre_init.c.obj (.text:_system_pre_init)
                  00004954    00000004                                   : exit.c.obj (.text:abort:abort)

.const     0    00004958    00000245     
                  00004958    00000050     msp432p4xx_driverlib.lib : interrupt.o (.const:g_pulRegs)
                  000049a8    00000038     ti_drivers_config.obj (.const:PowerMSP432_config)
                  000049e0    0000002c     ti_drivers_config.obj (.const:uartMSP432HWAttrs)
                  00004a0c    00000028     drivers_msp432p401x.aem4f : UARTMSP432.oem4f (.const:UARTMSP432_fxnTable)
                  00004a34    00000028     ti_drivers_config.obj (.const:i2cMSP432HWAttrs)
                  00004a5c    00000024     drivers_msp432p401x.aem4f : UART.oem4f (.const:UART_defaultParams)
                  00004a80    00000020     display.aem4f : DisplayUart.oem4f (.const:DisplayUartMin_fxnTable)
                  00004aa0    00000020     drivers_msp432p401x.aem4f : UARTMSP432.oem4f (.const:staticFxnTable)
                  00004ac0    00000018                               : I2CMSP432.oem4f (.const:I2CMSP432_fxnTable)
                  00004ad8    00000018     ti_drivers_config.obj (.const:I2C_config)
                  00004af0    00000014     ti_drivers_config.obj (.const:GPIOMSP432_config)
                  00004b04    00000014     ti_drivers_config.obj (.const:displayUartHWAttrs)
                  00004b18    00000010     drivers_msp432p401x.aem4f : I2C.oem4f (.const:I2C_defaultParams)
                  00004b28    00000010     nortos_msp432p401x.aem4f : SwiP_nortos.oem4f (.const:SwiP_defaultParams)
                  00004b38    00000010     ti_drivers_config.obj (.const:uartMSP432Baudrates)
                  00004b48    0000000c     ti_drivers_config.obj (.const:Display_config)
                  00004b54    0000000c     ti_drivers_config.obj (.const:UART_config)
                  00004b60    0000000c     drivers_msp432p401x.aem4f : I2CMSP432.oem4f (.const:bitRates)
                  00004b6c    00000008     msp432p4xx_driverlib.lib : interrupt.o (.const:g_pulDisRegs)
                  00004b74    00000008                              : interrupt.o (.const:g_pulEnRegs)
                  00004b7c    00000008                              : interrupt.o (.const:g_pulPendRegs)
                  00004b84    00000006     drivers_msp432p401x.aem4f : GPIOMSP432.oem4f (.const:.string:interruptType)
                  00004b8a    00000006                               : GPIOMSP432.oem4f (.const:.string:portInterruptIds)
                  00004b90    00000005                               : UARTMSP432.oem4f (.const:.string:parityTypes)
                  00004b95    00000001     display.aem4f : Display.oem4f (.const:Display_defaultParams)
                  00004b96    00000004     drivers_msp432p401x.aem4f : UARTMSP432.oem4f (.const:stopBits)
                  00004b9a    00000003     ti_drivers_config.obj (.const)

.cinit     0    00004ba0    000000d0     
                  00004ba0    00000099     (.cinit..data.load) [load image, compression = lzss]
                  00004c39    00000003     --HOLE-- [fill = 0]
                  00004c3c    0000000c     (__TI_handler_table)
                  00004c48    00000008     (.cinit..bss.load) [load image, compression = zero_init]
                  00004c50    00000008     (.cinit..vtable.load) [load image, compression = zero_init]
                  00004c58    00000018     (__TI_cinit_table)

.init_array 
*          0    00000000    00000000     UNINITIALIZED

.intvecs   0    00000000    00000144     
                  00000000    00000144     nortos_msp432p401x.aem4f : startup_msp432_ccs.oem4f (.intvecs:retain)

.sysmem    0    20000000    00008000     UNINITIALIZED
                  20000000    00000010     rtsv7M4_T_le_v4SPD16_eabi.lib : memory.c.obj (.sysmem)
                  20000010    00007ff0     --HOLE--

.bss       0    20008000    000006f0     UNINITIALIZED
                  20008000    00000400     ti_drivers_config.obj (.bss:displayUARTBuffer)
                  20008400    000000a0     nortos_msp432p401x.aem4f : ClockPTimer_nortos.oem4f (.bss:ClockP_module)
                  200084a0    000000a0     (.common:i2cMSP432Objects)
                  20008540    00000080     (.common:uartMSP432Objects)
                  200085c0    00000030     drivers_msp432p401x.aem4f : GPIOMSP432.oem4f (.bss:gpioCallbackInfo)
                  200085f0    00000020     nortos_msp432p401x.aem4f : SwiP_nortos.oem4f (.bss:SwiP_readyList)
                  20008610    00000020     ti_drivers_config.obj (.bss:uartMSP432RingBuffer0)
                  20008630    0000001c     nortos_msp432p401x.aem4f : SwiP_nortos.oem4f (.bss:SwiP_hwiStruct)
                  2000864c    0000001c                              : TimerPMSP432_nortos.oem4f (.bss:TimerP_hwiStruct)
                  20008668    0000001c     (.common:i2cTransaction)
                  20008684    00000010     (.common:i2cParams)
                  20008694    0000000d                              : SwiP_nortos.oem4f (.bss)
                  200086a1    00000003     --HOLE--
                  200086a4    0000000c     (.common:displayUartObject)
                  200086b0    0000000c     (.common:readBuffer)
                  200086bc    0000000c     (.common:writeBuffer)
                  200086c8    00000008     msp432p4xx_driverlib.lib : cs.o (.bss)
                  200086d0    00000008     nortos_msp432p401x.aem4f : ClockPTimer_nortos.oem4f (.bss:timerFreq)
                  200086d8    00000004     drivers_msp432p401x.aem4f : GPIOMSP432.oem4f (.bss)
                  200086dc    00000004     nortos_msp432p401x.aem4f : ClockPTimer_nortos.oem4f (.bss)
                  200086e0    00000004                              : TimerPMSP432_nortos.oem4f (.bss)
                  200086e4    00000004     vl6180x.obj (.bss)
                  200086e8    00000004     (.common:i2c0)
                  200086ec    00000004     (.common:i2c1)

.data      0    200086f0    0000031e     UNINITIALIZED
                  200086f0    00000140     nortos_msp432p401x.aem4f : HwiPMSP432_nortos.oem4f (.data:HwiP_dispatchTable)
                  20008830    00000140     drivers_msp432p401x.aem4f : PowerMSP432.oem4f (.data:PowerMSP432_perfLevels)
                  20008970    0000002c                               : PowerMSP432.oem4f (.data:PowerMSP432_module)
                  2000899c    00000014     ti_drivers_config.obj (.data:gpioCallbackFunctions)
                  200089b0    00000014     ti_drivers_config.obj (.data:gpioPinConfigs)
                  200089c4    0000000c     nortos_msp432p401x.aem4f : ClockPTimer_nortos.oem4f (.data:ClockP_defaultParams)
                  200089d0    0000000c                              : TimerPMSP432_nortos.oem4f (.data:TimerP_defaultParams)
                  200089dc    00000008     rtsv7M4_T_le_v4SPD16_eabi.lib : _lock.c.obj (.data:$O1$$)
                  200089e4    00000008                                   : memory.c.obj (.data:$O1$$)
                  200089ec    00000008     nortos_msp432p401x.aem4f : SemaphoreP_nortos.oem4f (.data:SemaphoreP_defaultParams)
                  200089f4    00000008                              : ClockPTimer_nortos.oem4f (.data)
                  200089fc    00000008                              : HwiPMSP432_nortos.oem4f (.data)
                  20008a04    00000003                              : SemaphoreP_nortos.oem4f (.data)
                  20008a07    00000002     drivers_msp432p401x.aem4f : GPIOMSP432.oem4f (.data)
                  20008a09    00000001                               : I2C.oem4f (.data)
                  20008a0a    00000001                               : UART.oem4f (.data)
                  20008a0b    00000001     nortos_msp432p401x.aem4f : SwiP_nortos.oem4f (.data)
                  20008a0c    00000001                              : TimerPMSP432_nortos.oem4f (.data)
                  20008a0d    00000001     vl6180x.obj (.data)

.vtable    0    20008c00    000000e8     UNINITIALIZED
                  20008c00    000000e8     msp432p4xx_driverlib.lib : interrupt.o (.vtable)

.stack     0    2000f000    00001000     UNINITIALIZED
                  2000f000    00000004     rtsv7M4_T_le_v4SPD16_eabi.lib : boot_cortex_m.c.obj (.stack)
                  2000f004    00000ffc     --HOLE--

__llvm_prf_cnts 
*          0    20000000    00000000     UNINITIALIZED

.binit     0    00000000    00000000     

MODULE SUMMARY

       Module                       code    ro data   rw data
       ------                       ----    -------   -------
    .\
       vl6180x.obj                  1900    0         162    
       main_nortos.obj              18      0         0      
    +--+----------------------------+-------+---------+---------+
       Total:                       1918    0         162    
                                                             
    .\syscfg\
       ti_drivers_config.obj        14      247       2792   
    +--+----------------------------+-------+---------+---------+
       Total:                       14      247       2792   
                                                             
    C:/ti/simplelink_msp432p4_sdk_3_40_01_02/kernel/nortos/lib/nortos_msp432p401x.aem4f
       ClockPTimer_nortos.oem4f     884     0         384    
       HwiPMSP432_nortos.oem4f      288     0         656    
       SystemP_nortos.oem4f         863     0         0      
       TimerPMSP432_nortos.oem4f    676     0         90     
       SwiP_nortos.oem4f            534     16        148    
       SemaphoreP_nortos.oem4f      378     0         22     
       startup_msp432_ccs.oem4f     32      324       0      
       QueueP_nortos.oem4f          100     0         0      
       PowerMSP432_nortos.oem4f     2       0         0      
    +--+----------------------------+-------+---------+---------+
       Total:                       3757    340       1300   
                                                             
    C:/ti/simplelink_msp432p4_sdk_3_40_01_02/source/ti/devices/msp432p4xx/driverlib/ccs/msp432p4xx_driverlib.lib
       interrupt.o                  598     104       464    
       cs.o                         704     0         16     
       uart.o                       284     0         0      
       i2c.o                        108     0         0      
       sysctl_a.o                   64      0         0      
       cpu.o                        24      0         0      
    +--+----------------------------+-------+---------+---------+
       Total:                       1782    104       480    
                                                             
    C:/ti/simplelink_msp432p4_sdk_3_40_01_02/source/ti/display/lib/display.aem4f
       DisplayUart.oem4f            184     32        0      
       Display.oem4f                174     1         0      
    +--+----------------------------+-------+---------+---------+
       Total:                       358     33        0      
                                                             
    C:/ti/simplelink_msp432p4_sdk_3_40_01_02/source/ti/drivers/lib/drivers_msp432p401x.aem4f
       UARTMSP432.oem4f             3406    81        0      
       I2CMSP432.oem4f              2028    36        0      
       PowerMSP432.oem4f            1228    0         728    
       GPIOMSP432.oem4f             884     12        108    
       UART.oem4f                   186     36        2      
       I2C.oem4f                    172     16        2      
       RingBuf.oem4f                184     0         0      
       List.oem4f                   76      0         0      
    +--+----------------------------+-------+---------+---------+
       Total:                       8164    181       840    
                                                             
    C:\ti\ccs1020\ccs\tools\compiler\ti-cgt-arm_20.2.2.LTS\lib\rtsv7M4_T_le_v4SPD16_eabi.lib
       memory.c.obj                 672     0         16     
       fd_add_t2.asm.obj            438     0         0      
       fd_mul_t2.asm.obj            252     0         0      
       memcpy_t2.asm.obj            156     0         0      
       ull_div_t2.asm.obj           150     0         0      
       fd_cmp_t2.asm.obj            134     0         0      
       memset_t2.asm.obj            122     0         0      
       copy_decompress_lzss.c.obj   104     0         0      
       fd_toi_t2.asm.obj            72      0         0      
       autoinit.c.obj               68      0         0      
       fd_tou_t2.asm.obj            68      0         0      
       u_divt2.asm.obj              64      0         0      
       boot_cortex_m.c.obj          52      0         0      
       i_tofd_t2.asm.obj            46      0         0      
       strlen.c.obj                 20      0         0      
       _lock.c.obj                  2       0         16     
       copy_decompress_none.c.obj   14      0         0      
       copy_zero_init.c.obj         12      0         0      
       exit.c.obj                   4       0         0      
       pre_init.c.obj               4       0         0      
       div0.asm.obj                 2       0         0      
    +--+----------------------------+-------+---------+---------+
       Total:                       2456    0         32     
                                                             
       Heap:                        0       0         65536  
       Stack:                       0       0         8192   
       Linker Generated:            0       205       0      
    +--+----------------------------+-------+---------+---------+
       Grand Total:                 18449   1110      79334  


LINKER GENERATED COPY TABLES

__TI_cinit_table @ 00004c58 records: 3, size/record: 8, table size: 24
	.data: load addr=00004ba0, load size=00000099 bytes, run addr=200086f0, run size=0000031e bytes, compression=lzss
	.bss: load addr=00004c48, load size=00000008 bytes, run addr=20008000, run size=000006f0 bytes, compression=zero_init
	.vtable: load addr=00004c50, load size=00000008 bytes, run addr=20008c00, run size=000000e8 bytes, compression=zero_init


LINKER GENERATED HANDLER TABLE

__TI_handler_table @ 00004c3c records: 3, size/record: 4, table size: 12
	index: 0, handler: __TI_decompress_lzss
	index: 1, handler: __TI_decompress_none
	index: 2, handler: __TI_zero_init


GLOBAL SYMBOLS: SORTED ALPHABETICALLY BY Name 

address   name                              
-------   ----                              
0000485f  Board_init                        
000011d3  Board_initHook                    
00004955  C$$EXIT                           
0000486b  CPU_cpsid                         
00004877  CPU_cpsie                         
00004449  CS_setExternalClockSourceFrequency
000019d5  CS_startHFXTWithTimeout           
00001b9d  CS_startLFXTWithTimeout           
00004755  ClockP_Params_init                
00004469  ClockP_add                        
00003b89  ClockP_construct                  
00004541  ClockP_create                     
00004765  ClockP_delete                     
0000458f  ClockP_destruct                   
00004885  ClockP_doTick                     
000043dd  ClockP_getTicks                   
0000492d  ClockP_isActive                   
00004401  ClockP_scheduleNextTick           
00004931  ClockP_setTimeout                 
00002e89  ClockP_start                      
00002229  ClockP_startup                    
0000490f  ClockP_stop                       
200089f8  ClockP_tickPeriod                 
00003085  ClockP_walkQueueDynamic           
00002445  ClockP_workFuncDynamic            
000020b7  DisplayUartMin_clear              
00002cf3  DisplayUartMin_clearLines         
00004651  DisplayUartMin_close              
00004915  DisplayUartMin_control            
00004a80  DisplayUartMin_fxnTable           
0000491b  DisplayUartMin_getType            
00002e03  DisplayUartMin_init               
00003b3d  DisplayUartMin_open               
00003c61  DisplayUartMin_vprintf            
00004b48  Display_config                    
00004b9a  Display_count                     
00004b95  Display_defaultParams             
000042c9  Display_doInit                    
00003835  Display_doOpen                    
00004273  Display_doPrintf                  
00004af0  GPIOMSP432_config                 
00003565  GPIO_hwiIntFxn                    
000024f1  GPIO_init                         
000037d5  GPIO_setCallback                  
000011d5  GPIO_setConfig                    
00004109  GPIO_toggle                       
000038ed  GPIO_write                        
0000470d  HwiP_Params_init                  
0000325d  HwiP_construct                    
0000429d  HwiP_create                       
000045a7  HwiP_delete                       
00004775  HwiP_disable                      
00004425  HwiP_dispatch                     
00004935  HwiP_enable                       
000045c1  HwiP_inISR                        
200089fc  HwiP_key                          
00004939  HwiP_post                         
000048df  HwiP_restore                      
20008a00  HwiP_swiPIntNum                   
0000259d  I2CMSP432_cancel                  
000030fd  I2CMSP432_close                   
00004921  I2CMSP432_control                 
00004ac0  I2CMSP432_fxnTable                
0000104f  I2CMSP432_hwiIntFxn               
00003083  I2CMSP432_init                    
00000ca1  I2CMSP432_open                    
000018e5  I2CMSP432_transfer                
00004785  I2C_Params_init                   
00004ad8  I2C_config                        
00004b9b  I2C_count                         
00004b18  I2C_defaultParams                 
00003ced  I2C_init                          
0000348d  I2C_masterSendMultiByteFinish     
00003f0d  I2C_open                          
000045d9  I2C_transfer                      
00002f09  Interrupt_disableInterrupt        
00004795  Interrupt_disableMaster           
00002f89  Interrupt_enableInterrupt         
000047a5  Interrupt_enableMaster            
000035cd  Interrupt_pendInterrupt           
00003891  Interrupt_registerInterrupt       
00003a4d  Interrupt_setPriority             
00004509  Interrupt_unregisterInterrupt     
00004391  List_put                          
000043b7  List_remove                       
00004935  NoRTOS_start                      
000049a8  PowerMSP432_config                
00003635  PowerMSP432_getFreqs              
000047b5  PowerMSP432_getNumPerfLevels      
20008970  PowerMSP432_module                
20008830  PowerMSP432_perfLevels            
0000341b  PowerMSP432_updateFreqs           
000047c5  Power_disablePolicy               
000047d5  Power_enablePolicy                
00004891  Power_getPerformanceLevel         
000046a9  Power_idleFunc                    
000028d9  Power_init                        
000042f1  Power_registerNotify              
00003bd1  Power_releaseConstraint           
00004141  Power_setConstraint               
00004489  Power_unregisterNotify            
00004835  QueueP_empty                      
0000455b  QueueP_get                        
0000493d  QueueP_head                       
00004927  QueueP_init                       
00004941  QueueP_next                       
000044a9  QueueP_put                        
00004843  QueueP_remove                     
0000471f  RingBuf_construct                 
00003f4d  RingBuf_get                       
000044c9  RingBuf_peek                      
00003ca7  RingBuf_put                       
000047e5  SemaphoreP_Params_init            
00003aa1  SemaphoreP_construct              
00004667  SemaphoreP_create                 
00004575  SemaphoreP_createBinary           
200089ec  SemaphoreP_defaultParams          
00004945  SemaphoreP_delete                 
00002799  SemaphoreP_pend                   
00003d31  SemaphoreP_post                   
000047f5  SwiP_Params_init                  
00001f15  SwiP_construct                    
00002975  SwiP_dispatch                     
0000369d  SwiP_post                         
000045f1  SysCtl_A_disableNMISource         
00004609  SysCtl_A_enableNMISource          
00004805  SysCtl_A_getNMISourceStatus       
00004949  SystemP_vsnprintf                 
00004815  TimerP_Params_init                
00001c7d  TimerP_construct                  
00003945  TimerP_dynamicStub                
000034f9  TimerP_getCurrentTick             
0000489d  TimerP_getFreq                    
000048a9  TimerP_getMaxTicks                
000040cd  TimerP_initDevice                 
00003f8d  TimerP_setNextTick                
0000494d  TimerP_setPeriod                  
00003d75  TimerP_start                      
00002b43  UARTMSP432_close                  
000022dd  UARTMSP432_control                
00004a0c  UARTMSP432_fxnTable               
00001fed  UARTMSP432_hwiIntFxn              
0000348b  UARTMSP432_init                   
00000749  UARTMSP432_open                   
00003fcd  UARTMSP432_read                   
00004179  UARTMSP432_readCancel             
00001d5d  UARTMSP432_readPolling            
00002649  UARTMSP432_write                  
000032cd  UARTMSP432_writeCancel            
00002391  UARTMSP432_writePolling           
00004621  UART_Params_init                  
000048c1  UART_close                        
00004b54  UART_config                       
000048cb  UART_control                      
00004b9c  UART_count                        
00004a5c  UART_defaultParams                
00003db9  UART_init                         
000014b1  UART_initModule                   
0000400d  UART_open                         
000048d5  UART_write                        
000033ad  VL6180X_configureDefault          
00001345  VL6180X_init                      
00003ec9  VL6180X_readRange                 
00004731  VL6180X_readRangeStatus           
000044e9  VL6180X_startRange                
4000480c  WDTCTL_SYM                        
20010000  __STACK_END                       
00001000  __STACK_SIZE                      
00008000  __SYSMEM_SIZE                     
00004c58  __TI_CINIT_Base                   
00004c70  __TI_CINIT_Limit                  
00004c3c  __TI_Handler_Table_Base           
00004c48  __TI_Handler_Table_Limit          
00003dfd  __TI_auto_init_nobinit_nopinit    
00003705  __TI_decompress_lzss              
00004851  __TI_decompress_none              
ffffffff  __TI_pprof_out_hndl               
ffffffff  __TI_prof_data_size               
ffffffff  __TI_prof_data_start              
00004ba0  __TI_static_base__                
000048b5  __TI_zero_init                    
00002d7d  __aeabi_cdcmpeq                   
00002d7d  __aeabi_cdcmple                   
00003c19  __aeabi_d2iz                      
00003e85  __aeabi_d2uiz                     
00000ea3  __aeabi_dadd                      
000017e9  __aeabi_dmul                      
00000e99  __aeabi_dsub                      
00004245  __aeabi_i2d                       
000045bf  __aeabi_idiv0                     
000045bf  __aeabi_ldiv0                     
00003009  __aeabi_memclr                    
00003009  __aeabi_memclr4                   
00003009  __aeabi_memclr8                   
00002a11  __aeabi_memcpy                    
00002a11  __aeabi_memcpy4                   
00002a11  __aeabi_memcpy8                   
0000300b  __aeabi_memset                    
0000300b  __aeabi_memset4                   
0000300b  __aeabi_memset8                   
0000408d  __aeabi_uidiv                     
0000408d  __aeabi_uidivmod                  
00002aad  __aeabi_uldivmod                  
ffffffff  __binit__                         
ffffffff  __c_args__                        
UNDEFED   __mpu_init                        
2000f000  __stack                           
20000000  __start___llvm_prf_cnts           
20000000  __stop___llvm_prf_cnts            
000041b1  _c_int00_noargs                   
200089dc  _lock                             
00003a4b  _nop                              
20000000  _sys_memory                       
UNDEFED   _system_post_cinit                
00004951  _system_pre_init                  
200089e0  _unlock                           
00004955  abort                             
000016e9  aligned_alloc                     
ffffffff  binit                             
00003f0b  clkFxn                            
00004b04  displayUartHWAttrs                
200086a4  displayUartObject                 
00001ab9  free                              
20008c00  g_pfnRAMVectors                   
2000899c  gpioCallbackFunctions             
200089b0  gpioPinConfigs                    
200086e8  i2c0                              
200086ec  i2c1                              
00004a34  i2cMSP432HWAttrs                  
200084a0  i2cMSP432Objects                  
20008684  i2cParams                         
20008668  i2cTransaction                    
00000000  interruptVectors                  
00004743  main                              
00000145  mainThread                        
000048ef  malloc                            
000016e9  memalign                          
00002a11  memcpy                            
00003011  memset                            
200086b0  readBuffer                        
00003175  readReg                           
00002cf5  readReg16Bit                      
00004639  resetISR                          
20008a0d  retVal                            
000046f9  strlen                            
20008540  uartMSP432Objects                 
200086bc  writeBuffer                       
000031e9  writeReg                          
00002e05  writeReg16Bit                     


GLOBAL SYMBOLS: SORTED BY Symbol Address 

address   name                              
-------   ----                              
00000000  interruptVectors                  
00000145  mainThread                        
00000749  UARTMSP432_open                   
00000ca1  I2CMSP432_open                    
00000e99  __aeabi_dsub                      
00000ea3  __aeabi_dadd                      
00001000  __STACK_SIZE                      
0000104f  I2CMSP432_hwiIntFxn               
000011d3  Board_initHook                    
000011d5  GPIO_setConfig                    
00001345  VL6180X_init                      
000014b1  UART_initModule                   
000016e9  aligned_alloc                     
000016e9  memalign                          
000017e9  __aeabi_dmul                      
000018e5  I2CMSP432_transfer                
000019d5  CS_startHFXTWithTimeout           
00001ab9  free                              
00001b9d  CS_startLFXTWithTimeout           
00001c7d  TimerP_construct                  
00001d5d  UARTMSP432_readPolling            
00001f15  SwiP_construct                    
00001fed  UARTMSP432_hwiIntFxn              
000020b7  DisplayUartMin_clear              
00002229  ClockP_startup                    
000022dd  UARTMSP432_control                
00002391  UARTMSP432_writePolling           
00002445  ClockP_workFuncDynamic            
000024f1  GPIO_init                         
0000259d  I2CMSP432_cancel                  
00002649  UARTMSP432_write                  
00002799  SemaphoreP_pend                   
000028d9  Power_init                        
00002975  SwiP_dispatch                     
00002a11  __aeabi_memcpy                    
00002a11  __aeabi_memcpy4                   
00002a11  __aeabi_memcpy8                   
00002a11  memcpy                            
00002aad  __aeabi_uldivmod                  
00002b43  UARTMSP432_close                  
00002cf3  DisplayUartMin_clearLines         
00002cf5  readReg16Bit                      
00002d7d  __aeabi_cdcmpeq                   
00002d7d  __aeabi_cdcmple                   
00002e03  DisplayUartMin_init               
00002e05  writeReg16Bit                     
00002e89  ClockP_start                      
00002f09  Interrupt_disableInterrupt        
00002f89  Interrupt_enableInterrupt         
00003009  __aeabi_memclr                    
00003009  __aeabi_memclr4                   
00003009  __aeabi_memclr8                   
0000300b  __aeabi_memset                    
0000300b  __aeabi_memset4                   
0000300b  __aeabi_memset8                   
00003011  memset                            
00003083  I2CMSP432_init                    
00003085  ClockP_walkQueueDynamic           
000030fd  I2CMSP432_close                   
00003175  readReg                           
000031e9  writeReg                          
0000325d  HwiP_construct                    
000032cd  UARTMSP432_writeCancel            
000033ad  VL6180X_configureDefault          
0000341b  PowerMSP432_updateFreqs           
0000348b  UARTMSP432_init                   
0000348d  I2C_masterSendMultiByteFinish     
000034f9  TimerP_getCurrentTick             
00003565  GPIO_hwiIntFxn                    
000035cd  Interrupt_pendInterrupt           
00003635  PowerMSP432_getFreqs              
0000369d  SwiP_post                         
00003705  __TI_decompress_lzss              
000037d5  GPIO_setCallback                  
00003835  Display_doOpen                    
00003891  Interrupt_registerInterrupt       
000038ed  GPIO_write                        
00003945  TimerP_dynamicStub                
00003a4b  _nop                              
00003a4d  Interrupt_setPriority             
00003aa1  SemaphoreP_construct              
00003b3d  DisplayUartMin_open               
00003b89  ClockP_construct                  
00003bd1  Power_releaseConstraint           
00003c19  __aeabi_d2iz                      
00003c61  DisplayUartMin_vprintf            
00003ca7  RingBuf_put                       
00003ced  I2C_init                          
00003d31  SemaphoreP_post                   
00003d75  TimerP_start                      
00003db9  UART_init                         
00003dfd  __TI_auto_init_nobinit_nopinit    
00003e85  __aeabi_d2uiz                     
00003ec9  VL6180X_readRange                 
00003f0b  clkFxn                            
00003f0d  I2C_open                          
00003f4d  RingBuf_get                       
00003f8d  TimerP_setNextTick                
00003fcd  UARTMSP432_read                   
0000400d  UART_open                         
0000408d  __aeabi_uidiv                     
0000408d  __aeabi_uidivmod                  
000040cd  TimerP_initDevice                 
00004109  GPIO_toggle                       
00004141  Power_setConstraint               
00004179  UARTMSP432_readCancel             
000041b1  _c_int00_noargs                   
00004245  __aeabi_i2d                       
00004273  Display_doPrintf                  
0000429d  HwiP_create                       
000042c9  Display_doInit                    
000042f1  Power_registerNotify              
00004391  List_put                          
000043b7  List_remove                       
000043dd  ClockP_getTicks                   
00004401  ClockP_scheduleNextTick           
00004425  HwiP_dispatch                     
00004449  CS_setExternalClockSourceFrequency
00004469  ClockP_add                        
00004489  Power_unregisterNotify            
000044a9  QueueP_put                        
000044c9  RingBuf_peek                      
000044e9  VL6180X_startRange                
00004509  Interrupt_unregisterInterrupt     
00004541  ClockP_create                     
0000455b  QueueP_get                        
00004575  SemaphoreP_createBinary           
0000458f  ClockP_destruct                   
000045a7  HwiP_delete                       
000045bf  __aeabi_idiv0                     
000045bf  __aeabi_ldiv0                     
000045c1  HwiP_inISR                        
000045d9  I2C_transfer                      
000045f1  SysCtl_A_disableNMISource         
00004609  SysCtl_A_enableNMISource          
00004621  UART_Params_init                  
00004639  resetISR                          
00004651  DisplayUartMin_close              
00004667  SemaphoreP_create                 
000046a9  Power_idleFunc                    
000046f9  strlen                            
0000470d  HwiP_Params_init                  
0000471f  RingBuf_construct                 
00004731  VL6180X_readRangeStatus           
00004743  main                              
00004755  ClockP_Params_init                
00004765  ClockP_delete                     
00004775  HwiP_disable                      
00004785  I2C_Params_init                   
00004795  Interrupt_disableMaster           
000047a5  Interrupt_enableMaster            
000047b5  PowerMSP432_getNumPerfLevels      
000047c5  Power_disablePolicy               
000047d5  Power_enablePolicy                
000047e5  SemaphoreP_Params_init            
000047f5  SwiP_Params_init                  
00004805  SysCtl_A_getNMISourceStatus       
00004815  TimerP_Params_init                
00004835  QueueP_empty                      
00004843  QueueP_remove                     
00004851  __TI_decompress_none              
0000485f  Board_init                        
0000486b  CPU_cpsid                         
00004877  CPU_cpsie                         
00004885  ClockP_doTick                     
00004891  Power_getPerformanceLevel         
0000489d  TimerP_getFreq                    
000048a9  TimerP_getMaxTicks                
000048b5  __TI_zero_init                    
000048c1  UART_close                        
000048cb  UART_control                      
000048d5  UART_write                        
000048df  HwiP_restore                      
000048ef  malloc                            
0000490f  ClockP_stop                       
00004915  DisplayUartMin_control            
0000491b  DisplayUartMin_getType            
00004921  I2CMSP432_control                 
00004927  QueueP_init                       
0000492d  ClockP_isActive                   
00004931  ClockP_setTimeout                 
00004935  HwiP_enable                       
00004935  NoRTOS_start                      
00004939  HwiP_post                         
0000493d  QueueP_head                       
00004941  QueueP_next                       
00004945  SemaphoreP_delete                 
00004949  SystemP_vsnprintf                 
0000494d  TimerP_setPeriod                  
00004951  _system_pre_init                  
00004955  C$$EXIT                           
00004955  abort                             
000049a8  PowerMSP432_config                
00004a0c  UARTMSP432_fxnTable               
00004a34  i2cMSP432HWAttrs                  
00004a5c  UART_defaultParams                
00004a80  DisplayUartMin_fxnTable           
00004ac0  I2CMSP432_fxnTable                
00004ad8  I2C_config                        
00004af0  GPIOMSP432_config                 
00004b04  displayUartHWAttrs                
00004b18  I2C_defaultParams                 
00004b48  Display_config                    
00004b54  UART_config                       
00004b95  Display_defaultParams             
00004b9a  Display_count                     
00004b9b  I2C_count                         
00004b9c  UART_count                        
00004ba0  __TI_static_base__                
00004c3c  __TI_Handler_Table_Base           
00004c48  __TI_Handler_Table_Limit          
00004c58  __TI_CINIT_Base                   
00004c70  __TI_CINIT_Limit                  
00008000  __SYSMEM_SIZE                     
20000000  __start___llvm_prf_cnts           
20000000  __stop___llvm_prf_cnts            
20000000  _sys_memory                       
200084a0  i2cMSP432Objects                  
20008540  uartMSP432Objects                 
20008668  i2cTransaction                    
20008684  i2cParams                         
200086a4  displayUartObject                 
200086b0  readBuffer                        
200086bc  writeBuffer                       
200086e8  i2c0                              
200086ec  i2c1                              
20008830  PowerMSP432_perfLevels            
20008970  PowerMSP432_module                
2000899c  gpioCallbackFunctions             
200089b0  gpioPinConfigs                    
200089dc  _lock                             
200089e0  _unlock                           
200089ec  SemaphoreP_defaultParams          
200089f8  ClockP_tickPeriod                 
200089fc  HwiP_key                          
20008a00  HwiP_swiPIntNum                   
20008a0d  retVal                            
20008c00  g_pfnRAMVectors                   
2000f000  __stack                           
20010000  __STACK_END                       
4000480c  WDTCTL_SYM                        
ffffffff  __TI_pprof_out_hndl               
ffffffff  __TI_prof_data_size               
ffffffff  __TI_prof_data_start              
ffffffff  __binit__                         
ffffffff  __c_args__                        
ffffffff  binit                             
UNDEFED   __mpu_init                        
UNDEFED   _system_post_cinit                

[249 symbols]
